Component: ARM Compiler 5.06 update 5 (build 528) Tool: armlink [4d35e2]

==============================================================================

Section Cross References

    startup_stm32f103xb.o(STACK) refers (Special) to heapauxi.o(.text) for __use_two_region_memory
    startup_stm32f103xb.o(HEAP) refers (Special) to heapauxi.o(.text) for __use_two_region_memory
    startup_stm32f103xb.o(RESET) refers (Special) to heapauxi.o(.text) for __use_two_region_memory
    startup_stm32f103xb.o(RESET) refers to startup_stm32f103xb.o(STACK) for __initial_sp
    startup_stm32f103xb.o(RESET) refers to startup_stm32f103xb.o(.text) for Reset_Handler
    startup_stm32f103xb.o(RESET) refers to stm32f1xx_it.o(i.NMI_Handler) for NMI_Handler
    startup_stm32f103xb.o(RESET) refers to stm32f1xx_it.o(i.HardFault_Handler) for HardFault_Handler
    startup_stm32f103xb.o(RESET) refers to stm32f1xx_it.o(i.MemManage_Handler) for MemManage_Handler
    startup_stm32f103xb.o(RESET) refers to stm32f1xx_it.o(i.BusFault_Handler) for BusFault_Handler
    startup_stm32f103xb.o(RESET) refers to stm32f1xx_it.o(i.UsageFault_Handler) for UsageFault_Handler
    startup_stm32f103xb.o(RESET) refers to stm32f1xx_it.o(i.SVC_Handler) for SVC_Handler
    startup_stm32f103xb.o(RESET) refers to stm32f1xx_it.o(i.DebugMon_Handler) for DebugMon_Handler
    startup_stm32f103xb.o(RESET) refers to stm32f1xx_it.o(i.PendSV_Handler) for PendSV_Handler
    startup_stm32f103xb.o(RESET) refers to stm32f1xx_it.o(i.SysTick_Handler) for SysTick_Handler
    startup_stm32f103xb.o(RESET) refers to stm32f1xx_it.o(i.EXTI2_IRQHandler) for EXTI2_IRQHandler
    startup_stm32f103xb.o(RESET) refers to stm32f1xx_it.o(i.DMA1_Channel2_IRQHandler) for DMA1_Channel2_IRQHandler
    startup_stm32f103xb.o(RESET) refers to stm32f1xx_it.o(i.DMA1_Channel3_IRQHandler) for DMA1_Channel3_IRQHandler
    startup_stm32f103xb.o(RESET) refers to stm32f1xx_it.o(i.EXTI9_5_IRQHandler) for EXTI9_5_IRQHandler
    startup_stm32f103xb.o(RESET) refers to stm32f1xx_it.o(i.TIM2_IRQHandler) for TIM2_IRQHandler
    startup_stm32f103xb.o(RESET) refers to stm32f1xx_it.o(i.USART3_IRQHandler) for USART3_IRQHandler
    startup_stm32f103xb.o(.text) refers (Special) to heapauxi.o(.text) for __use_two_region_memory
    startup_stm32f103xb.o(.text) refers to system_stm32f1xx.o(i.SystemInit) for SystemInit
    startup_stm32f103xb.o(.text) refers to __main.o(!!!main) for __main
    startup_stm32f103xb.o(.text) refers to startup_stm32f103xb.o(HEAP) for Heap_Mem
    startup_stm32f103xb.o(.text) refers to startup_stm32f103xb.o(STACK) for Stack_Mem
    main.o(i.All_Init) refers to oled.o(i.OLED_Init) for OLED_Init
    main.o(i.All_Init) refers to mpu6050.o(i.MPU_DMP_Init) for MPU_DMP_Init
    main.o(i.All_Init) refers to pwm.o(i.PWM_Init) for PWM_Init
    main.o(i.All_Init) refers to encoder.o(i.Encoder_Init) for Encoder_Init
    main.o(i.All_Init) refers to hc_sr04.o(i.HC_SR04_Init) for HC_SR04_Init
    main.o(i.All_Init) refers to serial_dma.o(i.Serial_DMA_Init) for Serial_DMA_Init
    main.o(i.HAL_GPIO_EXTI_Callback) refers to hc_sr04.o(i.HC_SR04_IRQHandler) for HC_SR04_IRQHandler
    main.o(i.HAL_GPIO_EXTI_Callback) refers to mpu6050.o(i.MPU_DMP_ReadData) for MPU_DMP_ReadData
    main.o(i.HAL_GPIO_EXTI_Callback) refers to encoder.o(i.Encoder_Get) for Encoder_Get
    main.o(i.HAL_GPIO_EXTI_Callback) refers to fflt_clz.o(x$fpl$fflt) for __aeabi_i2f
    main.o(i.HAL_GPIO_EXTI_Callback) refers to pid.o(i.Speed_PID_Update) for Speed_PID_Update
    main.o(i.HAL_GPIO_EXTI_Callback) refers to faddsub_clz.o(x$fpl$fsub) for __aeabi_fsub
    main.o(i.HAL_GPIO_EXTI_Callback) refers to pid.o(i.Vertical_PID_Update) for Vertical_PID_Update
    main.o(i.HAL_GPIO_EXTI_Callback) refers to ffix.o(x$fpl$ffix) for __aeabi_f2iz
    main.o(i.HAL_GPIO_EXTI_Callback) refers to motor.o(i.Motor_SetPWM) for Motor_SetPWM
    main.o(i.HAL_GPIO_EXTI_Callback) refers to main.o(.data) for .data
    main.o(i.HAL_GPIO_EXTI_Callback) refers to main.o(.bss) for .bss
    main.o(i.SystemClock_Config) refers to rt_memclr_w.o(.text) for __aeabi_memclr4
    main.o(i.SystemClock_Config) refers to stm32f1xx_hal_rcc.o(i.HAL_RCC_OscConfig) for HAL_RCC_OscConfig
    main.o(i.SystemClock_Config) refers to stm32f1xx_hal_rcc.o(i.HAL_RCC_ClockConfig) for HAL_RCC_ClockConfig
    main.o(i.main) refers to stm32f1xx_hal.o(i.HAL_Init) for HAL_Init
    main.o(i.main) refers to main.o(i.SystemClock_Config) for SystemClock_Config
    main.o(i.main) refers to gpio.o(i.MX_GPIO_Init) for MX_GPIO_Init
    main.o(i.main) refers to dma.o(i.MX_DMA_Init) for MX_DMA_Init
    main.o(i.main) refers to tim.o(i.MX_TIM1_Init) for MX_TIM1_Init
    main.o(i.main) refers to tim.o(i.MX_TIM2_Init) for MX_TIM2_Init
    main.o(i.main) refers to tim.o(i.MX_TIM4_Init) for MX_TIM4_Init
    main.o(i.main) refers to tim.o(i.MX_TIM3_Init) for MX_TIM3_Init
    main.o(i.main) refers to usart.o(i.MX_USART3_UART_Init) for MX_USART3_UART_Init
[...]
    __aeabi_memclr                           0x08000a89   Thumb Code     0  rt_memclr.o(.text)
    __rt_memclr                              0x08000a89   Thumb Code    68  rt_memclr.o(.text)
    _memset                                  0x08000a8d   Thumb Code     0  rt_memclr.o(.text)
    __aeabi_errno_addr                       0x08000acd   Thumb Code     8  rt_errno_addr_intlibspace.o(.text)
    __errno$intlibspace                      0x08000acd   Thumb Code     0  rt_errno_addr_intlibspace.o(.text)
    __rt_errno_addr$intlibspace              0x08000acd   Thumb Code     0  rt_errno_addr_intlibspace.o(.text)
    _ll_udiv10                               0x08000ad5   Thumb Code   138  lludiv10.o(.text)
    _printf_int_common                       0x08000b5f   Thumb Code   178  _printf_intcommon.o(.text)
    __lib_sel_fp_printf                      0x08000c11   Thumb Code     2  _printf_fp_dec.o(.text)
    _printf_fp_dec_real                      0x08000dc3   Thumb Code   620  _printf_fp_dec.o(.text)
    _printf_fp_hex_real                      0x08001031   Thumb Code   756  _printf_fp_hex.o(.text)
    _printf_cs_common                        0x0800132d   Thumb Code    20  _printf_char.o(.text)
    _printf_char                             0x08001341   Thumb Code    16  _printf_char.o(.text)
    _printf_string                           0x08001351   Thumb Code     8  _printf_char.o(.text)
    _printf_lcs_common                       0x08001359   Thumb Code    20  _printf_wchar.o(.text)
    _printf_wchar                            0x0800136d   Thumb Code    16  _printf_wchar.o(.text)
    _printf_wstring                          0x0800137d   Thumb Code     8  _printf_wchar.o(.text)
    _wcrtomb                                 0x08001385   Thumb Code    64  _wcrtomb.o(.text)
    __user_libspace                          0x080013c5   Thumb Code     8  libspace.o(.text)
    __user_perproc_libspace                  0x080013c5   Thumb Code     0  libspace.o(.text)
    __user_perthread_libspace                0x080013c5   Thumb Code     0  libspace.o(.text)
    __user_setup_stackheap                   0x080013cd   Thumb Code    74  sys_stackheap_outer.o(.text)
    __rt_ctype_table                         0x08001419   Thumb Code    16  rt_ctype_table.o(.text)
    __rt_locale                              0x08001429   Thumb Code     8  rt_locale_intlibspace.o(.text)
    _printf_fp_infnan                        0x08001431   Thumb Code   112  _printf_fp_infnan.o(.text)
    _btod_etento                             0x080014b1   Thumb Code   224  bigflt0.o(.text)
    exit                                     0x08001595   Thumb Code    18  exit.o(.text)
    _sys_exit                                0x080015a9   Thumb Code     8  sys_exit.o(.text)
    __I$use$semihosting                      0x080015b5   Thumb Code     0  use_no_semi.o(.text)
    __use_no_semihosting_swi                 0x080015b5   Thumb Code     2  use_no_semi.o(.text)
    __semihosting_library_function           0x080015b7   Thumb Code     0  indicate_semi.o(.text)
    _btod_d2e                                0x080015b7   Thumb Code    62  btod.o(CL$$btod_d2e)
    _d2e_denorm_low                          0x080015f5   Thumb Code    70  btod.o(CL$$btod_d2e_denorm_low)
    _d2e_norm_op1                            0x0800163b   Thumb Code    96  btod.o(CL$$btod_d2e_norm_op1)
    __btod_div_common                        0x0800169b   Thumb Code   696  btod.o(CL$$btod_div_common)
    _e2e                                     0x080019d3   Thumb Code   220  btod.o(CL$$btod_e2e)
    _btod_ediv                               0x08001aaf   Thumb Code    42  btod.o(CL$$btod_ediv)
    _btod_emul                               0x08001ad9   Thumb Code    42  btod.o(CL$$btod_emul)
    __btod_mult_common                       0x08001b03   Thumb Code   580  btod.o(CL$$btod_mult_common)
    All_Init                                 0x08001d47   Thumb Code    30  main.o(i.All_Init)
    BusFault_Handler                         0x08001d65   Thumb Code     2  stm32f1xx_it.o(i.BusFault_Handler)
    DMA1_Channel2_IRQHandler                 0x08001d69   Thumb Code     6  stm32f1xx_it.o(i.DMA1_Channel2_IRQHandler)
    DMA1_Channel3_IRQHandler                 0x08001d75   Thumb Code     6  stm32f1xx_it.o(i.DMA1_Channel3_IRQHandler)
    DebugMon_Handler                         0x08001dab   Thumb Code     2  stm32f1xx_it.o(i.DebugMon_Handler)
    Delay_us                                 0x08001dad   Thumb Code    24  delay.o(i.Delay_us)
    EXTI2_IRQHandler                         0x08001dc5   Thumb Code     6  stm32f1xx_it.o(i.EXTI2_IRQHandler)
    EXTI9_5_IRQHandler                       0x08001dcb   Thumb Code     6  stm32f1xx_it.o(i.EXTI9_5_IRQHandler)
    Encoder_Get                              0x08001dd1   Thumb Code    32  encoder.o(i.Encoder_Get)
    Encoder_Init                             0x08001df9   Thumb Code    22  encoder.o(i.Encoder_Init)
    Error_Handler                            0x08001e19   Thumb Code     4  main.o(i.Error_Handler)
    HAL_DMA_Abort                            0x08001e1d   Thumb Code    70  stm32f1xx_hal_dma.o(i.HAL_DMA_Abort)
    HAL_DMA_Abort_IT                         0x08001e65   Thumb Code   148  stm32f1xx_hal_dma.o(i.HAL_DMA_Abort_IT)
    HAL_DMA_IRQHandler                       0x08001efd   Thumb Code   316  stm32f1xx_hal_dma.o(i.HAL_DMA_IRQHandler)
    HAL_DMA_Init                             0x08002051   Thumb Code    84  stm32f1xx_hal_dma.o(i.HAL_DMA_Init)
    HAL_DMA_Start_IT                         0x080020ad   Thumb Code   112  stm32f1xx_hal_dma.o(i.HAL_DMA_Start_IT)
    HAL_Delay                                0x0800211d   Thumb Code    32  stm32f1xx_hal.o(i.HAL_Delay)
    HAL_GPIO_EXTI_Callback                   0x08002141   Thumb Code   150  main.o(i.HAL_GPIO_EXTI_Callback)
    HAL_GPIO_EXTI_IRQHandler                 0x080021e9   Thumb Code    18  stm32f1xx_hal_gpio.o(i.HAL_GPIO_EXTI_IRQHandler)
    HAL_GPIO_Init                            0x08002201   Thumb Code   446  stm32f1xx_hal_gpio.o(i.HAL_GPIO_Init)
    HAL_GPIO_ReadPin                         0x080023e1   Thumb Code    10  stm32f1xx_hal_gpio.o(i.HAL_GPIO_ReadPin)
    HAL_GPIO_WritePin                        0x080023eb   Thumb Code    10  stm32f1xx_hal_gpio.o(i.HAL_GPIO_WritePin)
    HAL_GetTick                              0x080023f5   Thumb Code     6  stm32f1xx_hal.o(i.HAL_GetTick)
    HAL_IncTick                              0x08002401   Thumb Code    12  stm32f1xx_hal.o(i.HAL_IncTick)
    HAL_Init                                 0x08002411   Thumb Code    32  stm32f1xx_hal.o(i.HAL_Init)
    HAL_InitTick                             0x08002435   Thumb Code    54  stm32f1xx_hal.o(i.HAL_InitTick)
    HAL_MspInit                              0x08002475   Thumb Code    52  stm32f1xx_hal_msp.o(i.HAL_MspInit)
    HAL_NVIC_EnableIRQ                       0x080024b1   Thumb Code    26  stm32f1xx_hal_cortex.o(i.HAL_NVIC_EnableIRQ)
    HAL_NVIC_SetPriority                     0x080024cd   Thumb Code    60  stm32f1xx_hal_cortex.o(i.HAL_NVIC_SetPriority)
    HAL_NVIC_SetPriorityGrouping             0x0800250d   Thumb Code    26  stm32f1xx_hal_cortex.o(i.HAL_NVIC_SetPriorityGrouping)
    HAL_RCC_ClockConfig                      0x08002531   Thumb Code   280  stm32f1xx_hal_rcc.o(i.HAL_RCC_ClockConfig)
    HAL_RCC_GetPCLK1Freq                     0x0800265d   Thumb Code    20  stm32f1xx_hal_rcc.o(i.HAL_RCC_GetPCLK1Freq)
    HAL_RCC_GetPCLK2Freq                     0x0800267d   Thumb Code    20  stm32f1xx_hal_rcc.o(i.HAL_RCC_GetPCLK2Freq)
    HAL_RCC_GetSysClockFreq                  0x0800269d   Thumb Code    58  stm32f1xx_hal_rcc.o(i.HAL_RCC_GetSysClockFreq)
    HAL_RCC_OscConfig                        0x080026e9   Thumb Code   778  stm32f1xx_hal_rcc.o(i.HAL_RCC_OscConfig)
    HAL_SYSTICK_Config                       0x08002a09   Thumb Code    40  stm32f1xx_hal_cortex.o(i.HAL_SYSTICK_Config)
    HAL_TIMEx_BreakCallback                  0x08002a31   Thumb Code     2  stm32f1xx_hal_tim_ex.o(i.HAL_TIMEx_BreakCallback)
    HAL_TIMEx_CommutCallback                 0x08002a33   Thumb Code     2  stm32f1xx_hal_tim_ex.o(i.HAL_TIMEx_CommutCallback)
    HAL_TIMEx_ConfigBreakDeadTime            0x08002a35   Thumb Code    84  stm32f1xx_hal_tim_ex.o(i.HAL_TIMEx_ConfigBreakDeadTime)
    HAL_TIMEx_MasterConfigSynchronization    0x08002a89   Thumb Code    92  stm32f1xx_hal_tim_ex.o(i.HAL_TIMEx_MasterConfigSynchronization)
    HAL_TIM_Base_Init                        0x08002af1   Thumb Code    90  stm32f1xx_hal_tim.o(i.HAL_TIM_Base_Init)
    HAL_TIM_Base_MspInit                     0x08002b4d   Thumb Code    52  tim.o(i.HAL_TIM_Base_MspInit)
    HAL_TIM_Base_Start                       0x08002b8d   Thumb Code    66  stm32f1xx_hal_tim.o(i.HAL_TIM_Base_Start)
    HAL_TIM_ConfigClockSource                0x08002bdd   Thumb Code   220  stm32f1xx_hal_tim.o(i.HAL_TIM_ConfigClockSource)
    HAL_TIM_Encoder_Init                     0x08002cb9   Thumb Code   164  stm32f1xx_hal_tim.o(i.HAL_TIM_Encoder_Init)
    HAL_TIM_Encoder_MspInit                  0x08002d5d   Thumb Code   140  tim.o(i.HAL_TIM_Encoder_MspInit)
    HAL_TIM_Encoder_Start                    0x08002df9   Thumb Code   142  stm32f1xx_hal_tim.o(i.HAL_TIM_Encoder_Start)
    HAL_TIM_IC_CaptureCallback               0x08002e87   Thumb Code     2  stm32f1xx_hal_tim.o(i.HAL_TIM_IC_CaptureCallback)
    HAL_TIM_IRQHandler                       0x08002e89   Thumb Code   304  stm32f1xx_hal_tim.o(i.HAL_TIM_IRQHandler)
    HAL_TIM_MspPostInit                      0x08002fb9   Thumb Code    64  tim.o(i.HAL_TIM_MspPostInit)
    HAL_TIM_OC_DelayElapsedCallback          0x08003005   Thumb Code     2  stm32f1xx_hal_tim.o(i.HAL_TIM_OC_DelayElapsedCallback)
    HAL_TIM_PWM_ConfigChannel                0x08003007   Thumb Code   204  stm32f1xx_hal_tim.o(i.HAL_TIM_PWM_ConfigChannel)
    HAL_TIM_PWM_Init                         0x080030d3   Thumb Code    90  stm32f1xx_hal_tim.o(i.HAL_TIM_PWM_Init)
    HAL_TIM_PWM_MspInit                      0x0800312d   Thumb Code     2  stm32f1xx_hal_tim.o(i.HAL_TIM_PWM_MspInit)
    HAL_TIM_PWM_PulseFinishedCallback        0x0800312f   Thumb Code     2  stm32f1xx_hal_tim.o(i.HAL_TIM_PWM_PulseFinishedCallback)
    HAL_TIM_PWM_Start                        0x08003131   Thumb Code   144  stm32f1xx_hal_tim.o(i.HAL_TIM_PWM_Start)
    HAL_TIM_PeriodElapsedCallback            0x080031cd   Thumb Code     2  stm32f1xx_hal_tim.o(i.HAL_TIM_PeriodElapsedCallback)
    HAL_TIM_TriggerCallback                  0x080031cf   Thumb Code     2  stm32f1xx_hal_tim.o(i.HAL_TIM_TriggerCallback)
    HAL_UARTEx_ReceiveToIdle_DMA             0x080031d1   Thumb Code    74  stm32f1xx_hal_uart.o(i.HAL_UARTEx_ReceiveToIdle_DMA)
    HAL_UARTEx_RxEventCallback               0x0800321d   Thumb Code    30  serial_dma.o(i.HAL_UARTEx_RxEventCallback)
    HAL_UART_ErrorCallback                   0x08003249   Thumb Code     2  stm32f1xx_hal_uart.o(i.HAL_UART_ErrorCallback)
    HAL_UART_IRQHandler                      0x0800324d   Thumb Code   616  stm32f1xx_hal_uart.o(i.HAL_UART_IRQHandler)
    HAL_UART_Init                            0x080034b9   Thumb Code   100  stm32f1xx_hal_uart.o(i.HAL_UART_Init)
    HAL_UART_MspInit                         0x0800351d   Thumb Code   198  usart.o(i.HAL_UART_MspInit)
    HAL_UART_RxCpltCallback                  0x080035f9   Thumb Code     2  stm32f1xx_hal_uart.o(i.HAL_UART_RxCpltCallback)
    HAL_UART_RxHalfCpltCallback              0x080035fb   Thumb Code     2  stm32f1xx_hal_uart.o(i.HAL_UART_RxHalfCpltCallback)
    HAL_UART_TxCpltCallback                  0x080035fd   Thumb Code    16  serial_dma.o(i.HAL_UART_TxCpltCallback)
    HC_SR04_GetDistance                      0x08003615   Thumb Code    36  hc_sr04.o(i.HC_SR04_GetDistance)
    HC_SR04_IRQHandler                       0x08003641   Thumb Code    62  hc_sr04.o(i.HC_SR04_IRQHandler)
    HC_SR04_Init                             0x0800368d   Thumb Code     6  hc_sr04.o(i.HC_SR04_Init)
    HardFault_Handler                        0x08003699   Thumb Code     2  stm32f1xx_it.o(i.HardFault_Handler)
    IIC_Ack                                  0x0800369d   Thumb Code    60  iic.o(i.IIC_Ack)
    IIC_GPIO_Init                            0x080036e9   Thumb Code    50  iic.o(i.IIC_GPIO_Init)
    IIC_NAck                                 0x08003725   Thumb Code    50  iic.o(i.IIC_NAck)
    IIC_Read_Byte                            0x0800375d   Thumb Code    84  iic.o(i.IIC_Read_Byte)
    IIC_Send_Byte                            0x080037b5   Thumb Code    86  iic.o(i.IIC_Send_Byte)
    IIC_Start                                0x08003811   Thumb Code    60  iic.o(i.IIC_Start)
    IIC_Stop                                 0x08003851   Thumb Code    42  iic.o(i.IIC_Stop)
    IIC_Wait_Ack                             0x08003881   Thumb Code    66  iic.o(i.IIC_Wait_Ack)
    MPU_DMP_Init                             0x080038c9   Thumb Code    20  mpu6050.o(i.MPU_DMP_Init)
    MPU_DMP_ReadData                         0x080038dd   Thumb Code   442  mpu6050.o(i.MPU_DMP_ReadData)
    MPU_Init                                 0x08003a9d   Thumb Code   118  mpu6050.o(i.MPU_Init)
    MPU_Read_Byte                            0x08003b13   Thumb Code    58  mpu6050.o(i.MPU_Read_Byte)
    MPU_Read_Len                             0x08003b4d   Thumb Code   108  mpu6050.o(i.MPU_Read_Len)
    MPU_Set_Accel_Fsr                        0x08003bb9   Thumb Code    10  mpu6050.o(i.MPU_Set_Accel_Fsr)
    MPU_Set_Gyro_Fsr                         0x08003bc3   Thumb Code    10  mpu6050.o(i.MPU_Set_Gyro_Fsr)
    MPU_Set_LPF                              0x08003bcd   Thumb Code    48  mpu6050.o(i.MPU_Set_LPF)
    MPU_Set_Rate                             0x08003bfd   Thumb Code    46  mpu6050.o(i.MPU_Set_Rate)
    MPU_Write_Byte                           0x08003c2b   Thumb Code    60  mpu6050.o(i.MPU_Write_Byte)
    MPU_Write_Len                            0x08003c67   Thumb Code    82  mpu6050.o(i.MPU_Write_Len)
    MX_DMA_Init                              0x08003cb9   Thumb Code    56  dma.o(i.MX_DMA_Init)
    MX_GPIO_Init                             0x08003cf5   Thumb Code   244  gpio.o(i.MX_GPIO_Init)
    MX_TIM1_Init                             0x08003dfd   Thumb Code   206  tim.o(i.MX_TIM1_Init)
    MX_TIM2_Init                             0x08003ed5   Thumb Code   100  tim.o(i.MX_TIM2_Init)
    MX_TIM3_Init                             0x08003f3d   Thumb Code    92  tim.o(i.MX_TIM3_Init)
    MX_TIM4_Init                             0x08003fa1   Thumb Code   100  tim.o(i.MX_TIM4_Init)
    MX_USART3_UART_Init                      0x0800400d   Thumb Code    48  usart.o(i.MX_USART3_UART_Init)
    MemManage_Handler                        0x08004045   Thumb Code     2  stm32f1xx_it.o(i.MemManage_Handler)
    Motor_SetPWM                             0x08004049   Thumb Code   130  motor.o(i.Motor_SetPWM)
    NMI_Handler                              0x080040d1   Thumb Code     2  stm32f1xx_it.o(i.NMI_Handler)
    OLED_Clear                               0x080040d5   Thumb Code    34  oled.o(i.OLED_Clear)
    OLED_ClearArea                           0x080040fd   Thumb Code    86  oled.o(i.OLED_ClearArea)
    OLED_GPIO_Init                           0x08004159   Thumb Code    42  oled.o(i.OLED_GPIO_Init)
    OLED_I2C_SendByte                        0x08004183   Thumb Code    58  oled.o(i.OLED_I2C_SendByte)
    OLED_I2C_Start                           0x080041bd   Thumb Code    30  oled.o(i.OLED_I2C_Start)
    OLED_I2C_Stop                            0x080041db   Thumb Code    24  oled.o(i.OLED_I2C_Stop)
    OLED_Init                                0x080041f3   Thumb Code   156  oled.o(i.OLED_Init)
    OLED_Printf                              0x0800428f   Thumb Code    42  oled.o(i.OLED_Printf)
    OLED_SetCursor                           0x080042b9   Thumb Code    34  oled.o(i.OLED_SetCursor)
    OLED_ShowChar                            0x080042dd   Thumb Code    52  oled.o(i.OLED_ShowChar)
    OLED_ShowImage                           0x08004319   Thumb Code   182  oled.o(i.OLED_ShowImage)
    OLED_ShowString                          0x080043d5   Thumb Code   356  oled.o(i.OLED_ShowString)
    OLED_Update                              0x08004541   Thumb Code    34  oled.o(i.OLED_Update)
    OLED_W_SCL                               0x08004569   Thumb Code    12  oled.o(i.OLED_W_SCL)
    OLED_W_SDA                               0x08004579   Thumb Code    12  oled.o(i.OLED_W_SDA)
    OLED_WriteCommand                        0x08004589   Thumb Code    34  oled.o(i.OLED_WriteCommand)
    OLED_WriteData                           0x080045ab   Thumb Code    48  oled.o(i.OLED_WriteData)
    PWM_Init                                 0x080045dd   Thumb Code    22  pwm.o(i.PWM_Init)
    PWM_Set_Compare1                         0x080045f9   Thumb Code     8  pwm.o(i.PWM_Set_Compare1)
    PWM_Set_Compare2                         0x08004605   Thumb Code     8  pwm.o(i.PWM_Set_Compare2)
    PendSV_Handler                           0x08004611   Thumb Code     2  stm32f1xx_it.o(i.PendSV_Handler)
    SVC_Handler                              0x08004613   Thumb Code     2  stm32f1xx_it.o(i.SVC_Handler)
    Serial_DMA_Init                          0x08004615   Thumb Code    22  serial_dma.o(i.Serial_DMA_Init)
    Speed_PID_Update                         0x08004639   Thumb Code   106  pid.o(i.Speed_PID_Update)
    SysTick_Handler                          0x080046b5   Thumb Code     4  stm32f1xx_it.o(i.SysTick_Handler)
    SystemClock_Config                       0x080046b9   Thumb Code    94  main.o(i.SystemClock_Config)
    SystemInit                               0x08004717   Thumb Code     2  system_stm32f1xx.o(i.SystemInit)
    TIM2_IRQHandler                          0x08004719   Thumb Code     6  stm32f1xx_it.o(i.TIM2_IRQHandler)
    TIM_Base_SetConfig                       0x08004725   Thumb Code   108  stm32f1xx_hal_tim.o(i.TIM_Base_SetConfig)
    TIM_CCxChannelCmd                        0x0800479d   Thumb Code    26  stm32f1xx_hal_tim.o(i.TIM_CCxChannelCmd)
    TIM_ETR_SetConfig                        0x080047b7   Thumb Code    20  stm32f1xx_hal_tim.o(i.TIM_ETR_SetConfig)
    TIM_OC2_SetConfig                        0x0800482d   Thumb Code    84  stm32f1xx_hal_tim.o(i.TIM_OC2_SetConfig)
    UART_Start_Receive_DMA                   0x08004c49   Thumb Code   130  stm32f1xx_hal_uart.o(i.UART_Start_Receive_DMA)
    USART3_IRQHandler                        0x08004cd9   Thumb Code     6  stm32f1xx_it.o(i.USART3_IRQHandler)
    UsageFault_Handler                       0x08004ce5   Thumb Code     2  stm32f1xx_it.o(i.UsageFault_Handler)
    Vertical_PID_Update                      0x08004ce7   Thumb Code    50  pid.o(i.Vertical_PID_Update)
    __ARM_fpclassify                         0x08004d19   Thumb Code    40  fpclassify.o(i.__ARM_fpclassify)
    __kernel_poly                            0x08004d61   Thumb Code   170  poly.o(i.__kernel_poly)
    __mathlib_dbl_infnan                     0x08004e0b   Thumb Code     6  dunder.o(i.__mathlib_dbl_infnan)
    __mathlib_dbl_infnan2                    0x08004e11   Thumb Code     4  dunder.o(i.__mathlib_dbl_infnan2)
    __mathlib_dbl_invalid                    0x08004e15   Thumb Code    12  dunder.o(i.__mathlib_dbl_invalid)
    __mathlib_dbl_underflow                  0x08004e21   Thumb Code    10  dunder.o(i.__mathlib_dbl_underflow)
    _is_digit                                0x08004e31   Thumb Code    14  __printf_wp.o(i._is_digit)
    asin                                     0x08004ec1   Thumb Code   572  asin.o(i.asin)
    atan                                     0x08005131   Thumb Code   474  atan.o(i.atan)
    atan2                                    0x08005351   Thumb Code   346  atan2.o(i.atan2)
    dmp_enable_6x_lp_quat                    0x080054d1   Thumb Code    58  inv_mpu_dmp_motion_driver.o(i.dmp_enable_6x_lp_quat)
    dmp_enable_feature                       0x0800550d   Thumb Code   464  inv_mpu_dmp_motion_driver.o(i.dmp_enable_feature)
    dmp_enable_gyro_cal                      0x080056e5   Thumb Code    34  inv_mpu_dmp_motion_driver.o(i.dmp_enable_gyro_cal)
    dmp_enable_lp_quat                       0x08005721   Thumb Code    58  inv_mpu_dmp_motion_driver.o(i.dmp_enable_lp_quat)
    dmp_load_motion_driver_firmware          0x0800575d   Thumb Code    16  inv_mpu_dmp_motion_driver.o(i.dmp_load_motion_driver_firmware)
    dmp_read_fifo                            0x08005771   Thumb Code   320  inv_mpu_dmp_motion_driver.o(i.dmp_read_fifo)
    dmp_set_accel_bias                       0x080058b5   Thumb Code   210  inv_mpu_dmp_motion_driver.o(i.dmp_set_accel_bias)
    dmp_set_fifo_rate                        0x0800598d   Thumb Code    82  inv_mpu_dmp_motion_driver.o(i.dmp_set_fifo_rate)
    dmp_set_gyro_bias                        0x080059f1   Thumb Code   196  inv_mpu_dmp_motion_driver.o(i.dmp_set_gyro_bias)
    dmp_set_orientation                      0x08005abd   Thumb Code   246  inv_mpu_dmp_motion_driver.o(i.dmp_set_orientation)
    dmp_set_shake_reject_thresh              0x08005bc9   Thumb Code    48  inv_mpu_dmp_motion_driver.o(i.dmp_set_shake_reject_thresh)
    dmp_set_shake_reject_time                0x08005bf9   Thumb Code    32  inv_mpu_dmp_motion_driver.o(i.dmp_set_shake_reject_time)
    dmp_set_shake_reject_timeout             0x08005c19   Thumb Code    32  inv_mpu_dmp_motion_driver.o(i.dmp_set_shake_reject_timeout)
    dmp_set_tap_axes                         0x08005c39   Thumb Code    64  inv_mpu_dmp_motion_driver.o(i.dmp_set_tap_axes)
    dmp_set_tap_count                        0x08005c79   Thumb Code    34  inv_mpu_dmp_motion_driver.o(i.dmp_set_tap_count)
    dmp_set_tap_thresh                       0x08005c9d   Thumb Code   274  inv_mpu_dmp_motion_driver.o(i.dmp_set_tap_thresh)
    dmp_set_tap_time                         0x08005dc5   Thumb Code    32  inv_mpu_dmp_motion_driver.o(i.dmp_set_tap_time)
    dmp_set_tap_time_multi                   0x08005de5   Thumb Code    32  inv_mpu_dmp_motion_driver.o(i.dmp_set_tap_time_multi)
    inv_orientation_matrix_to_scalar         0x08006299   Thumb Code    34  inv_mpu.o(i.inv_orientation_matrix_to_scalar)
    inv_row_2_scale                          0x080062bb   Thumb Code    72  inv_mpu.o(i.inv_row_2_scale)
    main                                     0x08006305   Thumb Code   106  main.o(i.main)
    mget_ms                                  0x08006395   Thumb Code     2  inv_mpu.o(i.mget_ms)
    mpu_configure_fifo                       0x08006399   Thumb Code    78  inv_mpu.o(i.mpu_configure_fifo)
    mpu_dmp_init                             0x080063ed   Thumb Code   152  inv_mpu.o(i.mpu_dmp_init)
    mpu_get_accel_fsr                        0x08006489   Thumb Code    54  inv_mpu.o(i.mpu_get_accel_fsr)
    mpu_get_accel_sens                       0x080064c5   Thumb Code    62  inv_mpu.o(i.mpu_get_accel_sens)
    mpu_get_gyro_fsr                         0x08006509   Thumb Code    48  inv_mpu.o(i.mpu_get_gyro_fsr)
    mpu_get_gyro_sens                        0x0800653d   Thumb Code    44  inv_mpu.o(i.mpu_get_gyro_sens)
    mpu_get_lpf                              0x0800657d   Thumb Code    52  inv_mpu.o(i.mpu_get_lpf)
    mpu_get_sample_rate                      0x080065b5   Thumb Code    22  inv_mpu.o(i.mpu_get_sample_rate)
    mpu_init                                 0x080065d1   Thumb Code   288  inv_mpu.o(i.mpu_init)
    mpu_load_firmware                        0x080066f5   Thumb Code   154  inv_mpu.o(i.mpu_load_firmware)
    mpu_lp_accel_mode                        0x08006795   Thumb Code   178  inv_mpu.o(i.mpu_lp_accel_mode)
    mpu_read_fifo_stream                     0x0800684d   Thumb Code   140  inv_mpu.o(i.mpu_read_fifo_stream)
    mpu_read_mem                             0x080068dd   Thumb Code    80  inv_mpu.o(i.mpu_read_mem)
    mpu_reset_fifo                           0x08006931   Thumb Code   346  inv_mpu.o(i.mpu_reset_fifo)
    mpu_run_self_test                        0x08006a91   Thumb Code   234  inv_mpu.o(i.mpu_run_self_test)
    mpu_set_accel_fsr                        0x08006b81   Thumb Code    98  inv_mpu.o(i.mpu_set_accel_fsr)
    mpu_set_bypass                           0x08006be9   Thumb Code   214  inv_mpu.o(i.mpu_set_bypass)
    mpu_set_dmp_state                        0x08006cc5   Thumb Code   114  inv_mpu.o(i.mpu_set_dmp_state)
    mpu_set_gyro_fsr                         0x08006d3d   Thumb Code   104  inv_mpu.o(i.mpu_set_gyro_fsr)
    mpu_set_int_latched                      0x08006da9   Thumb Code    94  inv_mpu.o(i.mpu_set_int_latched)
    mpu_set_lpf                              0x08006e0d   Thumb Code   102  inv_mpu.o(i.mpu_set_lpf)
    mpu_set_sample_rate                      0x08006e79   Thumb Code   124  inv_mpu.o(i.mpu_set_sample_rate)
    mpu_set_sensors                          0x08006ef9   Thumb Code   178  inv_mpu.o(i.mpu_set_sensors)
    mpu_write_mem                            0x08006fb1   Thumb Code    80  inv_mpu.o(i.mpu_write_mem)
    run_self_test                            0x08007005   Thumb Code   128  inv_mpu.o(i.run_self_test)
    sqrt                                     0x080070dd   Thumb Code    76  sqrt.o(i.sqrt)
    _get_lc_numeric                          0x08007129   Thumb Code    44  lc_numeric_c.o(locale$$code)
    _get_lc_ctype                            0x08007155   Thumb Code    44  lc_ctype_c.o(locale$$code)
    __aeabi_d2f                              0x08007181   Thumb Code     0  d2f.o(x$fpl$d2f)
    _d2f                                     0x08007181   Thumb Code    98  d2f.o(x$fpl$d2f)
    __aeabi_dadd                             0x080071e5   Thumb Code     0  daddsub_clz.o(x$fpl$dadd)
    _dadd                                    0x080071e5   Thumb Code   332  daddsub_clz.o(x$fpl$dadd)
    __fpl_dcheck_NaN1                        0x08007335   Thumb Code    10  dcheck1.o(x$fpl$dcheck1)
    __aeabi_ddiv                             0x08007345   Thumb Code     0  ddiv.o(x$fpl$ddiv)
    _ddiv                                    0x08007345   Thumb Code   552  ddiv.o(x$fpl$ddiv)
    __aeabi_dmul                             0x080075f5   Thumb Code     0  dmul.o(x$fpl$dmul)
    _dmul                                    0x080075f5   Thumb Code   332  dmul.o(x$fpl$dmul)
    __fpl_dnaninf                            0x08007749   Thumb Code   156  dnaninf.o(x$fpl$dnaninf)
    __fpl_dretinf                            0x080077e5   Thumb Code    12  dretinf.o(x$fpl$dretinf)
    __aeabi_drsub                            0x080077f1   Thumb Code     0  daddsub_clz.o(x$fpl$drsb)
    _drsb                                    0x080077f1   Thumb Code    22  daddsub_clz.o(x$fpl$drsb)
    _dsqrt                                   0x08007809   Thumb Code   456  dsqrt_noumaal.o(x$fpl$dsqrt)
    __aeabi_dsub                             0x080079d5   Thumb Code     0  daddsub_clz.o(x$fpl$dsub)
    _dsub                                    0x080079d5   Thumb Code   464  daddsub_clz.o(x$fpl$dsub)
    __aeabi_f2d                              0x08007ba9   Thumb Code     0  f2d.o(x$fpl$f2d)
    _f2d                                     0x08007ba9   Thumb Code    86  f2d.o(x$fpl$f2d)
    __aeabi_fadd                             0x08007c01   Thumb Code     0  faddsub_clz.o(x$fpl$fadd)
    _fadd                                    0x08007c01   Thumb Code   196  faddsub_clz.o(x$fpl$fadd)
    __fpl_fcheck_NaN1                        0x08007cc5   Thumb Code     6  fcheck1.o(x$fpl$fcheck1)
    __aeabi_fdiv                             0x08007cd1   Thumb Code     0  fdiv.o(x$fpl$fdiv)
    _fdiv                                    0x08007cd1   Thumb Code   384  fdiv.o(x$fpl$fdiv)
    __aeabi_f2iz                             0x08007e55   Thumb Code     0  ffix.o(x$fpl$ffix)
    _ffix                                    0x08007e55   Thumb Code    54  ffix.o(x$fpl$ffix)
    __aeabi_f2uiz                            0x08007e8d   Thumb Code     0  ffixu.o(x$fpl$ffixu)
    _ffixu                                   0x08007e8d   Thumb Code    62  ffixu.o(x$fpl$ffixu)
    __aeabi_i2f                              0x08007ecd   Thumb Code     0  fflt_clz.o(x$fpl$fflt)
    _fflt                                    0x08007ecd   Thumb Code    48  fflt_clz.o(x$fpl$fflt)
    __aeabi_ui2f                             0x08007efd   Thumb Code     0  fflt_clz.o(x$fpl$ffltu)
    _ffltu                                   0x08007efd   Thumb Code    38  fflt_clz.o(x$fpl$ffltu)
    __aeabi_fmul                             0x08007f25   Thumb Code     0  fmul.o(x$fpl$fmul)
    _fmul                                    0x08007f25   Thumb Code   258  fmul.o(x$fpl$fmul)
    __fpl_fnaninf                            0x08008027   Thumb Code   140  fnaninf.o(x$fpl$fnaninf)
    __fpl_fretinf                            0x080080b3   Thumb Code    10  fretinf.o(x$fpl$fretinf)
    __aeabi_fsub                             0x080080bd   Thumb Code     0  faddsub_clz.o(x$fpl$fsub)
    _fsub                                    0x080080bd   Thumb Code   234  faddsub_clz.o(x$fpl$fsub)
    _printf_fp_dec                           0x080081a7   Thumb Code     4  printf1.o(x$fpl$printf1)
    _printf_fp_hex                           0x080081ab   Thumb Code     4  printf2.o(x$fpl$printf2)
    __fpl_return_NaN                         0x080081af   Thumb Code   100  retnan.o(x$fpl$retnan)
    __ARM_scalbn                             0x08008213   Thumb Code    92  scalbn.o(x$fpl$scalbn)
    __ARM_scalbnf                            0x0800826f   Thumb Code    76  scalbnf.o(x$fpl$scalbnf)
    __fpl_cmpreturn                          0x080082bb   Thumb Code    48  trapv.o(x$fpl$trapveneer)
    __I$use$fp                               0x080082ea   Number         0  usenofp.o(x$fpl$usenofp)
    AHBPrescTable                            0x080082fc   Data          16  system_stm32f1xx.o(.constdata)
    APBPrescTable                            0x0800830c   Data           8  system_stm32f1xx.o(.constdata)
    OLED_F8x16                               0x08008314   Data        1520  oled_data.o(.constdata)
    OLED_F6x8                                0x08008904   Data         570  oled_data.o(.constdata)
    OLED_CF16x16                             0x08008b3e   Data         259  oled_data.o(.constdata)
    reg                                      0x08008c41   Data          27  inv_mpu.o(.constdata)
    hw                                       0x08008c5c   Data          12  inv_mpu.o(.constdata)
    test                                     0x08008c68   Data          40  inv_mpu.o(.constdata)
    __mathlib_zero                           0x080099b8   Data           8  qnan.o(.constdata)
    Region$$Table$$Base                      0x08009a7c   Number         0  anon$$obj.o(Region$$Table)
    Region$$Table$$Limit                     0x08009a9c   Number         0  anon$$obj.o(Region$$Table)
    __ctype                                  0x08009ac5   Data           0  lc_ctype_c.o(locale$$data)
    run_status                               0x20000000   Data           1  main.o(.data)
    speed1                                   0x20000002   Data           2  main.o(.data)
    speed2                                   0x20000004   Data           2  main.o(.data)
    motor1_pwm                               0x20000006   Data           2  main.o(.data)
    motor2_pwm                               0x20000008   Data           2  main.o(.data)
    angle                                    0x2000000c   Data           4  main.o(.data)
    vertical_pid                             0x20000010   Data          44  main.o(.data)
    speed_pid                                0x2000003c   Data          44  main.o(.data)
    uwTickFreq                               0x20000068   Data           1  stm32f1xx_hal.o(.data)
    uwTickPrio                               0x2000006c   Data           4  stm32f1xx_hal.o(.data)
    uwTick                                   0x20000070   Data           4  stm32f1xx_hal.o(.data)
    SystemCoreClock                          0x20000074   Data           4  system_stm32f1xx.o(.data)
    echo_state                               0x200000b0   Data           1  hc_sr04.o(.data)
    echo_start                               0x200000b4   Data           4  hc_sr04.o(.data)
    echo_end                                 0x200000b8   Data           4  hc_sr04.o(.data)
    temp_distance                            0x200000bc   Data           4  hc_sr04.o(.data)
    dma_uart_tx_busy                         0x200000c0   Data           1  serial_dma.o(.data)
    dma_rx_head                              0x200000c2   Data           2  serial_dma.o(.data)
    dma_rx_tail                              0x200000c4   Data           2  serial_dma.o(.data)
    mpu_data                                 0x200000c8   Data          24  main.o(.bss)
    htim1                                    0x200000e0   Data          72  tim.o(.bss)
    htim2                                    0x20000128   Data          72  tim.o(.bss)
    htim3                                    0x20000170   Data          72  tim.o(.bss)
    htim4                                    0x200001b8   Data          72  tim.o(.bss)
    huart3                                   0x20000200   Data          72  usart.o(.bss)
    hdma_usart3_rx                           0x20000248   Data          68  usart.o(.bss)
    hdma_usart3_tx                           0x2000028c   Data          68  usart.o(.bss)
    OLED_DisplayBuf                          0x200002d0   Data        1024  oled.o(.bss)
    dma_rx_buffer                            0x200007e0   Data         256  serial_dma.o(.bss)
    dma_tx_buffer                            0x200008e0   Data         256  serial_dma.o(.bss)
    __libspace_start                         0x200009e0   Data          96  libspace.o(.bss)
    __temporary_stack_top$libspace           0x20000a40   Data           0  libspace.o(.bss)



==============================================================================

Memory Map of the image

  Image Entry point : 0x080000ed

  Load Region LR_IROM1 (Base: 0x08000000, Size: 0x00009c90, Max: 0x00010000, ABSOLUTE)

    Execution Region ER_IROM1 (Exec base: 0x08000000, Load base: 0x08000000, Size: 0x00009bc8, Max: 0x00010000, ABSOLUTE)

    Exec Addr    Load Addr    Size         Type   Attr      Idx    E Section Name        Object

    0x08000000   0x08000000   0x000000ec   Data   RO            3    RESET               startup_stm32f103xb.o
    0x080000ec   0x080000ec   0x00000008   Code   RO         4241  * !!!main             c_w.l(__main.o)
    0x080000f4   0x080000f4   0x00000034   Code   RO         4726    !!!scatter          c_w.l(__scatter.o)
    0x08000128   0x08000128   0x0000001a   Code   RO         4728    !!handler_copy      c_w.l(__scatter_copy.o)
    0x08000142   0x08000142   0x00000002   PAD
    0x08000144   0x08000144   0x0000001c   Code   RO         4730    !!handler_zi        c_w.l(__scatter_zi.o)
    0x08000160   0x08000160   0x00000000   Code   RO         4413    .ARM.Collect$$_printf_percent$$00000000  c_w.l(_printf_percent.o)
    0x08000160   0x08000160   0x00000006   Code   RO         4402    .ARM.Collect$$_printf_percent$$00000001  c_w.l(_printf_n.o)
    0x08000166   0x08000166   0x00000006   Code   RO         4404    .ARM.Collect$$_printf_percent$$00000002  c_w.l(_printf_p.o)
    0x0800016c   0x0800016c   0x00000006   Code   RO         4409    .ARM.Collect$$_printf_percent$$00000003  c_w.l(_printf_f.o)
    0x08000172   0x08000172   0x00000006   Code   RO         4410    .ARM.Collect$$_printf_percent$$00000004  c_w.l(_printf_e.o)
    0x08000178   0x08000178   0x00000006   Code   RO         4411    .ARM.Collect$$_printf_percent$$00000005  c_w.l(_printf_g.o)
    0x0800017e   0x0800017e   0x00000006   Code   RO         4412    .ARM.Collect$$_printf_percent$$00000006  c_w.l(_printf_a.o)
    0x08000184   0x08000184   0x0000000a   Code   RO         4417    .ARM.Collect$$_printf_percent$$00000007  c_w.l(_printf_ll.o)
    0x0800018e   0x0800018e   0x00000006   Code   RO         4406    .ARM.Collect$$_printf_percent$$00000008  c_w.l(_printf_i.o)
    0x08000194   0x08000194   0x00000006   Code   RO         4407    .ARM.Collect$$_printf_percent$$00000009  c_w.l(_printf_d.o)
    0x0800019a   0x0800019a   0x00000006   Code   RO         4408    .ARM.Collect$$_printf_percent$$0000000A  c_w.l(_printf_u.o)
    0x080001a0   0x080001a0   0x00000006   Code   RO         4405    .ARM.Collect$$_printf_percent$$0000000B  c_w.l(_printf_o.o)
    0x080001a6   0x080001a6   0x00000006   Code   RO         4403    .ARM.Collect$$_printf_percent$$0000000C  c_w.l(_printf_x.o)
    0x080001ac   0x080001ac   0x00000006   Code   RO         4414    .ARM.Collect$$_printf_percent$$0000000D  c_w.l(_printf_lli.o)
    0x080001b2   0x080001b2   0x00000006   Code   RO         4415    .ARM.Collect$$_printf_percent$$0000000E  c_w.l(_printf_lld.o)
    0x080001b8   0x080001b8   0x00000006   Code   RO         4416    .ARM.Collect$$_printf_percent$$0000000F  c_w.l(_printf_llu.o)
    0x080001be   0x080001be   0x00000006   Code   RO         4421    .ARM.Collect$$_printf_percent$$00000010  c_w.l(_printf_llo.o)
    0x080001c4   0x080001c4   0x00000006   Code   RO         4422    .ARM.Collect$$_printf_percent$$00000011  c_w.l(_printf_llx.o)
    0x080001ca   0x080001ca   0x0000000a   Code   RO         4418    .ARM.Collect$$_printf_percent$$00000012  c_w.l(_printf_l.o)
    0x080001d4   0x080001d4   0x00000006   Code   RO         4400    .ARM.Collect$$_printf_percent$$00000013  c_w.l(_printf_c.o)
    0x080001da   0x080001da   0x00000006   Code   RO         4401    .ARM.Collect$$_printf_percent$$00000014  c_w.l(_printf_s.o)
    0x080001e0   0x080001e0   0x00000006   Code   RO         4419    .ARM.Collect$$_printf_percent$$00000015  c_w.l(_printf_lc.o)
    0x080001e6   0x080001e6   0x00000006   Code   RO         4420    .ARM.Collect$$_printf_percent$$00000016  c_w.l(_printf_ls.o)
    0x080001ec   0x080001ec   0x00000004   Code   RO         4528    .ARM.Collect$$_printf_percent$$00000017  c_w.l(_printf_percent_end.o)
    0x080001f0   0x080001f0   0x00000002   Code   RO         4588    .ARM.Collect$$libinit$$00000000  c_w.l(libinit.o)
    0x080001f2   0x080001f2   0x00000000   Code   RO         4603    .ARM.Collect$$libinit$$00000002  c_w.l(libinit2.o)
    0x080001f2   0x080001f2   0x00000000   Code   RO         4605    .ARM.Collect$$libinit$$00000004  c_w.l(libinit2.o)
    0x080001f2   0x080001f2   0x00000000   Code   RO         4608    .ARM.Collect$$libinit$$0000000A  c_w.l(libinit2.o)
    0x080001f2   0x080001f2   0x00000000   Code   RO         4610    .ARM.Collect$$libinit$$0000000C  c_w.l(libinit2.o)
    0x080001f2   0x080001f2   0x00000000   Code   RO         4612    .ARM.Collect$$libinit$$0000000E  c_w.l(libinit2.o)
    0x080001f2   0x080001f2   0x00000006   Code   RO         4613    .ARM.Collect$$libinit$$0000000F  c_w.l(libinit2.o)
    0x080001f8   0x080001f8   0x00000000   Code   RO         4615    .ARM.Collect$$libinit$$00000011  c_w.l(libinit2.o)
    0x080001f8   0x080001f8   0x0000000c   Code   RO         4616    .ARM.Collect$$libinit$$00000012  c_w.l(libinit2.o)
    0x08000204   0x08000204   0x00000000   Code   RO         4617    .ARM.Collect$$libinit$$00000013  c_w.l(libinit2.o)
    0x08000204   0x08000204   0x00000000   Code   RO         4619    .ARM.Collect$$libinit$$00000015  c_w.l(libinit2.o)
    0x08000204   0x08000204   0x0000000a   Code   RO         4620    .ARM.Collect$$libinit$$00000016  c_w.l(libinit2.o)
    0x0800020e   0x0800020e   0x00000000   Code   RO         4621    .ARM.Collect$$libinit$$00000017  c_w.l(libinit2.o)
    0x0800020e   0x0800020e   0x00000000   Code   RO         4623    .ARM.Collect$$libinit$$00000019  c_w.l(libinit2.o)
    0x0800020e   0x0800020e   0x00000000   Code   RO         4625    .ARM.Collect$$libinit$$0000001B  c_w.l(libinit2.o)
    0x0800020e   0x0800020e   0x00000000   Code   RO         4627    .ARM.Collect$$libinit$$0000001D  c_w.l(libinit2.o)
    0x0800020e   0x0800020e   0x00000000   Code   RO         4629    .ARM.Collect$$libinit$$0000001F  c_w.l(libinit2.o)
    0x0800020e   0x0800020e   0x00000000   Code   RO         4631    .ARM.Collect$$libinit$$00000021  c_w.l(libinit2.o)
    0x0800020e   0x0800020e   0x00000000   Code   RO         4633    .ARM.Collect$$libinit$$00000023  c_w.l(libinit2.o)
    0x0800020e   0x0800020e   0x00000000   Code   RO         4635    .ARM.Collect$$libinit$$00000025  c_w.l(libinit2.o)
    0x0800020e   0x0800020e   0x00000000   Code   RO         4639    .ARM.Collect$$libinit$$0000002C  c_w.l(libinit2.o)
    0x0800020e   0x0800020e   0x00000000   Code   RO         4641    .ARM.Collect$$libinit$$0000002E  c_w.l(libinit2.o)
    0x0800020e   0x0800020e   0x00000000   Code   RO         4643    .ARM.Collect$$libinit$$00000030  c_w.l(libinit2.o)
    0x0800020e   0x0800020e   0x00000000   Code   RO         4645    .ARM.Collect$$libinit$$00000032  c_w.l(libinit2.o)
    0x0800020e   0x0800020e   0x00000002   Code   RO         4646    .ARM.Collect$$libinit$$00000033  c_w.l(libinit2.o)
    0x08000210   0x08000210   0x00000002   Code   RO         4676    .ARM.Collect$$libshutdown$$00000000  c_w.l(libshutdown.o)
    0x08000212   0x08000212   0x00000000   Code   RO         4693    .ARM.Collect$$libshutdown$$00000002  c_w.l(libshutdown2.o)
    0x08000212   0x08000212   0x00000000   Code   RO         4695    .ARM.Collect$$libshutdown$$00000004  c_w.l(libshutdown2.o)
    0x08000212   0x08000212   0x00000000   Code   RO         4698    .ARM.Collect$$libshutdown$$00000007  c_w.l(libshutdown2.o)
    0x08000212   0x08000212   0x00000000   Code   RO         4701    .ARM.Collect$$libshutdown$$0000000A  c_w.l(libshutdown2.o)
    0x08000212   0x08000212   0x00000000   Code   RO         4703    .ARM.Collect$$libshutdown$$0000000C  c_w.l(libshutdown2.o)
    0x08000212   0x08000212   0x00000000   Code   RO         4706    .ARM.Collect$$libshutdown$$0000000F  c_w.l(libshutdown2.o)
    0x08000212   0x08000212   0x00000002   Code   RO         4707    .ARM.Collect$$libshutdown$$00000010  c_w.l(libshutdown2.o)
    0x08000214   0x08000214   0x00000000   Code   RO         4325    .ARM.Collect$$rtentry$$00000000  c_w.l(__rtentry.o)
    0x08000214   0x08000214   0x00000000   Code   RO         4490    .ARM.Collect$$rtentry$$00000002  c_w.l(__rtentry2.o)
    0x08000214   0x08000214   0x00000006   Code   RO         4502    .ARM.Collect$$rtentry$$00000004  c_w.l(__rtentry4.o)
    0x0800021a   0x0800021a   0x00000000   Code   RO         4492    .ARM.Collect$$rtentry$$00000009  c_w.l(__rtentry2.o)
    0x0800021a   0x0800021a   0x00000004   Code   RO         4493    .ARM.Collect$$rtentry$$0000000A  c_w.l(__rtentry2.o)
    0x0800021e   0x0800021e   0x00000000   Code   RO         4495    .ARM.Collect$$rtentry$$0000000C  c_w.l(__rtentry2.o)
    0x0800021e   0x0800021e   0x00000008   Code   RO         4496    .ARM.Collect$$rtentry$$0000000D  c_w.l(__rtentry2.o)
    0x08000226   0x08000226   0x00000002   Code   RO         4593    .ARM.Collect$$rtexit$$00000000  c_w.l(rtexit.o)
    0x08000228   0x08000228   0x00000000   Code   RO         4648    .ARM.Collect$$rtexit$$00000002  c_w.l(rtexit2.o)
    0x08000228   0x08000228   0x00000004   Code   RO         4649    .ARM.Collect$$rtexit$$00000003  c_w.l(rtexit2.o)
    0x0800022c   0x0800022c   0x00000006   Code   RO         4650    .ARM.Collect$$rtexit$$00000004  c_w.l(rtexit2.o)
    0x08000232   0x08000232   0x00000002   PAD
    0x08000234   0x08000234   0x00000040   Code   RO            4    .text               startup_stm32f103xb.o
    0x08000274   0x08000274   0x00000048   Code   RO         4221    .text               c_w.l(llsdiv.o)
    0x080002bc   0x080002bc   0x00000024   Code   RO         4223    .text               c_w.l(vsprintf.o)
    0x080002e0   0x080002e0   0x00000058   Code   RO         4227    .text               c_w.l(memcmp.o)
    0x08000338   0x08000338   0x00000010   Code   RO         4233    .text               c_w.l(aeabi_memset.o)
    0x08000348   0x08000348   0x0000004e   Code   RO         4235    .text               c_w.l(rt_memclr_w.o)
    0x08000396   0x08000396   0x00000002   PAD
    0x08000398   0x08000398   0x00000080   Code   RO         4237    .text               c_w.l(strcmpv7m.o)
    0x08000418   0x08000418   0x00000006   Code   RO         4239    .text               c_w.l(heapauxi.o)
    0x0800041e   0x0800041e   0x000000ee   Code   RO         4326    .text               c_w.l(lludivv7m.o)
    0x0800050c   0x0800050c   0x00000016   Code   RO         4328    .text               c_w.l(_rserrno.o)
    0x08000522   0x08000522   0x0000004e   Code   RO         4332    .text               c_w.l(_printf_pad.o)
    0x08000570   0x08000570   0x00000024   Code   RO         4334    .text               c_w.l(_printf_truncate.o)
    0x08000594   0x08000594   0x00000052   Code   RO         4336    .text               c_w.l(_printf_str.o)
    0x080005e6   0x080005e6   0x00000002   PAD
    0x080005e8   0x080005e8   0x00000078   Code   RO         4338    .text               c_w.l(_printf_dec.o)
    0x08000660   0x08000660   0x00000028   Code   RO         4340    .text               c_w.l(_printf_charcount.o)
    0x08000688   0x08000688   0x00000030   Code   RO         4342    .text               c_w.l(_printf_char_common.o)
    0x080006b8   0x080006b8   0x0000000a   Code   RO         4344    .text               c_w.l(_sputc.o)
    0x080006c2   0x080006c2   0x00000002   PAD
    0x080006c4   0x080006c4   0x000000bc   Code   RO         4348    .text               c_w.l(_printf_wctomb.o)
    0x08000780   0x08000780   0x0000007c   Code   RO         4351    .text               c_w.l(_printf_longlong_dec.o)
    0x080007fc   0x080007fc   0x00000070   Code   RO         4357    .text               c_w.l(_printf_oct_int_ll.o)
    0x0800086c   0x0800086c   0x00000094   Code   RO         4377    .text               c_w.l(_printf_hex_int_ll_ptr.o)
    0x08000900   0x08000900   0x00000188   Code   RO         4397    .text               c_w.l(__printf_flags_ss_wp.o)
    0x08000a88   0x08000a88   0x00000044   Code   RO         4425    .text               c_w.l(rt_memclr.o)
    0x08000acc   0x08000acc   0x00000008   Code   RO         4511    .text               c_w.l(rt_errno_addr_intlibspace.o)
    0x08000ad4   0x08000ad4   0x0000008a   Code   RO         4513    .text               c_w.l(lludiv10.o)
    0x08000b5e   0x08000b5e   0x000000b2   Code   RO         4515    .text               c_w.l(_printf_intcommon.o)
    0x08000c10   0x08000c10   0x0000041e   Code   RO         4517    .text               c_w.l(_printf_fp_dec.o)
    0x0800102e   0x0800102e   0x00000002   PAD
    0x08001030   0x08001030   0x000002fc   Code   RO         4519    .text               c_w.l(_printf_fp_hex.o)
    0x0800132c   0x0800132c   0x0000002c   Code   RO         4524    .text               c_w.l(_printf_char.o)
    0x08001358   0x08001358   0x0000002c   Code   RO         4526    .text               c_w.l(_printf_wchar.o)
    0x08001384   0x08001384   0x00000040   Code   RO         4529    .text               c_w.l(_wcrtomb.o)
    0x080013c4   0x080013c4   0x00000008   Code   RO         4537    .text               c_w.l(libspace.o)
    0x080013cc   0x080013cc   0x0000004a   Code   RO         4540    .text               c_w.l(sys_stackheap_outer.o)
    0x08001416   0x08001416   0x00000002   PAD
    0x08001418   0x08001418   0x00000010   Code   RO         4542    .text               c_w.l(rt_ctype_table.o)
    0x08001428   0x08001428   0x00000008   Code   RO         4549    .text               c_w.l(rt_locale_intlibspace.o)
    0x08001430   0x08001430   0x00000080   Code   RO         4551    .text               c_w.l(_printf_fp_infnan.o)
    0x080014b0   0x080014b0   0x000000e4   Code   RO         4553    .text               c_w.l(bigflt0.o)
    0x08001594   0x08001594   0x00000012   Code   RO         4581    .text               c_w.l(exit.o)
    0x080015a6   0x080015a6   0x00000002   PAD
    0x080015a8   0x080015a8   0x0000000c   Code   RO         4664    .text               c_w.l(sys_exit.o)
    0x080015b4   0x080015b4   0x00000002   Code   RO         4681    .text               c_w.l(use_no_semi.o)
    0x080015b6   0x080015b6   0x00000000   Code   RO         4683    .text               c_w.l(indicate_semi.o)
    0x080015b6   0x080015b6   0x0000003e   Code   RO         4556    CL$$btod_d2e        c_w.l(btod.o)
    0x080015f4   0x080015f4   0x00000046   Code   RO         4558    CL$$btod_d2e_denorm_low  c_w.l(btod.o)
    0x0800163a   0x0800163a   0x00000060   Code   RO         4557    CL$$btod_d2e_norm_op1  c_w.l(btod.o)
    0x0800169a   0x0800169a   0x00000338   Code   RO         4566    CL$$btod_div_common  c_w.l(btod.o)
    0x080019d2   0x080019d2   0x000000dc   Code   RO         4563    CL$$btod_e2e        c_w.l(btod.o)
    0x08001aae   0x08001aae   0x0000002a   Code   RO         4560    CL$$btod_ediv       c_w.l(btod.o)
    0x08001ad8   0x08001ad8   0x0000002a   Code   RO         4559    CL$$btod_emul       c_w.l(btod.o)
    0x08001b02   0x08001b02   0x00000244   Code   RO         4565    CL$$btod_mult_common  c_w.l(btod.o)
    0x08001d46   0x08001d46   0x0000001e   Code   RO           13    i.All_Init          main.o
    0x08001d64   0x08001d64   0x00000002   Code   RO          372    i.BusFault_Handler  stm32f1xx_it.o
    0x08001d66   0x08001d66   0x00000002   PAD
    0x08001d68   0x08001d68   0x0000000c   Code   RO          373    i.DMA1_Channel2_IRQHandler  stm32f1xx_it.o
    0x08001d74   0x08001d74   0x0000000c   Code   RO          374    i.DMA1_Channel3_IRQHandler  stm32f1xx_it.o
    0x08001d80   0x08001d80   0x0000002a   Code   RO         1897    i.DMA_SetConfig     stm32f1xx_hal_dma.o
    0x08001daa   0x08001daa   0x00000002   Code   RO          375    i.DebugMon_Handler  stm32f1xx_it.o
    0x08001dac   0x08001dac   0x00000018   Code   RO         4065    i.Delay_us          delay.o
    0x08001dc4   0x08001dc4   0x00000006   Code   RO          376    i.EXTI2_IRQHandler  stm32f1xx_it.o
    0x08001dca   0x08001dca   0x00000006   Code   RO          377    i.EXTI9_5_IRQHandler  stm32f1xx_it.o
    0x08001dd0   0x08001dd0   0x00000028   Code   RO         3894    i.Encoder_Get       encoder.o
    0x08001df8   0x08001df8   0x00000020   Code   RO         3895    i.Encoder_Init      encoder.o
    0x08001e18   0x08001e18   0x00000004   Code   RO           14    i.Error_Handler     main.o
    0x08001e1c   0x08001e1c   0x00000046   Code   RO         1898    i.HAL_DMA_Abort     stm32f1xx_hal_dma.o
    0x08001e62   0x08001e62   0x00000002   PAD
    0x08001e64   0x08001e64   0x00000098   Code   RO         1899    i.HAL_DMA_Abort_IT  stm32f1xx_hal_dma.o
    0x08001efc   0x08001efc   0x00000154   Code   RO         1903    i.HAL_DMA_IRQHandler  stm32f1xx_hal_dma.o
    0x08002050   0x08002050   0x0000005c   Code   RO         1904    i.HAL_DMA_Init      stm32f1xx_hal_dma.o
    0x080020ac   0x080020ac   0x00000070   Code   RO         1908    i.HAL_DMA_Start_IT  stm32f1xx_hal_dma.o
    0x0800211c   0x0800211c   0x00000024   Code   RO         1524    i.HAL_Delay         stm32f1xx_hal.o
    0x08002140   0x08002140   0x000000a8   Code   RO           15    i.HAL_GPIO_EXTI_Callback  main.o
    0x080021e8   0x080021e8   0x00000018   Code   RO         1833    i.HAL_GPIO_EXTI_IRQHandler  stm32f1xx_hal_gpio.o
    0x08002200   0x08002200   0x000001e0   Code   RO         1834    i.HAL_GPIO_Init     stm32f1xx_hal_gpio.o
    0x080023e0   0x080023e0   0x0000000a   Code   RO         1836    i.HAL_GPIO_ReadPin  stm32f1xx_hal_gpio.o
    0x080023ea   0x080023ea   0x0000000a   Code   RO         1838    i.HAL_GPIO_WritePin  stm32f1xx_hal_gpio.o
    0x080023f4   0x080023f4   0x0000000c   Code   RO         1528    i.HAL_GetTick       stm32f1xx_hal.o
    0x08002400   0x08002400   0x00000010   Code   RO         1534    i.HAL_IncTick       stm32f1xx_hal.o
    0x08002410   0x08002410   0x00000024   Code   RO         1535    i.HAL_Init          stm32f1xx_hal.o
    0x08002434   0x08002434   0x00000040   Code   RO         1536    i.HAL_InitTick      stm32f1xx_hal.o
    0x08002474   0x08002474   0x0000003c   Code   RO          484    i.HAL_MspInit       stm32f1xx_hal_msp.o
    0x080024b0   0x080024b0   0x0000001a   Code   RO         1994    i.HAL_NVIC_EnableIRQ  stm32f1xx_hal_cortex.o
    0x080024ca   0x080024ca   0x00000002   PAD
    0x080024cc   0x080024cc   0x00000040   Code   RO         2000    i.HAL_NVIC_SetPriority  stm32f1xx_hal_cortex.o
    0x0800250c   0x0800250c   0x00000024   Code   RO         2001    i.HAL_NVIC_SetPriorityGrouping  stm32f1xx_hal_cortex.o
    0x08002530   0x08002530   0x0000012c   Code   RO         1692    i.HAL_RCC_ClockConfig  stm32f1xx_hal_rcc.o
    0x0800265c   0x0800265c   0x00000020   Code   RO         1699    i.HAL_RCC_GetPCLK1Freq  stm32f1xx_hal_rcc.o
    0x0800267c   0x0800267c   0x00000020   Code   RO         1700    i.HAL_RCC_GetPCLK2Freq  stm32f1xx_hal_rcc.o
    0x0800269c   0x0800269c   0x0000004c   Code   RO         1701    i.HAL_RCC_GetSysClockFreq  stm32f1xx_hal_rcc.o
    0x080026e8   0x080026e8   0x00000320   Code   RO         1704    i.HAL_RCC_OscConfig  stm32f1xx_hal_rcc.o
    0x08002a08   0x08002a08   0x00000028   Code   RO         2005    i.HAL_SYSTICK_Config  stm32f1xx_hal_cortex.o
    0x08002a30   0x08002a30   0x00000002   Code   RO         1250    i.HAL_TIMEx_BreakCallback  stm32f1xx_hal_tim_ex.o
    0x08002a32   0x08002a32   0x00000002   Code   RO         1251    i.HAL_TIMEx_CommutCallback  stm32f1xx_hal_tim_ex.o
    0x08002a34   0x08002a34   0x00000054   Code   RO         1253    i.HAL_TIMEx_ConfigBreakDeadTime  stm32f1xx_hal_tim_ex.o
    0x08002a88   0x08002a88   0x00000068   Code   RO         1269    i.HAL_TIMEx_MasterConfigSynchronization  stm32f1xx_hal_tim_ex.o
    0x08002af0   0x08002af0   0x0000005a   Code   RO          546    i.HAL_TIM_Base_Init  stm32f1xx_hal_tim.o
    0x08002b4a   0x08002b4a   0x00000002   PAD
    0x08002b4c   0x08002b4c   0x00000040   Code   RO          253    i.HAL_TIM_Base_MspInit  tim.o
    0x08002b8c   0x08002b8c   0x00000050   Code   RO          549    i.HAL_TIM_Base_Start  stm32f1xx_hal_tim.o
    0x08002bdc   0x08002bdc   0x000000dc   Code   RO          555    i.HAL_TIM_ConfigClockSource  stm32f1xx_hal_tim.o
    0x08002cb8   0x08002cb8   0x000000a4   Code   RO          567    i.HAL_TIM_Encoder_Init  stm32f1xx_hal_tim.o
    0x08002d5c   0x08002d5c   0x0000009c   Code   RO          255    i.HAL_TIM_Encoder_MspInit  tim.o
    0x08002df8   0x08002df8   0x0000008e   Code   RO          570    i.HAL_TIM_Encoder_Start  stm32f1xx_hal_tim.o
    0x08002e86   0x08002e86   0x00000002   Code   RO          580    i.HAL_TIM_IC_CaptureCallback  stm32f1xx_hal_tim.o
    0x08002e88   0x08002e88   0x00000130   Code   RO          594    i.HAL_TIM_IRQHandler  stm32f1xx_hal_tim.o
    0x08002fb8   0x08002fb8   0x0000004c   Code   RO          256    i.HAL_TIM_MspPostInit  tim.o
    0x08003004   0x08003004   0x00000002   Code   RO          597    i.HAL_TIM_OC_DelayElapsedCallback  stm32f1xx_hal_tim.o
    0x08003006   0x08003006   0x000000cc   Code   RO          618    i.HAL_TIM_PWM_ConfigChannel  stm32f1xx_hal_tim.o
    0x080030d2   0x080030d2   0x0000005a   Code   RO          621    i.HAL_TIM_PWM_Init  stm32f1xx_hal_tim.o
    0x0800312c   0x0800312c   0x00000002   Code   RO          623    i.HAL_TIM_PWM_MspInit  stm32f1xx_hal_tim.o
    0x0800312e   0x0800312e   0x00000002   Code   RO          624    i.HAL_TIM_PWM_PulseFinishedCallback  stm32f1xx_hal_tim.o
    0x08003130   0x08003130   0x0000009c   Code   RO          626    i.HAL_TIM_PWM_Start  stm32f1xx_hal_tim.o
    0x080031cc   0x080031cc   0x00000002   Code   RO          632    i.HAL_TIM_PeriodElapsedCallback  stm32f1xx_hal_tim.o
    0x080031ce   0x080031ce   0x00000002   Code   RO          637    i.HAL_TIM_TriggerCallback  stm32f1xx_hal_tim.o
    0x080031d0   0x080031d0   0x0000004a   Code   RO         2504    i.HAL_UARTEx_ReceiveToIdle_DMA  stm32f1xx_hal_uart.o
    0x0800321a   0x0800321a   0x00000002   PAD
    0x0800321c   0x0800321c   0x0000002c   Code   RO         3974    i.HAL_UARTEx_RxEventCallback  serial_dma.o
    0x08003248   0x08003248   0x00000002   Code   RO         2520    i.HAL_UART_ErrorCallback  stm32f1xx_hal_uart.o
    0x0800324a   0x0800324a   0x00000002   PAD
    0x0800324c   0x0800324c   0x0000026c   Code   RO         2523    i.HAL_UART_IRQHandler  stm32f1xx_hal_uart.o
    0x080034b8   0x080034b8   0x00000064   Code   RO         2524    i.HAL_UART_Init     stm32f1xx_hal_uart.o
    0x0800351c   0x0800351c   0x000000dc   Code   RO          331    i.HAL_UART_MspInit  usart.o
    0x080035f8   0x080035f8   0x00000002   Code   RO         2530    i.HAL_UART_RxCpltCallback  stm32f1xx_hal_uart.o
    0x080035fa   0x080035fa   0x00000002   Code   RO         2531    i.HAL_UART_RxHalfCpltCallback  stm32f1xx_hal_uart.o
    0x080035fc   0x080035fc   0x00000018   Code   RO         3976    i.HAL_UART_TxCpltCallback  serial_dma.o
    0x08003614   0x08003614   0x0000002c   Code   RO         3928    i.HC_SR04_GetDistance  hc_sr04.o
    0x08003640   0x08003640   0x0000004c   Code   RO         3929    i.HC_SR04_IRQHandler  hc_sr04.o
    0x0800368c   0x0800368c   0x0000000c   Code   RO         3930    i.HC_SR04_Init      hc_sr04.o
    0x08003698   0x08003698   0x00000002   Code   RO          378    i.HardFault_Handler  stm32f1xx_it.o
    0x0800369a   0x0800369a   0x00000002   PAD
    0x0800369c   0x0800369c   0x00000040   Code   RO         4101    i.IIC_Ack           iic.o
    0x080036dc   0x080036dc   0x0000000c   Code   RO         4103    i.IIC_Delay         iic.o
    0x080036e8   0x080036e8   0x0000003c   Code   RO         4104    i.IIC_GPIO_Init     iic.o
    0x08003724   0x08003724   0x00000038   Code   RO         4105    i.IIC_NAck          iic.o
    0x0800375c   0x0800375c   0x00000058   Code   RO         4106    i.IIC_Read_Byte     iic.o
    0x080037b4   0x080037b4   0x0000005c   Code   RO         4107    i.IIC_Send_Byte     iic.o
    0x08003810   0x08003810   0x00000040   Code   RO         4108    i.IIC_Start         iic.o
    0x08003850   0x08003850   0x00000030   Code   RO         4109    i.IIC_Stop          iic.o
    0x08003880   0x08003880   0x00000048   Code   RO         4110    i.IIC_Wait_Ack      iic.o
    0x080038c8   0x080038c8   0x00000014   Code   RO         3158    i.MPU_DMP_Init      mpu6050.o
    0x080038dc   0x080038dc   0x000001c0   Code   RO         3159    i.MPU_DMP_ReadData  mpu6050.o
    0x08003a9c   0x08003a9c   0x00000076   Code   RO         3164    i.MPU_Init          mpu6050.o
    0x08003b12   0x08003b12   0x0000003a   Code   RO         3165    i.MPU_Read_Byte     mpu6050.o
    0x08003b4c   0x08003b4c   0x0000006c   Code   RO         3166    i.MPU_Read_Len      mpu6050.o
    0x08003bb8   0x08003bb8   0x0000000a   Code   RO         3167    i.MPU_Set_Accel_Fsr  mpu6050.o
    0x08003bc2   0x08003bc2   0x0000000a   Code   RO         3168    i.MPU_Set_Gyro_Fsr  mpu6050.o
    0x08003bcc   0x08003bcc   0x00000030   Code   RO         3169    i.MPU_Set_LPF       mpu6050.o
    0x08003bfc   0x08003bfc   0x0000002e   Code   RO         3170    i.MPU_Set_Rate      mpu6050.o
    0x08003c2a   0x08003c2a   0x0000003c   Code   RO         3171    i.MPU_Write_Byte    mpu6050.o
    0x08003c66   0x08003c66   0x00000052   Code   RO         3172    i.MPU_Write_Len     mpu6050.o
    0x08003cb8   0x08003cb8   0x0000003c   Code   RO          228    i.MX_DMA_Init       dma.o
    0x08003cf4   0x08003cf4   0x00000108   Code   RO          204    i.MX_GPIO_Init      gpio.o
    0x08003dfc   0x08003dfc   0x000000d8   Code   RO          257    i.MX_TIM1_Init      tim.o
    0x08003ed4   0x08003ed4   0x00000068   Code   RO          258    i.MX_TIM2_Init      tim.o
    0x08003f3c   0x08003f3c   0x00000064   Code   RO          259    i.MX_TIM3_Init      tim.o
    0x08003fa0   0x08003fa0   0x0000006c   Code   RO          260    i.MX_TIM4_Init      tim.o
    0x0800400c   0x0800400c   0x00000038   Code   RO          332    i.MX_USART3_UART_Init  usart.o
    0x08004044   0x08004044   0x00000002   Code   RO          379    i.MemManage_Handler  stm32f1xx_it.o
    0x08004046   0x08004046   0x00000002   PAD
    0x08004048   0x08004048   0x00000088   Code   RO         3858    i.Motor_SetPWM      motor.o
    0x080040d0   0x080040d0   0x00000002   Code   RO          380    i.NMI_Handler       stm32f1xx_it.o
    0x080040d2   0x080040d2   0x00000002   PAD
    0x080040d4   0x080040d4   0x00000028   Code   RO         2895    i.OLED_Clear        oled.o
    0x080040fc   0x080040fc   0x0000005c   Code   RO         2896    i.OLED_ClearArea    oled.o
    0x08004158   0x08004158   0x0000002a   Code   RO         2904    i.OLED_GPIO_Init    oled.o
    0x08004182   0x08004182   0x0000003a   Code   RO         2906    i.OLED_I2C_SendByte  oled.o
    0x080041bc   0x080041bc   0x0000001e   Code   RO         2907    i.OLED_I2C_Start    oled.o
    0x080041da   0x080041da   0x00000018   Code   RO         2908    i.OLED_I2C_Stop     oled.o
    0x080041f2   0x080041f2   0x0000009c   Code   RO         2909    i.OLED_Init         oled.o
    0x0800428e   0x0800428e   0x0000002a   Code   RO         2912    i.OLED_Printf       oled.o
    0x080042b8   0x080042b8   0x00000022   Code   RO         2915    i.OLED_SetCursor    oled.o
    0x080042da   0x080042da   0x00000002   PAD
    0x080042dc   0x080042dc   0x0000003c   Code   RO         2917    i.OLED_ShowChar     oled.o
    0x08004318   0x08004318   0x000000bc   Code   RO         2920    i.OLED_ShowImage    oled.o
    0x080043d4   0x080043d4   0x0000016c   Code   RO         2923    i.OLED_ShowString   oled.o
    0x08004540   0x08004540   0x00000028   Code   RO         2924    i.OLED_Update       oled.o
    0x08004568   0x08004568   0x00000010   Code   RO         2926    i.OLED_W_SCL        oled.o
    0x08004578   0x08004578   0x00000010   Code   RO         2927    i.OLED_W_SDA        oled.o
    0x08004588   0x08004588   0x00000022   Code   RO         2928    i.OLED_WriteCommand  oled.o
    0x080045aa   0x080045aa   0x00000030   Code   RO         2929    i.OLED_WriteData    oled.o
    0x080045da   0x080045da   0x00000002   PAD
    0x080045dc   0x080045dc   0x0000001c   Code   RO         3817    i.PWM_Init          pwm.o
    0x080045f8   0x080045f8   0x0000000c   Code   RO         3818    i.PWM_Set_Compare1  pwm.o
    0x08004604   0x08004604   0x0000000c   Code   RO         3819    i.PWM_Set_Compare2  pwm.o
    0x08004610   0x08004610   0x00000002   Code   RO          381    i.PendSV_Handler    stm32f1xx_it.o
    0x08004612   0x08004612   0x00000002   Code   RO          382    i.SVC_Handler       stm32f1xx_it.o
    0x08004614   0x08004614   0x00000024   Code   RO         3978    i.Serial_DMA_Init   serial_dma.o
    0x08004638   0x08004638   0x0000007c   Code   RO         4187    i.Speed_PID_Update  pid.o
    0x080046b4   0x080046b4   0x00000004   Code   RO          383    i.SysTick_Handler   stm32f1xx_it.o
    0x080046b8   0x080046b8   0x0000005e   Code   RO           16    i.SystemClock_Config  main.o
    0x08004716   0x08004716   0x00000002   Code   RO         2858    i.SystemInit        system_stm32f1xx.o
    0x08004718   0x08004718   0x0000000c   Code   RO          384    i.TIM2_IRQHandler   stm32f1xx_it.o
    0x08004724   0x08004724   0x00000078   Code   RO          639    i.TIM_Base_SetConfig  stm32f1xx_hal_tim.o
    0x0800479c   0x0800479c   0x0000001a   Code   RO          640    i.TIM_CCxChannelCmd  stm32f1xx_hal_tim.o
    0x080047b6   0x080047b6   0x00000014   Code   RO          650    i.TIM_ETR_SetConfig  stm32f1xx_hal_tim.o
    0x080047ca   0x080047ca   0x00000010   Code   RO          651    i.TIM_ITRx_SetConfig  stm32f1xx_hal_tim.o
    0x080047da   0x080047da   0x00000002   PAD
    0x080047dc   0x080047dc   0x00000050   Code   RO          652    i.TIM_OC1_SetConfig  stm32f1xx_hal_tim.o
    0x0800482c   0x0800482c   0x00000058   Code   RO          653    i.TIM_OC2_SetConfig  stm32f1xx_hal_tim.o
    0x08004884   0x08004884   0x00000058   Code   RO          654    i.TIM_OC3_SetConfig  stm32f1xx_hal_tim.o
    0x080048dc   0x080048dc   0x00000044   Code   RO          655    i.TIM_OC4_SetConfig  stm32f1xx_hal_tim.o
    0x08004920   0x08004920   0x00000022   Code   RO          657    i.TIM_TI1_ConfigInputStage  stm32f1xx_hal_tim.o
    0x08004942   0x08004942   0x00000024   Code   RO          659    i.TIM_TI2_ConfigInputStage  stm32f1xx_hal_tim.o
    0x08004966   0x08004966   0x00000010   Code   RO         2537    i.UART_DMAAbortOnError  stm32f1xx_hal_uart.o
    0x08004976   0x08004976   0x0000004a   Code   RO         2538    i.UART_DMAError     stm32f1xx_hal_uart.o
    0x080049c0   0x080049c0   0x00000086   Code   RO         2539    i.UART_DMAReceiveCplt  stm32f1xx_hal_uart.o
    0x08004a46   0x08004a46   0x0000001e   Code   RO         2541    i.UART_DMARxHalfCplt  stm32f1xx_hal_uart.o
    0x08004a64   0x08004a64   0x0000004e   Code   RO         2547    i.UART_EndRxTransfer  stm32f1xx_hal_uart.o
    0x08004ab2   0x08004ab2   0x0000001c   Code   RO         2548    i.UART_EndTxTransfer  stm32f1xx_hal_uart.o
    0x08004ace   0x08004ace   0x000000c2   Code   RO         2549    i.UART_Receive_IT   stm32f1xx_hal_uart.o
    0x08004b90   0x08004b90   0x000000b8   Code   RO         2550    i.UART_SetConfig    stm32f1xx_hal_uart.o
    0x08004c48   0x08004c48   0x00000090   Code   RO         2551    i.UART_Start_Receive_DMA  stm32f1xx_hal_uart.o
    0x08004cd8   0x08004cd8   0x0000000c   Code   RO          385    i.USART3_IRQHandler  stm32f1xx_it.o
    0x08004ce4   0x08004ce4   0x00000002   Code   RO          386    i.UsageFault_Handler  stm32f1xx_it.o
    0x08004ce6   0x08004ce6   0x00000032   Code   RO         4188    i.Vertical_PID_Update  pid.o
    0x08004d18   0x08004d18   0x00000028   Code   RO         4476    i.__ARM_fpclassify  m_ws.l(fpclassify.o)
    0x08004d40   0x08004d40   0x00000020   Code   RO         2007    i.__NVIC_SetPriority  stm32f1xx_hal_cortex.o
    0x08004d60   0x08004d60   0x000000aa   Code   RO         4478    i.__kernel_poly     m_ws.l(poly.o)
    0x08004e0a   0x08004e0a   0x00000006   Code   RO         4463    i.__mathlib_dbl_infnan  m_ws.l(dunder.o)
    0x08004e10   0x08004e10   0x00000004   Code   RO         4464    i.__mathlib_dbl_infnan2  m_ws.l(dunder.o)
    0x08004e14   0x08004e14   0x0000000c   Code   RO         4465    i.__mathlib_dbl_invalid  m_ws.l(dunder.o)
    0x08004e20   0x08004e20   0x00000010   Code   RO         4468    i.__mathlib_dbl_underflow  m_ws.l(dunder.o)
    0x08004e30   0x08004e30   0x0000000e   Code   RO         4390    i._is_digit         c_w.l(__printf_wp.o)
    0x08004e3e   0x08004e3e   0x00000002   PAD
    0x08004e40   0x08004e40   0x00000080   Code   RO         3274    i.accel_self_test   inv_mpu.o
    0x08004ec0   0x08004ec0   0x00000270   Code   RO         4306    i.asin              m_ws.l(asin.o)
    0x08005130   0x08005130   0x00000220   Code   RO         4453    i.atan              m_ws.l(atan.o)
    0x08005350   0x08005350   0x00000180   Code   RO         4316    i.atan2             m_ws.l(atan2.o)
    0x080054d0   0x080054d0   0x0000003a   Code   RO         3622    i.dmp_enable_6x_lp_quat  inv_mpu_dmp_motion_driver.o
    0x0800550a   0x0800550a   0x00000002   PAD
    0x0800550c   0x0800550c   0x000001d8   Code   RO         3623    i.dmp_enable_feature  inv_mpu_dmp_motion_driver.o
    0x080056e4   0x080056e4   0x0000003c   Code   RO         3624    i.dmp_enable_gyro_cal  inv_mpu_dmp_motion_driver.o
    0x08005720   0x08005720   0x0000003a   Code   RO         3625    i.dmp_enable_lp_quat  inv_mpu_dmp_motion_driver.o
    0x0800575a   0x0800575a   0x00000002   PAD
    0x0800575c   0x0800575c   0x00000014   Code   RO         3630    i.dmp_load_motion_driver_firmware  inv_mpu_dmp_motion_driver.o
    0x08005770   0x08005770   0x00000144   Code   RO         3631    i.dmp_read_fifo     inv_mpu_dmp_motion_driver.o
    0x080058b4   0x080058b4   0x000000d8   Code   RO         3634    i.dmp_set_accel_bias  inv_mpu_dmp_motion_driver.o
    0x0800598c   0x0800598c   0x00000064   Code   RO         3635    i.dmp_set_fifo_rate  inv_mpu_dmp_motion_driver.o
    0x080059f0   0x080059f0   0x000000cc   Code   RO         3636    i.dmp_set_gyro_bias  inv_mpu_dmp_motion_driver.o
    0x08005abc   0x08005abc   0x0000010c   Code   RO         3638    i.dmp_set_orientation  inv_mpu_dmp_motion_driver.o
    0x08005bc8   0x08005bc8   0x00000030   Code   RO         3641    i.dmp_set_shake_reject_thresh  inv_mpu_dmp_motion_driver.o
    0x08005bf8   0x08005bf8   0x00000020   Code   RO         3642    i.dmp_set_shake_reject_time  inv_mpu_dmp_motion_driver.o
    0x08005c18   0x08005c18   0x00000020   Code   RO         3643    i.dmp_set_shake_reject_timeout  inv_mpu_dmp_motion_driver.o
    0x08005c38   0x08005c38   0x00000040   Code   RO         3644    i.dmp_set_tap_axes  inv_mpu_dmp_motion_driver.o
    0x08005c78   0x08005c78   0x00000022   Code   RO         3645    i.dmp_set_tap_count  inv_mpu_dmp_motion_driver.o
    0x08005c9a   0x08005c9a   0x00000002   PAD
    0x08005c9c   0x08005c9c   0x00000128   Code   RO         3646    i.dmp_set_tap_thresh  inv_mpu_dmp_motion_driver.o
    0x08005dc4   0x08005dc4   0x00000020   Code   RO         3647    i.dmp_set_tap_time  inv_mpu_dmp_motion_driver.o
    0x08005de4   0x08005de4   0x00000020   Code   RO         3648    i.dmp_set_tap_time_multi  inv_mpu_dmp_motion_driver.o
    0x08005e04   0x08005e04   0x000000ac   Code   RO         3275    i.get_accel_prod_shift  inv_mpu.o
    0x08005eb0   0x08005eb0   0x00000314   Code   RO         3276    i.get_st_biases     inv_mpu.o
    0x080061c4   0x080061c4   0x000000d4   Code   RO         3277    i.gyro_self_test    inv_mpu.o
    0x08006298   0x08006298   0x00000022   Code   RO         3278    i.inv_orientation_matrix_to_scalar  inv_mpu.o
    0x080062ba   0x080062ba   0x00000048   Code   RO         3279    i.inv_row_2_scale   inv_mpu.o
    0x08006302   0x08006302   0x00000002   PAD
    0x08006304   0x08006304   0x00000090   Code   RO           17    i.main              main.o
    0x08006394   0x08006394   0x00000002   Code   RO         3280    i.mget_ms           inv_mpu.o
    0x08006396   0x08006396   0x00000002   PAD
    0x08006398   0x08006398   0x00000054   Code   RO         3281    i.mpu_configure_fifo  inv_mpu.o
    0x080063ec   0x080063ec   0x0000009c   Code   RO         3283    i.mpu_dmp_init      inv_mpu.o
    0x08006488   0x08006488   0x0000003c   Code   RO         3284    i.mpu_get_accel_fsr  inv_mpu.o
    0x080064c4   0x080064c4   0x00000044   Code   RO         3286    i.mpu_get_accel_sens  inv_mpu.o
    0x08006508   0x08006508   0x00000034   Code   RO         3292    i.mpu_get_gyro_fsr  inv_mpu.o
    0x0800653c   0x0800653c   0x00000040   Code   RO         3294    i.mpu_get_gyro_sens  inv_mpu.o
    0x0800657c   0x0800657c   0x00000038   Code   RO         3296    i.mpu_get_lpf       inv_mpu.o
    0x080065b4   0x080065b4   0x0000001c   Code   RO         3298    i.mpu_get_sample_rate  inv_mpu.o
    0x080065d0   0x080065d0   0x00000124   Code   RO         3300    i.mpu_init          inv_mpu.o
    0x080066f4   0x080066f4   0x000000a0   Code   RO         3301    i.mpu_load_firmware  inv_mpu.o
    0x08006794   0x08006794   0x000000b8   Code   RO         3302    i.mpu_lp_accel_mode  inv_mpu.o
    0x0800684c   0x0800684c   0x00000090   Code   RO         3305    i.mpu_read_fifo_stream  inv_mpu.o
    0x080068dc   0x080068dc   0x00000054   Code   RO         3306    i.mpu_read_mem      inv_mpu.o
    0x08006930   0x08006930   0x00000160   Code   RO         3309    i.mpu_reset_fifo    inv_mpu.o
    0x08006a90   0x08006a90   0x000000f0   Code   RO         3310    i.mpu_run_self_test  inv_mpu.o
    0x08006b80   0x08006b80   0x00000068   Code   RO         3312    i.mpu_set_accel_fsr  inv_mpu.o
    0x08006be8   0x08006be8   0x000000dc   Code   RO         3313    i.mpu_set_bypass    inv_mpu.o
    0x08006cc4   0x08006cc4   0x00000078   Code   RO         3315    i.mpu_set_dmp_state  inv_mpu.o
    0x08006d3c   0x08006d3c   0x0000006c   Code   RO         3316    i.mpu_set_gyro_fsr  inv_mpu.o
    0x08006da8   0x08006da8   0x00000064   Code   RO         3317    i.mpu_set_int_latched  inv_mpu.o
    0x08006e0c   0x08006e0c   0x0000006c   Code   RO         3319    i.mpu_set_lpf       inv_mpu.o
    0x08006e78   0x08006e78   0x00000080   Code   RO         3320    i.mpu_set_sample_rate  inv_mpu.o
    0x08006ef8   0x08006ef8   0x000000b8   Code   RO         3321    i.mpu_set_sensors   inv_mpu.o
    0x08006fb0   0x08006fb0   0x00000054   Code   RO         3322    i.mpu_write_mem     inv_mpu.o
    0x08007004   0x08007004   0x00000080   Code   RO         3323    i.run_self_test     inv_mpu.o
    0x08007084   0x08007084   0x00000058   Code   RO         3324    i.set_int_enable    inv_mpu.o
    0x080070dc   0x080070dc   0x0000004c   Code   RO         4482    i.sqrt              m_ws.l(sqrt.o)
    0x08007128   0x08007128   0x0000002c   Code   RO         4579    locale$$code        c_w.l(lc_numeric_c.o)
    0x08007154   0x08007154   0x0000002c   Code   RO         4596    locale$$code        c_w.l(lc_ctype_c.o)
    0x08007180   0x08007180   0x00000062   Code   RO         4243    x$fpl$d2f           fz_ws.l(d2f.o)
    0x080071e2   0x080071e2   0x00000002   PAD
    0x080071e4   0x080071e4   0x00000150   Code   RO         4245    x$fpl$dadd          fz_ws.l(daddsub_clz.o)
    0x08007334   0x08007334   0x00000010   Code   RO         4531    x$fpl$dcheck1       fz_ws.l(dcheck1.o)
    0x08007344   0x08007344   0x000002b0   Code   RO         4252    x$fpl$ddiv          fz_ws.l(ddiv.o)
    0x080075f4   0x080075f4   0x00000154   Code   RO         4271    x$fpl$dmul          fz_ws.l(dmul.o)
    0x08007748   0x08007748   0x0000009c   Code   RO         4429    x$fpl$dnaninf       fz_ws.l(dnaninf.o)
    0x080077e4   0x080077e4   0x0000000c   Code   RO         4431    x$fpl$dretinf       fz_ws.l(dretinf.o)
    0x080077f0   0x080077f0   0x00000016   Code   RO         4246    x$fpl$drsb          fz_ws.l(daddsub_clz.o)
    0x08007806   0x08007806   0x00000002   PAD
    0x08007808   0x08007808   0x000001cc   Code   RO         4533    x$fpl$dsqrt         fz_ws.l(dsqrt_noumaal.o)
    0x080079d4   0x080079d4   0x000001d4   Code   RO         4247    x$fpl$dsub          fz_ws.l(daddsub_clz.o)
    0x08007ba8   0x08007ba8   0x00000056   Code   RO         4275    x$fpl$f2d           fz_ws.l(f2d.o)
    0x08007bfe   0x08007bfe   0x00000002   PAD
    0x08007c00   0x08007c00   0x000000c4   Code   RO         4277    x$fpl$fadd          fz_ws.l(faddsub_clz.o)
    0x08007cc4   0x08007cc4   0x0000000c   Code   RO         4435    x$fpl$fcheck1       fz_ws.l(fcheck1.o)
    0x08007cd0   0x08007cd0   0x00000184   Code   RO         4284    x$fpl$fdiv          fz_ws.l(fdiv.o)
    0x08007e54   0x08007e54   0x00000036   Code   RO         4287    x$fpl$ffix          fz_ws.l(ffix.o)
    0x08007e8a   0x08007e8a   0x00000002   PAD
    0x08007e8c   0x08007e8c   0x0000003e   Code   RO         4291    x$fpl$ffixu         fz_ws.l(ffixu.o)
    0x08007eca   0x08007eca   0x00000002   PAD
    0x08007ecc   0x08007ecc   0x00000030   Code   RO         4296    x$fpl$fflt          fz_ws.l(fflt_clz.o)
    0x08007efc   0x08007efc   0x00000026   Code   RO         4295    x$fpl$ffltu         fz_ws.l(fflt_clz.o)
    0x08007f22   0x08007f22   0x00000002   PAD
    0x08007f24   0x08007f24   0x00000102   Code   RO         4301    x$fpl$fmul          fz_ws.l(fmul.o)
    0x08008026   0x08008026   0x0000008c   Code   RO         4437    x$fpl$fnaninf       fz_ws.l(fnaninf.o)
    0x080080b2   0x080080b2   0x0000000a   Code   RO         4439    x$fpl$fretinf       fz_ws.l(fretinf.o)
    0x080080bc   0x080080bc   0x000000ea   Code   RO         4279    x$fpl$fsub          fz_ws.l(faddsub_clz.o)
    0x080081a6   0x080081a6   0x00000004   Code   RO         4441    x$fpl$printf1       fz_ws.l(printf1.o)
    0x080081aa   0x080081aa   0x00000004   Code   RO         4443    x$fpl$printf2       fz_ws.l(printf2.o)
    0x080081ae   0x080081ae   0x00000064   Code   RO         4535    x$fpl$retnan        fz_ws.l(retnan.o)
    0x08008212   0x08008212   0x0000005c   Code   RO         4449    x$fpl$scalbn        fz_ws.l(scalbn.o)
    0x0800826e   0x0800826e   0x0000004c   Code   RO         4303    x$fpl$scalbnf       fz_ws.l(scalbnf.o)
    0x080082ba   0x080082ba   0x00000030   Code   RO         4591    x$fpl$trapveneer    fz_ws.l(trapv.o)
    0x080082ea   0x080082ea   0x00000000   Code   RO         4451    x$fpl$usenofp       fz_ws.l(usenofp.o)
    0x080082ea   0x080082ea   0x00000012   Data   RO         1705    .constdata          stm32f1xx_hal_rcc.o
    0x080082fc   0x080082fc   0x00000010   Data   RO         2859    .constdata          system_stm32f1xx.o
    0x0800830c   0x0800830c   0x00000008   Data   RO         2860    .constdata          system_stm32f1xx.o
    0x08008314   0x08008314   0x000005f0   Data   RO         3140    .constdata          oled_data.o
    0x08008904   0x08008904   0x0000023a   Data   RO         3141    .constdata          oled_data.o
    0x08008b3e   0x08008b3e   0x00000103   Data   RO         3142    .constdata          oled_data.o
    0x08008c41   0x08008c41   0x0000001b   Data   RO         3326    .constdata          inv_mpu.o
    0x08008c5c   0x08008c5c   0x0000000c   Data   RO         3327    .constdata          inv_mpu.o
    0x08008c68   0x08008c68   0x00000028   Data   RO         3328    .constdata          inv_mpu.o
    0x08008c90   0x08008c90   0x00000bf6   Data   RO         3650    .constdata          inv_mpu_dmp_motion_driver.o
    0x08009886   0x08009886   0x00000002   PAD
    0x08009888   0x08009888   0x00000050   Data   RO         4307    .constdata          m_ws.l(asin.o)
    0x080098d8   0x080098d8   0x00000008   Data   RO         4349    .constdata          c_w.l(_printf_wctomb.o)
    0x080098e0   0x080098e0   0x00000028   Data   RO         4378    .constdata          c_w.l(_printf_hex_int_ll_ptr.o)
    0x08009908   0x08009908   0x00000011   Data   RO         4398    .constdata          c_w.l(__printf_flags_ss_wp.o)
    0x08009919   0x08009919   0x00000007   PAD
    0x08009920   0x08009920   0x00000098   Data   RO         4454    .constdata          m_ws.l(atan.o)
    0x080099b8   0x080099b8   0x00000008   Data   RO         4480    .constdata          m_ws.l(qnan.o)
    0x080099c0   0x080099c0   0x00000026   Data   RO         4520    .constdata          c_w.l(_printf_fp_hex.o)
    0x080099e6   0x080099e6   0x00000002   PAD
    0x080099e8   0x080099e8   0x00000094   Data   RO         4554    .constdata          c_w.l(bigflt0.o)
    0x08009a7c   0x08009a7c   0x00000020   Data   RO         4724    Region$$Table       anon$$obj.o
    0x08009a9c   0x08009a9c   0x0000001c   Data   RO         4578    locale$$data        c_w.l(lc_numeric_c.o)
    0x08009ab8   0x08009ab8   0x00000110   Data   RO         4595    locale$$data        c_w.l(lc_ctype_c.o)


    Execution Region RW_IRAM1 (Exec base: 0x20000000, Load base: 0x08009bc8, Size: 0x00001040, Max: 0x00005000, ABSOLUTE)

    Exec Addr    Load Addr    Size         Type   Attr      Idx    E Section Name        Object

    0x20000000   0x08009bc8   0x00000068   Data   RW           19    .data               main.o
    0x20000068   0x08009c30   0x0000000c   Data   RW         1542    .data               stm32f1xx_hal.o
    0x20000074   0x08009c3c   0x00000004   Data   RW         2861    .data               system_stm32f1xx.o
    0x20000078   0x08009c40   0x00000035   Data   RW         3329    .data               inv_mpu.o
    0x200000ad   0x08009c75   0x00000003   PAD
    0x200000b0   0x08009c78   0x00000010   Data   RW         3931    .data               hc_sr04.o
    0x200000c0   0x08009c88   0x00000006   Data   RW         3985    .data               serial_dma.o
    0x200000c6   0x08009c8e   0x00000002   PAD
    0x200000c8        -       0x00000018   Zero   RW           18    .bss                main.o
    0x200000e0        -       0x00000120   Zero   RW          261    .bss                tim.o
    0x20000200        -       0x000000d0   Zero   RW          333    .bss                usart.o
    0x200002d0        -       0x00000400   Zero   RW         2931    .bss                oled.o
    0x200006d0        -       0x00000010   Zero   RW         3649    .bss                inv_mpu_dmp_motion_driver.o
    0x200006e0        -       0x00000300   Zero   RW         3984    .bss                serial_dma.o
    0x200009e0        -       0x00000060   Zero   RW         4538    .bss                c_w.l(libspace.o)
    0x20000a40        -       0x00000200   Zero   RW            2    HEAP                startup_stm32f103xb.o
    0x20000c40        -       0x00000400   Zero   RW            1    STACK               startup_stm32f103xb.o


==============================================================================

Image component sizes


      Code (inc. data)   RO Data    RW Data    ZI Data      Debug   Object Name

        24          0          0          0          0        828   delay.o
        60          4          0          0          0        714   dma.o
        72         18          0          0          0       1057   encoder.o
       264         20          0          0          0        967   gpio.o
       132         28          0         16          0       1765   hc_sr04.o
       556         46          0          0          0       5295   iic.o
      4804        206         79         53          0      28827   inv_mpu.o
      2350        118       3062          0         16      19394   inv_mpu_dmp_motion_driver.o
       440         56          0        104         24     430885   main.o
       136          6          0          0          0        623   motor.o
      1008          6          0          0          0       8639   mpu6050.o
      1284         48          0          0       1024      11554   oled.o
         0          0       2349          0          0       1090   oled_data.o
       174         18          0          0          0       1913   pid.o
        52         14          0          0          0       1329   pwm.o
       104         36          0          6        768       3032   serial_dma.o
        64         26        236          0       1536        784   startup_stm32f103xb.o
       164         28          0         12          0       5697   stm32f1xx_hal.o
       198         14          0          0          0      28635   stm32f1xx_hal_cortex.o
       808         36          0          0          0       4810   stm32f1xx_hal_dma.o
       524         40          0          0          0       3982   stm32f1xx_hal_gpio.o
        60          8          0          0          0        822   stm32f1xx_hal_msp.o
      1240         84         18          0          0       4968   stm32f1xx_hal_rcc.o
      2038         58          0          0          0      17910   stm32f1xx_hal_tim.o
       192         12          0          0          0       3069   stm32f1xx_hal_tim_ex.o
      1682         24          0          0          0      11207   stm32f1xx_hal_uart.o
        80         24          0          0          0       6130   stm32f1xx_it.o
         2          0         24          4          0       1043   system_stm32f1xx.o
       824         70          0          0        288       4821   tim.o
       276         30          0          0        208       1784   usart.o

    ----------------------------------------------------------------------
     19646       1078       5802        200       3864     613574   Object Totals
         0          0         32          0          0          0   (incl. Generated)
        34          0          2          5          0          0   (incl. Padding)

    ----------------------------------------------------------------------

      Code (inc. data)   RO Data    RW Data    ZI Data      Debug   Library Member Name

         8          0          0          0          0         68   __main.o
       392          4         17          0          0         92   __printf_flags_ss_wp.o
        14          0          0          0          0         68   __printf_wp.o
         0          0          0          0          0          0   __rtentry.o
        12          0          0          0          0          0   __rtentry2.o
         6          0          0          0          0          0   __rtentry4.o
        52          8          0          0          0          0   __scatter.o
        26          0          0          0          0          0   __scatter_copy.o
        28          0          0          0          0          0   __scatter_zi.o
         6          0          0          0          0          0   _printf_a.o
         6          0          0          0          0          0   _printf_c.o
        44          0          0          0          0        108   _printf_char.o
        48          6          0          0          0         96   _printf_char_common.o
        40          0          0          0          0         68   _printf_charcount.o
         6          0          0          0          0          0   _printf_d.o
       120         16          0          0          0         92   _printf_dec.o
         6          0          0          0          0          0   _printf_e.o
         6          0          0          0          0          0   _printf_f.o
      1054          0          0          0          0        216   _printf_fp_dec.o
       764          8         38          0          0        100   _printf_fp_hex.o
       128         16          0          0          0         84   _printf_fp_infnan.o
         6          0          0          0          0          0   _printf_g.o
       148          4         40          0          0        160   _printf_hex_int_ll_ptr.o
         6          0          0          0          0          0   _printf_i.o
       178          0          0          0          0         88   _printf_intcommon.o
        10          0          0          0          0          0   _printf_l.o
         6          0          0          0          0          0   _printf_lc.o
        10          0          0          0          0          0   _printf_ll.o
         6          0          0          0          0          0   _printf_lld.o
         6          0          0          0          0          0   _printf_lli.o
         6          0          0          0          0          0   _printf_llo.o
         6          0          0          0          0          0   _printf_llu.o
         6          0          0          0          0          0   _printf_llx.o
       124         16          0          0          0         92   _printf_longlong_dec.o
         6          0          0          0          0          0   _printf_ls.o
         6          0          0          0          0          0   _printf_n.o
         6          0          0          0          0          0   _printf_o.o
       112         10          0          0          0        124   _printf_oct_int_ll.o
         6          0          0          0          0          0   _printf_p.o
        78          0          0          0          0        108   _printf_pad.o
         0          0          0          0          0          0   _printf_percent.o
         4          0          0          0          0          0   _printf_percent_end.o
         6          0          0          0          0          0   _printf_s.o
        82          0          0          0          0         80   _printf_str.o
        36          0          0          0          0         84   _printf_truncate.o
         6          0          0          0          0          0   _printf_u.o
        44          0          0          0          0        108   _printf_wchar.o
       188          6          8          0          0         92   _printf_wctomb.o
         6          0          0          0          0          0   _printf_x.o
        22          0          0          0          0        100   _rserrno.o
        10          0          0          0          0         68   _sputc.o
        64          0          0          0          0         92   _wcrtomb.o
        16          0          0          0          0         68   aeabi_memset.o
       228          4        148          0          0         96   bigflt0.o
      1936        128          0          0          0        672   btod.o
        18          0          0          0          0         80   exit.o
         6          0          0          0          0        152   heapauxi.o
         0          0          0          0          0          0   indicate_semi.o
        44         10        272          0          0         76   lc_ctype_c.o
        44         10         28          0          0         76   lc_numeric_c.o
         2          0          0          0          0          0   libinit.o
        30          0          0          0          0          0   libinit2.o
         2          0          0          0          0          0   libshutdown.o
         2          0          0          0          0          0   libshutdown2.o
         8          4          0          0         96         68   libspace.o
        72          0          0          0          0         76   llsdiv.o
       138          0          0          0          0         80   lludiv10.o
       238          0          0          0          0        100   lludivv7m.o
        88          0          0          0          0         76   memcmp.o
        16          4          0          0          0         76   rt_ctype_table.o
         8          4          0          0          0         68   rt_errno_addr_intlibspace.o
         8          4          0          0          0         68   rt_locale_intlibspace.o
        68          0          0          0          0         68   rt_memclr.o
        78          0          0          0          0         80   rt_memclr_w.o
         2          0          0          0          0          0   rtexit.o
        10          0          0          0          0          0   rtexit2.o
       128          0          0          0          0         68   strcmpv7m.o
        12          4          0          0          0         68   sys_exit.o
        74          0          0          0          0         80   sys_stackheap_outer.o
         2          0          0          0          0         68   use_no_semi.o
        36          4          0          0          0         76   vsprintf.o
        98          4          0          0          0         92   d2f.o
       826         16          0          0          0        348   daddsub_clz.o
        16          4          0          0          0         68   dcheck1.o
       688        140          0          0          0        208   ddiv.o
       340         12          0          0          0        104   dmul.o
       156          4          0          0          0         92   dnaninf.o
        12          0          0          0          0         68   dretinf.o
       460         56          0          0          0        120   dsqrt_noumaal.o
        86          4          0          0          0         84   f2d.o
       430          8          0          0          0        168   faddsub_clz.o
        12          4          0          0          0         68   fcheck1.o
       388         76          0          0          0         96   fdiv.o
        54          4          0          0          0         84   ffix.o
        62          4          0          0          0         84   ffixu.o
        86          0          0          0          0        136   fflt_clz.o
       258          4          0          0          0         84   fmul.o
       140          4          0          0          0         84   fnaninf.o
        10          0          0          0          0         68   fretinf.o
         4          0          0          0          0         68   printf1.o
         4          0          0          0          0         68   printf2.o
       100          0          0          0          0         68   retnan.o
        92          0          0          0          0         68   scalbn.o
        76          0          0          0          0         68   scalbnf.o
        48          0          0          0          0         68   trapv.o
         0          0          0          0          0          0   usenofp.o
       624         52         80          0          0        168   asin.o
       544         70        152          0          0        124   atan.o
       384         38          0          0          0        144   atan2.o
        38          6          0          0          0        272   dunder.o
        40          0          0          0          0         68   fpclassify.o
       170          0          0          0          0         96   poly.o
         0          0          8          0          0          0   qnan.o
        76          0          0          0          0         84   sqrt.o

    ----------------------------------------------------------------------
     13632        780        800          0         96       7948   Library Totals
        30          0          9          0          0          0   (incl. Padding)

    ----------------------------------------------------------------------

      Code (inc. data)   RO Data    RW Data    ZI Data      Debug   Library Name

      7280        270        551          0         96       4528   c_w.l
      4446        344          0          0          0       2464   fz_ws.l
      1876        166        240          0          0        956   m_ws.l

    ----------------------------------------------------------------------
     13632        780        800          0         96       7948   Library Totals

    ----------------------------------------------------------------------

==============================================================================


      Code (inc. data)   RO Data    RW Data    ZI Data      Debug   

     33278       1858       6602        200       3960     606698   Grand Totals
     33278       1858       6602        200       3960     606698   ELF Image Totals
     33278       1858       6602        200          0          0   ROM Totals

==============================================================================

    Total RO  Size (Code + RO Data)                39880 (  38.95kB)
    Total RW  Size (RW Data + ZI Data)              4160 (   4.06kB)
    Total ROM Size (Code + RO Data + RW Data)      40080 (  39.14kB)

==============================================================================

