Component: ARM Compiler 5.06 update 5 (build 528) Tool: armlink [4d35e2]

==============================================================================

Section Cross References

    startup_stm32f103xb.o(STACK) refers (Special) to heapauxi.o(.text) for __use_two_region_memory
    startup_stm32f103xb.o(HEAP) refers (Special) to heapauxi.o(.text) for __use_two_region_memory
    startup_stm32f103xb.o(RESET) refers (Special) to heapauxi.o(.text) for __use_two_region_memory
    startup_stm32f103xb.o(RESET) refers to startup_stm32f103xb.o(STACK) for __initial_sp
    startup_stm32f103xb.o(RESET) refers to startup_stm32f103xb.o(.text) for Reset_Handler
    startup_stm32f103xb.o(RESET) refers to stm32f1xx_it.o(i.NMI_Handler) for NMI_Handler
    startup_stm32f103xb.o(RESET) refers to stm32f1xx_it.o(i.HardFault_Handler) for HardFault_Handler
    startup_stm32f103xb.o(RESET) refers to stm32f1xx_it.o(i.MemManage_Handler) for MemManage_Handler
    startup_stm32f103xb.o(RESET) refers to stm32f1xx_it.o(i.BusFault_Handler) for BusFault_Handler
    startup_stm32f103xb.o(RESET) refers to stm32f1xx_it.o(i.UsageFault_Handler) for UsageFault_Handler
    startup_stm32f103xb.o(RESET) refers to stm32f1xx_it.o(i.SVC_Handler) for SVC_Handler
    startup_stm32f103xb.o(RESET) refers to stm32f1xx_it.o(i.DebugMon_Handler) for DebugMon_Handler
    startup_stm32f103xb.o(RESET) refers to stm32f1xx_it.o(i.PendSV_Handler) for PendSV_Handler
    startup_stm32f103xb.o(RESET) refers to stm32f1xx_it.o(i.SysTick_Handler) for SysTick_Handler
    startup_stm32f103xb.o(RESET) refers to stm32f1xx_it.o(i.EXTI2_IRQHandler) for EXTI2_IRQHandler
    startup_stm32f103xb.o(RESET) refers to stm32f1xx_it.o(i.DMA1_Channel2_IRQHandler) for DMA1_Channel2_IRQHandler
    startup_stm32f103xb.o(RESET) refers to stm32f1xx_it.o(i.DMA1_Channel3_IRQHandler) for DMA1_Channel3_IRQHandler
    startup_stm32f103xb.o(RESET) refers to stm32f1xx_it.o(i.TIM2_IRQHandler) for TIM2_IRQHandler
    startup_stm32f103xb.o(RESET) refers to stm32f1xx_it.o(i.TIM3_IRQHandler) for TIM3_IRQHandler
    startup_stm32f103xb.o(RESET) refers to stm32f1xx_it.o(i.USART3_IRQHandler) for USART3_IRQHandler
    startup_stm32f103xb.o(.text) refers (Special) to heapauxi.o(.text) for __use_two_region_memory
    startup_stm32f103xb.o(.text) refers to system_stm32f1xx.o(i.SystemInit) for SystemInit
    startup_stm32f103xb.o(.text) refers to __main.o(!!!main) for __main
    startup_stm32f103xb.o(.text) refers to startup_stm32f103xb.o(HEAP) for Heap_Mem
    startup_stm32f103xb.o(.text) refers to startup_stm32f103xb.o(STACK) for Stack_Mem
    main.o(i.All_Init) refers to oled.o(i.OLED_Init) for OLED_Init
    main.o(i.All_Init) refers to mpu6050.o(i.MPU_DMP_Init) for MPU_DMP_Init
    main.o(i.All_Init) refers to pwm.o(i.PWM_Init) for PWM_Init
    main.o(i.All_Init) refers to encoder.o(i.Encoder_Init) for Encoder_Init
    main.o(i.All_Init) refers to hc_sr04.o(i.HC_SR04_Init) for HC_SR04_Init
    main.o(i.SystemClock_Config) refers to rt_memclr_w.o(.text) for __aeabi_memclr4
    main.o(i.SystemClock_Config) refers to stm32f1xx_hal_rcc.o(i.HAL_RCC_OscConfig) for HAL_RCC_OscConfig
    main.o(i.SystemClock_Config) refers to stm32f1xx_hal_rcc.o(i.HAL_RCC_ClockConfig) for HAL_RCC_ClockConfig
    main.o(i.main) refers to stm32f1xx_hal.o(i.HAL_Init) for HAL_Init
    main.o(i.main) refers to main.o(i.SystemClock_Config) for SystemClock_Config
    main.o(i.main) refers to gpio.o(i.MX_GPIO_Init) for MX_GPIO_Init
    main.o(i.main) refers to dma.o(i.MX_DMA_Init) for MX_DMA_Init
    main.o(i.main) refers to tim.o(i.MX_TIM1_Init) for MX_TIM1_Init
    main.o(i.main) refers to tim.o(i.MX_TIM2_Init) for MX_TIM2_Init
    main.o(i.main) refers to tim.o(i.MX_TIM4_Init) for MX_TIM4_Init
    main.o(i.main) refers to tim.o(i.MX_TIM3_Init) for MX_TIM3_Init
    main.o(i.main) refers to usart.o(i.MX_USART3_UART_Init) for MX_USART3_UART_Init
    main.o(i.main) refers to main.o(i.All_Init) for All_Init
    main.o(i.main) refers to motor.o(i.Motor_SetPWM) for Motor_SetPWM
    gpio.o(i.MX_GPIO_Init) refers to stm32f1xx_hal_gpio.o(i.HAL_GPIO_WritePin) for HAL_GPIO_WritePin
    gpio.o(i.MX_GPIO_Init) refers to stm32f1xx_hal_gpio.o(i.HAL_GPIO_Init) for HAL_GPIO_Init
    gpio.o(i.MX_GPIO_Init) refers to stm32f1xx_hal_cortex.o(i.HAL_NVIC_SetPriority) for HAL_NVIC_SetPriority
    gpio.o(i.MX_GPIO_Init) refers to stm32f1xx_hal_cortex.o(i.HAL_NVIC_EnableIRQ) for HAL_NVIC_EnableIRQ
    dma.o(i.MX_DMA_Init) refers to stm32f1xx_hal_cortex.o(i.HAL_NVIC_SetPriority) for HAL_NVIC_SetPriority
    dma.o(i.MX_DMA_Init) refers to stm32f1xx_hal_cortex.o(i.HAL_NVIC_EnableIRQ) for HAL_NVIC_EnableIRQ
    tim.o(i.HAL_TIM_Base_MspDeInit) refers to stm32f1xx_hal_cortex.o(i.HAL_NVIC_DisableIRQ) for HAL_NVIC_DisableIRQ
    tim.o(i.HAL_TIM_Base_MspInit) refers to stm32f1xx_hal_cortex.o(i.HAL_NVIC_SetPriority) for HAL_NVIC_SetPriority
    tim.o(i.HAL_TIM_Base_MspInit) refers to stm32f1xx_hal_cortex.o(i.HAL_NVIC_EnableIRQ) for HAL_NVIC_EnableIRQ
[...]
    i.TIM3_IRQHandler                        0x080027e8   Section        0  stm32f1xx_it.o(i.TIM3_IRQHandler)
    i.TIM_Base_SetConfig                     0x080027f4   Section        0  stm32f1xx_hal_tim.o(i.TIM_Base_SetConfig)
    i.TIM_CCxChannelCmd                      0x0800286c   Section        0  stm32f1xx_hal_tim.o(i.TIM_CCxChannelCmd)
    i.TIM_ETR_SetConfig                      0x08002886   Section        0  stm32f1xx_hal_tim.o(i.TIM_ETR_SetConfig)
    i.TIM_ITRx_SetConfig                     0x0800289a   Section        0  stm32f1xx_hal_tim.o(i.TIM_ITRx_SetConfig)
    TIM_ITRx_SetConfig                       0x0800289b   Thumb Code    16  stm32f1xx_hal_tim.o(i.TIM_ITRx_SetConfig)
    i.TIM_OC1_SetConfig                      0x080028ac   Section        0  stm32f1xx_hal_tim.o(i.TIM_OC1_SetConfig)
    TIM_OC1_SetConfig                        0x080028ad   Thumb Code    74  stm32f1xx_hal_tim.o(i.TIM_OC1_SetConfig)
    i.TIM_OC2_SetConfig                      0x080028fc   Section        0  stm32f1xx_hal_tim.o(i.TIM_OC2_SetConfig)
    i.TIM_OC3_SetConfig                      0x08002954   Section        0  stm32f1xx_hal_tim.o(i.TIM_OC3_SetConfig)
    TIM_OC3_SetConfig                        0x08002955   Thumb Code    82  stm32f1xx_hal_tim.o(i.TIM_OC3_SetConfig)
    i.TIM_OC4_SetConfig                      0x080029ac   Section        0  stm32f1xx_hal_tim.o(i.TIM_OC4_SetConfig)
    TIM_OC4_SetConfig                        0x080029ad   Thumb Code    64  stm32f1xx_hal_tim.o(i.TIM_OC4_SetConfig)
    i.TIM_TI1_ConfigInputStage               0x080029f0   Section        0  stm32f1xx_hal_tim.o(i.TIM_TI1_ConfigInputStage)
    TIM_TI1_ConfigInputStage                 0x080029f1   Thumb Code    34  stm32f1xx_hal_tim.o(i.TIM_TI1_ConfigInputStage)
    i.TIM_TI2_ConfigInputStage               0x08002a12   Section        0  stm32f1xx_hal_tim.o(i.TIM_TI2_ConfigInputStage)
    TIM_TI2_ConfigInputStage                 0x08002a13   Thumb Code    36  stm32f1xx_hal_tim.o(i.TIM_TI2_ConfigInputStage)
    i.UART_DMAAbortOnError                   0x08002a36   Section        0  stm32f1xx_hal_uart.o(i.UART_DMAAbortOnError)
    UART_DMAAbortOnError                     0x08002a37   Thumb Code    16  stm32f1xx_hal_uart.o(i.UART_DMAAbortOnError)
    i.UART_DMAError                          0x08002a46   Section        0  stm32f1xx_hal_uart.o(i.UART_DMAError)
    UART_DMAError                            0x08002a47   Thumb Code    74  stm32f1xx_hal_uart.o(i.UART_DMAError)
    i.UART_DMAReceiveCplt                    0x08002a90   Section        0  stm32f1xx_hal_uart.o(i.UART_DMAReceiveCplt)
    UART_DMAReceiveCplt                      0x08002a91   Thumb Code   134  stm32f1xx_hal_uart.o(i.UART_DMAReceiveCplt)
    i.UART_DMARxHalfCplt                     0x08002b16   Section        0  stm32f1xx_hal_uart.o(i.UART_DMARxHalfCplt)
    UART_DMARxHalfCplt                       0x08002b17   Thumb Code    30  stm32f1xx_hal_uart.o(i.UART_DMARxHalfCplt)
    i.UART_EndRxTransfer                     0x08002b34   Section        0  stm32f1xx_hal_uart.o(i.UART_EndRxTransfer)
    UART_EndRxTransfer                       0x08002b35   Thumb Code    78  stm32f1xx_hal_uart.o(i.UART_EndRxTransfer)
    i.UART_EndTxTransfer                     0x08002b82   Section        0  stm32f1xx_hal_uart.o(i.UART_EndTxTransfer)
    UART_EndTxTransfer                       0x08002b83   Thumb Code    28  stm32f1xx_hal_uart.o(i.UART_EndTxTransfer)
    i.UART_Receive_IT                        0x08002b9e   Section        0  stm32f1xx_hal_uart.o(i.UART_Receive_IT)
    UART_Receive_IT                          0x08002b9f   Thumb Code   194  stm32f1xx_hal_uart.o(i.UART_Receive_IT)
    i.UART_SetConfig                         0x08002c60   Section        0  stm32f1xx_hal_uart.o(i.UART_SetConfig)
    UART_SetConfig                           0x08002c61   Thumb Code   178  stm32f1xx_hal_uart.o(i.UART_SetConfig)
    i.UART_Start_Receive_DMA                 0x08002d18   Section        0  stm32f1xx_hal_uart.o(i.UART_Start_Receive_DMA)
    i.USART3_IRQHandler                      0x08002da8   Section        0  stm32f1xx_it.o(i.USART3_IRQHandler)
    i.UsageFault_Handler                     0x08002db4   Section        0  stm32f1xx_it.o(i.UsageFault_Handler)
    i.__NVIC_SetPriority                     0x08002db6   Section        0  stm32f1xx_hal_cortex.o(i.__NVIC_SetPriority)
    __NVIC_SetPriority                       0x08002db7   Thumb Code    32  stm32f1xx_hal_cortex.o(i.__NVIC_SetPriority)
    i.accel_self_test                        0x08002dd8   Section        0  inv_mpu.o(i.accel_self_test)
    accel_self_test                          0x08002dd9   Thumb Code   114  inv_mpu.o(i.accel_self_test)
    i.dmp_enable_6x_lp_quat                  0x08002e58   Section        0  inv_mpu_dmp_motion_driver.o(i.dmp_enable_6x_lp_quat)
    i.dmp_enable_feature                     0x08002e94   Section        0  inv_mpu_dmp_motion_driver.o(i.dmp_enable_feature)
    i.dmp_enable_gyro_cal                    0x0800306c   Section        0  inv_mpu_dmp_motion_driver.o(i.dmp_enable_gyro_cal)
    i.dmp_enable_lp_quat                     0x080030a8   Section        0  inv_mpu_dmp_motion_driver.o(i.dmp_enable_lp_quat)
    i.dmp_load_motion_driver_firmware        0x080030e4   Section        0  inv_mpu_dmp_motion_driver.o(i.dmp_load_motion_driver_firmware)
    i.dmp_set_accel_bias                     0x080030f8   Section        0  inv_mpu_dmp_motion_driver.o(i.dmp_set_accel_bias)
    i.dmp_set_fifo_rate                      0x080031d0   Section        0  inv_mpu_dmp_motion_driver.o(i.dmp_set_fifo_rate)
    i.dmp_set_gyro_bias                      0x08003234   Section        0  inv_mpu_dmp_motion_driver.o(i.dmp_set_gyro_bias)
    i.dmp_set_orientation                    0x08003300   Section        0  inv_mpu_dmp_motion_driver.o(i.dmp_set_orientation)
    i.dmp_set_shake_reject_thresh            0x0800340c   Section        0  inv_mpu_dmp_motion_driver.o(i.dmp_set_shake_reject_thresh)
    i.dmp_set_shake_reject_time              0x0800343c   Section        0  inv_mpu_dmp_motion_driver.o(i.dmp_set_shake_reject_time)
    i.dmp_set_shake_reject_timeout           0x0800345c   Section        0  inv_mpu_dmp_motion_driver.o(i.dmp_set_shake_reject_timeout)
    i.dmp_set_tap_axes                       0x0800347c   Section        0  inv_mpu_dmp_motion_driver.o(i.dmp_set_tap_axes)
    i.dmp_set_tap_count                      0x080034bc   Section        0  inv_mpu_dmp_motion_driver.o(i.dmp_set_tap_count)
    i.dmp_set_tap_thresh                     0x080034e0   Section        0  inv_mpu_dmp_motion_driver.o(i.dmp_set_tap_thresh)
    i.dmp_set_tap_time                       0x08003608   Section        0  inv_mpu_dmp_motion_driver.o(i.dmp_set_tap_time)
    i.dmp_set_tap_time_multi                 0x08003628   Section        0  inv_mpu_dmp_motion_driver.o(i.dmp_set_tap_time_multi)
    i.get_accel_prod_shift                   0x08003648   Section        0  inv_mpu.o(i.get_accel_prod_shift)
    get_accel_prod_shift                     0x08003649   Thumb Code   158  inv_mpu.o(i.get_accel_prod_shift)
    i.get_st_biases                          0x080036f4   Section        0  inv_mpu.o(i.get_st_biases)
    get_st_biases                            0x080036f5   Thumb Code   784  inv_mpu.o(i.get_st_biases)
    i.gyro_self_test                         0x08003a08   Section        0  inv_mpu.o(i.gyro_self_test)
    gyro_self_test                           0x08003a09   Thumb Code   190  inv_mpu.o(i.gyro_self_test)
    i.inv_orientation_matrix_to_scalar       0x08003adc   Section        0  inv_mpu.o(i.inv_orientation_matrix_to_scalar)
    i.inv_row_2_scale                        0x08003afe   Section        0  inv_mpu.o(i.inv_row_2_scale)
    i.main                                   0x08003b46   Section        0  main.o(i.main)
    i.mpu_configure_fifo                     0x08003b78   Section        0  inv_mpu.o(i.mpu_configure_fifo)
    i.mpu_dmp_init                           0x08003bcc   Section        0  inv_mpu.o(i.mpu_dmp_init)
    i.mpu_get_accel_fsr                      0x08003c68   Section        0  inv_mpu.o(i.mpu_get_accel_fsr)
    i.mpu_get_accel_sens                     0x08003ca4   Section        0  inv_mpu.o(i.mpu_get_accel_sens)
    i.mpu_get_gyro_fsr                       0x08003ce8   Section        0  inv_mpu.o(i.mpu_get_gyro_fsr)
    i.mpu_get_gyro_sens                      0x08003d1c   Section        0  inv_mpu.o(i.mpu_get_gyro_sens)
    i.mpu_get_lpf                            0x08003d5c   Section        0  inv_mpu.o(i.mpu_get_lpf)
    i.mpu_get_sample_rate                    0x08003d94   Section        0  inv_mpu.o(i.mpu_get_sample_rate)
    i.mpu_init                               0x08003db0   Section        0  inv_mpu.o(i.mpu_init)
    i.mpu_load_firmware                      0x08003ed4   Section        0  inv_mpu.o(i.mpu_load_firmware)
    i.mpu_lp_accel_mode                      0x08003f74   Section        0  inv_mpu.o(i.mpu_lp_accel_mode)
    i.mpu_read_mem                           0x0800402c   Section        0  inv_mpu.o(i.mpu_read_mem)
    i.mpu_reset_fifo                         0x08004080   Section        0  inv_mpu.o(i.mpu_reset_fifo)
    i.mpu_run_self_test                      0x080041e0   Section        0  inv_mpu.o(i.mpu_run_self_test)
    i.mpu_set_accel_fsr                      0x080042d0   Section        0  inv_mpu.o(i.mpu_set_accel_fsr)
    i.mpu_set_bypass                         0x08004338   Section        0  inv_mpu.o(i.mpu_set_bypass)
    i.mpu_set_dmp_state                      0x08004414   Section        0  inv_mpu.o(i.mpu_set_dmp_state)
    i.mpu_set_gyro_fsr                       0x0800448c   Section        0  inv_mpu.o(i.mpu_set_gyro_fsr)
    i.mpu_set_int_latched                    0x080044f8   Section        0  inv_mpu.o(i.mpu_set_int_latched)
    i.mpu_set_lpf                            0x0800455c   Section        0  inv_mpu.o(i.mpu_set_lpf)
    i.mpu_set_sample_rate                    0x080045c8   Section        0  inv_mpu.o(i.mpu_set_sample_rate)
    i.mpu_set_sensors                        0x08004648   Section        0  inv_mpu.o(i.mpu_set_sensors)
    i.mpu_write_mem                          0x08004700   Section        0  inv_mpu.o(i.mpu_write_mem)
    i.run_self_test                          0x08004754   Section        0  inv_mpu.o(i.run_self_test)
    i.set_int_enable                         0x080047d4   Section        0  inv_mpu.o(i.set_int_enable)
    set_int_enable                           0x080047d5   Thumb Code    84  inv_mpu.o(i.set_int_enable)
    x$fpl$fadd                               0x0800482c   Section      196  faddsub_clz.o(x$fpl$fadd)
    _fadd1                                   0x0800483b   Thumb Code     0  faddsub_clz.o(x$fpl$fadd)
    x$fpl$fcheck1                            0x080048f0   Section       12  fcheck1.o(x$fpl$fcheck1)
    x$fpl$fdiv                               0x080048fc   Section      388  fdiv.o(x$fpl$fdiv)
    _fdiv1                                   0x080048fd   Thumb Code     0  fdiv.o(x$fpl$fdiv)
    x$fpl$ffix                               0x08004a80   Section       54  ffix.o(x$fpl$ffix)
    x$fpl$ffixu                              0x08004ab8   Section       62  ffixu.o(x$fpl$ffixu)
    x$fpl$fflt                               0x08004af8   Section       48  fflt_clz.o(x$fpl$fflt)
    x$fpl$ffltu                              0x08004b28   Section       38  fflt_clz.o(x$fpl$ffltu)
    x$fpl$fmul                               0x08004b50   Section      258  fmul.o(x$fpl$fmul)
    x$fpl$fnaninf                            0x08004c52   Section      140  fnaninf.o(x$fpl$fnaninf)
    x$fpl$fretinf                            0x08004cde   Section       10  fretinf.o(x$fpl$fretinf)
    x$fpl$fsub                               0x08004ce8   Section      234  faddsub_clz.o(x$fpl$fsub)
    _fsub1                                   0x08004cf7   Thumb Code     0  faddsub_clz.o(x$fpl$fsub)
    x$fpl$retnan                             0x08004dd2   Section      100  retnan.o(x$fpl$retnan)
    x$fpl$scalbnf                            0x08004e36   Section       76  scalbnf.o(x$fpl$scalbnf)
    x$fpl$trapveneer                         0x08004e82   Section       48  trapv.o(x$fpl$trapveneer)
    .constdata                               0x08004eb2   Section       18  stm32f1xx_hal_rcc.o(.constdata)
    x$fpl$usenofp                            0x08004eb2   Section        0  usenofp.o(x$fpl$usenofp)
    aPredivFactorTable                       0x08004eb2   Data           2  stm32f1xx_hal_rcc.o(.constdata)
    aPLLMULFactorTable                       0x08004eb4   Data          16  stm32f1xx_hal_rcc.o(.constdata)
    .constdata                               0x08004ec4   Section       16  system_stm32f1xx.o(.constdata)
    .constdata                               0x08004ed4   Section        8  system_stm32f1xx.o(.constdata)
    .constdata                               0x08004edc   Section       27  inv_mpu.o(.constdata)
    .constdata                               0x08004ef8   Section       12  inv_mpu.o(.constdata)
    .constdata                               0x08004f04   Section       40  inv_mpu.o(.constdata)
    .constdata                               0x08004f2c   Section     3062  inv_mpu_dmp_motion_driver.o(.constdata)
    dmp_memory                               0x08004f2c   Data        3062  inv_mpu_dmp_motion_driver.o(.constdata)
    .data                                    0x20000000   Section       12  stm32f1xx_hal.o(.data)
    .data                                    0x2000000c   Section        4  system_stm32f1xx.o(.data)
    .data                                    0x20000010   Section       53  inv_mpu.o(.data)
    st                                       0x20000010   Data          44  inv_mpu.o(.data)
    gyro_orientation                         0x2000003c   Data           9  inv_mpu.o(.data)
    .data                                    0x20000048   Section       16  hc_sr04.o(.data)
    .data                                    0x20000058   Section        6  serial_dma.o(.data)
    .bss                                     0x20000060   Section      288  tim.o(.bss)
    .bss                                     0x20000180   Section      208  usart.o(.bss)
    .bss                                     0x20000250   Section     1024  oled.o(.bss)
    .bss                                     0x20000650   Section       16  inv_mpu_dmp_motion_driver.o(.bss)
    dmp                                      0x20000650   Data          16  inv_mpu_dmp_motion_driver.o(.bss)
    .bss                                     0x20000660   Section      768  serial_dma.o(.bss)
    str                                      0x20000660   Data         256  serial_dma.o(.bss)
    .bss                                     0x20000960   Section       96  libspace.o(.bss)
    HEAP                                     0x200009c0   Section      512  startup_stm32f103xb.o(HEAP)
    Heap_Mem                                 0x200009c0   Data         512  startup_stm32f103xb.o(HEAP)
    STACK                                    0x20000bc0   Section     1024  startup_stm32f103xb.o(STACK)
    Stack_Mem                                0x20000bc0   Data        1024  startup_stm32f103xb.o(STACK)
    __initial_sp                             0x20000fc0   Data           0  startup_stm32f103xb.o(STACK)

    Global Symbols

    Symbol Name                              Value     Ov Type        Size  Object(Section)

    BuildAttributes$$THM_ISAv4$P$D$K$B$S$PE$A:L22UL41UL21$X:L11$S22US41US21$IEEE1$IW$USESV6$~STKCKD$USESV7$~SHL$OTIME$ROPI$IEEEX$EBA8$UX$STANDARDLIB$REQ8$PRES8$EABIv2 0x00000000   Number         0  anon$$obj.o ABSOLUTE
    __ARM_use_no_argv                        0x00000000   Number         0  main.o ABSOLUTE
    _printf_flags                            0x00000000   Number         0  printf_stubs.o ABSOLUTE
    _printf_return_value                     0x00000000   Number         0  printf_stubs.o ABSOLUTE
    _printf_sizespec                         0x00000000   Number         0  printf_stubs.o ABSOLUTE
    _printf_widthprec                        0x00000000   Number         0  printf_stubs.o ABSOLUTE
    __ARM_exceptions_init                     - Undefined Weak Reference
    __alloca_initialize                       - Undefined Weak Reference
    __arm_preinit_                            - Undefined Weak Reference
    __cpp_initialize__aeabi_                  - Undefined Weak Reference
    __cxa_finalize                            - Undefined Weak Reference
    __sigvec_lookup                           - Undefined Weak Reference
    _atexit_init                              - Undefined Weak Reference
    _call_atexit_fns                          - Undefined Weak Reference
    _clock_init                               - Undefined Weak Reference
    _fp_trap_init                             - Undefined Weak Reference
    _fp_trap_shutdown                         - Undefined Weak Reference
    _get_lc_collate                           - Undefined Weak Reference
    _get_lc_monetary                          - Undefined Weak Reference
    _get_lc_time                              - Undefined Weak Reference
    _getenv_init                              - Undefined Weak Reference
    _handle_redirection                       - Undefined Weak Reference
    _init_alloc                               - Undefined Weak Reference
    _init_user_alloc                          - Undefined Weak Reference
    _initio                                   - Undefined Weak Reference
    _printf_mbtowc                            - Undefined Weak Reference
    _printf_wc                                - Undefined Weak Reference
    _rand_init                                - Undefined Weak Reference
    _signal_finish                            - Undefined Weak Reference
    _signal_init                              - Undefined Weak Reference
    _terminate_alloc                          - Undefined Weak Reference
    _terminate_user_alloc                     - Undefined Weak Reference
    _terminateio                              - Undefined Weak Reference
    __Vectors_Size                           0x000000ec   Number         0  startup_stm32f103xb.o ABSOLUTE
    __Vectors                                0x08000000   Data           4  startup_stm32f103xb.o(RESET)
    __Vectors_End                            0x080000ec   Data           0  startup_stm32f103xb.o(RESET)
    __main                                   0x080000ed   Thumb Code     8  __main.o(!!!main)
    __scatterload                            0x080000f5   Thumb Code     0  __scatter.o(!!!scatter)
    __scatterload_rt2                        0x080000f5   Thumb Code    44  __scatter.o(!!!scatter)
    __scatterload_rt2_thumb_only             0x080000f5   Thumb Code     0  __scatter.o(!!!scatter)
    __scatterload_null                       0x08000103   Thumb Code     0  __scatter.o(!!!scatter)
    __scatterload_copy                       0x08000129   Thumb Code    26  __scatter_copy.o(!!handler_copy)
    __scatterload_zeroinit                   0x08000145   Thumb Code    28  __scatter_zi.o(!!handler_zi)
    __rt_lib_init                            0x08000161   Thumb Code     0  libinit.o(.ARM.Collect$$libinit$$00000000)
    __rt_lib_init_alloca_1                   0x08000163   Thumb Code     0  libinit2.o(.ARM.Collect$$libinit$$0000002E)
    __rt_lib_init_argv_1                     0x08000163   Thumb Code     0  libinit2.o(.ARM.Collect$$libinit$$0000002C)
    __rt_lib_init_atexit_1                   0x08000163   Thumb Code     0  libinit2.o(.ARM.Collect$$libinit$$0000001B)
    __rt_lib_init_clock_1                    0x08000163   Thumb Code     0  libinit2.o(.ARM.Collect$$libinit$$00000021)
    __rt_lib_init_cpp_1                      0x08000163   Thumb Code     0  libinit2.o(.ARM.Collect$$libinit$$00000032)
    __rt_lib_init_exceptions_1               0x08000163   Thumb Code     0  libinit2.o(.ARM.Collect$$libinit$$00000030)
    __rt_lib_init_fp_1                       0x08000163   Thumb Code     0  libinit2.o(.ARM.Collect$$libinit$$00000002)
    __rt_lib_init_fp_trap_1                  0x08000163   Thumb Code     0  libinit2.o(.ARM.Collect$$libinit$$0000001F)
    __rt_lib_init_getenv_1                   0x08000163   Thumb Code     0  libinit2.o(.ARM.Collect$$libinit$$00000023)
    __rt_lib_init_heap_1                     0x08000163   Thumb Code     0  libinit2.o(.ARM.Collect$$libinit$$0000000A)
    __rt_lib_init_lc_collate_1               0x08000163   Thumb Code     0  libinit2.o(.ARM.Collect$$libinit$$00000011)
    __rt_lib_init_lc_ctype_1                 0x08000163   Thumb Code     0  libinit2.o(.ARM.Collect$$libinit$$00000013)
    __rt_lib_init_lc_monetary_1              0x08000163   Thumb Code     0  libinit2.o(.ARM.Collect$$libinit$$00000015)
    __rt_lib_init_lc_numeric_1               0x08000163   Thumb Code     0  libinit2.o(.ARM.Collect$$libinit$$00000017)
    __rt_lib_init_lc_time_1                  0x08000163   Thumb Code     0  libinit2.o(.ARM.Collect$$libinit$$00000019)
    __rt_lib_init_preinit_1                  0x08000163   Thumb Code     0  libinit2.o(.ARM.Collect$$libinit$$00000004)
    __rt_lib_init_rand_1                     0x08000163   Thumb Code     0  libinit2.o(.ARM.Collect$$libinit$$0000000E)
    __rt_lib_init_return                     0x08000163   Thumb Code     0  libinit2.o(.ARM.Collect$$libinit$$00000033)
    __rt_lib_init_signal_1                   0x08000163   Thumb Code     0  libinit2.o(.ARM.Collect$$libinit$$0000001D)
    __rt_lib_init_stdio_1                    0x08000163   Thumb Code     0  libinit2.o(.ARM.Collect$$libinit$$00000025)
    __rt_lib_init_user_alloc_1               0x08000163   Thumb Code     0  libinit2.o(.ARM.Collect$$libinit$$0000000C)
    __rt_lib_shutdown                        0x08000165   Thumb Code     0  libshutdown.o(.ARM.Collect$$libshutdown$$00000000)
    __rt_lib_shutdown_cpp_1                  0x08000167   Thumb Code     0  libshutdown2.o(.ARM.Collect$$libshutdown$$00000002)
    __rt_lib_shutdown_fp_trap_1              0x08000167   Thumb Code     0  libshutdown2.o(.ARM.Collect$$libshutdown$$00000007)
    __rt_lib_shutdown_heap_1                 0x08000167   Thumb Code     0  libshutdown2.o(.ARM.Collect$$libshutdown$$0000000F)
    __rt_lib_shutdown_return                 0x08000167   Thumb Code     0  libshutdown2.o(.ARM.Collect$$libshutdown$$00000010)
    __rt_lib_shutdown_signal_1               0x08000167   Thumb Code     0  libshutdown2.o(.ARM.Collect$$libshutdown$$0000000A)
    __rt_lib_shutdown_stdio_1                0x08000167   Thumb Code     0  libshutdown2.o(.ARM.Collect$$libshutdown$$00000004)
    __rt_lib_shutdown_user_alloc_1           0x08000167   Thumb Code     0  libshutdown2.o(.ARM.Collect$$libshutdown$$0000000C)
    __rt_entry                               0x08000169   Thumb Code     0  __rtentry.o(.ARM.Collect$$rtentry$$00000000)
    __rt_entry_presh_1                       0x08000169   Thumb Code     0  __rtentry2.o(.ARM.Collect$$rtentry$$00000002)
    __rt_entry_sh                            0x08000169   Thumb Code     0  __rtentry4.o(.ARM.Collect$$rtentry$$00000004)
    __rt_entry_li                            0x0800016f   Thumb Code     0  __rtentry2.o(.ARM.Collect$$rtentry$$0000000A)
    __rt_entry_postsh_1                      0x0800016f   Thumb Code     0  __rtentry2.o(.ARM.Collect$$rtentry$$00000009)
    __rt_entry_main                          0x08000173   Thumb Code     0  __rtentry2.o(.ARM.Collect$$rtentry$$0000000D)
    __rt_entry_postli_1                      0x08000173   Thumb Code     0  __rtentry2.o(.ARM.Collect$$rtentry$$0000000C)
    __rt_exit                                0x0800017b   Thumb Code     0  rtexit.o(.ARM.Collect$$rtexit$$00000000)
    __rt_exit_ls                             0x0800017d   Thumb Code     0  rtexit2.o(.ARM.Collect$$rtexit$$00000003)
    __rt_exit_prels_1                        0x0800017d   Thumb Code     0  rtexit2.o(.ARM.Collect$$rtexit$$00000002)
    __rt_exit_exit                           0x08000181   Thumb Code     0  rtexit2.o(.ARM.Collect$$rtexit$$00000004)
    Reset_Handler                            0x08000189   Thumb Code     8  startup_stm32f103xb.o(.text)
    ADC1_2_IRQHandler                        0x080001a3   Thumb Code     0  startup_stm32f103xb.o(.text)
    CAN1_RX1_IRQHandler                      0x080001a3   Thumb Code     0  startup_stm32f103xb.o(.text)
    CAN1_SCE_IRQHandler                      0x080001a3   Thumb Code     0  startup_stm32f103xb.o(.text)
    DMA1_Channel1_IRQHandler                 0x080001a3   Thumb Code     0  startup_stm32f103xb.o(.text)
    DMA1_Channel4_IRQHandler                 0x080001a3   Thumb Code     0  startup_stm32f103xb.o(.text)
    DMA1_Channel5_IRQHandler                 0x080001a3   Thumb Code     0  startup_stm32f103xb.o(.text)
    DMA1_Channel6_IRQHandler                 0x080001a3   Thumb Code     0  startup_stm32f103xb.o(.text)
    DMA1_Channel7_IRQHandler                 0x080001a3   Thumb Code     0  startup_stm32f103xb.o(.text)
    EXTI0_IRQHandler                         0x080001a3   Thumb Code     0  startup_stm32f103xb.o(.text)
    EXTI15_10_IRQHandler                     0x080001a3   Thumb Code     0  startup_stm32f103xb.o(.text)
    EXTI1_IRQHandler                         0x080001a3   Thumb Code     0  startup_stm32f103xb.o(.text)
    EXTI3_IRQHandler                         0x080001a3   Thumb Code     0  startup_stm32f103xb.o(.text)
    EXTI4_IRQHandler                         0x080001a3   Thumb Code     0  startup_stm32f103xb.o(.text)
    EXTI9_5_IRQHandler                       0x080001a3   Thumb Code     0  startup_stm32f103xb.o(.text)
    FLASH_IRQHandler                         0x080001a3   Thumb Code     0  startup_stm32f103xb.o(.text)
    I2C1_ER_IRQHandler                       0x080001a3   Thumb Code     0  startup_stm32f103xb.o(.text)
    I2C1_EV_IRQHandler                       0x080001a3   Thumb Code     0  startup_stm32f103xb.o(.text)
    I2C2_ER_IRQHandler                       0x080001a3   Thumb Code     0  startup_stm32f103xb.o(.text)
    I2C2_EV_IRQHandler                       0x080001a3   Thumb Code     0  startup_stm32f103xb.o(.text)
    PVD_IRQHandler                           0x080001a3   Thumb Code     0  startup_stm32f103xb.o(.text)
    RCC_IRQHandler                           0x080001a3   Thumb Code     0  startup_stm32f103xb.o(.text)
    RTC_Alarm_IRQHandler                     0x080001a3   Thumb Code     0  startup_stm32f103xb.o(.text)
    RTC_IRQHandler                           0x080001a3   Thumb Code     0  startup_stm32f103xb.o(.text)
    SPI1_IRQHandler                          0x080001a3   Thumb Code     0  startup_stm32f103xb.o(.text)
    SPI2_IRQHandler                          0x080001a3   Thumb Code     0  startup_stm32f103xb.o(.text)
    TAMPER_IRQHandler                        0x080001a3   Thumb Code     0  startup_stm32f103xb.o(.text)
    TIM1_BRK_IRQHandler                      0x080001a3   Thumb Code     0  startup_stm32f103xb.o(.text)
    TIM1_CC_IRQHandler                       0x080001a3   Thumb Code     0  startup_stm32f103xb.o(.text)
    TIM1_TRG_COM_IRQHandler                  0x080001a3   Thumb Code     0  startup_stm32f103xb.o(.text)
    TIM1_UP_IRQHandler                       0x080001a3   Thumb Code     0  startup_stm32f103xb.o(.text)
    TIM4_IRQHandler                          0x080001a3   Thumb Code     0  startup_stm32f103xb.o(.text)
    USART1_IRQHandler                        0x080001a3   Thumb Code     0  startup_stm32f103xb.o(.text)
    USART2_IRQHandler                        0x080001a3   Thumb Code     0  startup_stm32f103xb.o(.text)
    USBWakeUp_IRQHandler                     0x080001a3   Thumb Code     0  startup_stm32f103xb.o(.text)
    USB_HP_CAN1_TX_IRQHandler                0x080001a3   Thumb Code     0  startup_stm32f103xb.o(.text)
    USB_LP_CAN1_RX0_IRQHandler               0x080001a3   Thumb Code     0  startup_stm32f103xb.o(.text)
    WWDG_IRQHandler                          0x080001a3   Thumb Code     0  startup_stm32f103xb.o(.text)
    __user_initial_stackheap                 0x080001a5   Thumb Code     0  startup_stm32f103xb.o(.text)
    __aeabi_ldivmod                          0x080001c9   Thumb Code     0  llsdiv.o(.text)
    _ll_sdiv                                 0x080001c9   Thumb Code    72  llsdiv.o(.text)
    memcmp                                   0x08000211   Thumb Code    88  memcmp.o(.text)
    __aeabi_memset                           0x08000269   Thumb Code    16  aeabi_memset.o(.text)
    __aeabi_memclr4                          0x08000279   Thumb Code     0  rt_memclr_w.o(.text)
    __aeabi_memclr8                          0x08000279   Thumb Code     0  rt_memclr_w.o(.text)
    __rt_memclr_w                            0x08000279   Thumb Code    78  rt_memclr_w.o(.text)
    _memset_w                                0x0800027d   Thumb Code     0  rt_memclr_w.o(.text)
    __use_two_region_memory                  0x080002c7   Thumb Code     2  heapauxi.o(.text)
    __rt_heap_escrow$2region                 0x080002c9   Thumb Code     2  heapauxi.o(.text)
    __rt_heap_expand$2region                 0x080002cb   Thumb Code     2  heapauxi.o(.text)
    __aeabi_uldivmod                         0x080002cd   Thumb Code     0  lludivv7m.o(.text)
    _ll_udiv                                 0x080002cd   Thumb Code   238  lludivv7m.o(.text)
    __aeabi_memclr                           0x080003bb   Thumb Code     0  rt_memclr.o(.text)
    __rt_memclr                              0x080003bb   Thumb Code    68  rt_memclr.o(.text)
    _memset                                  0x080003bf   Thumb Code     0  rt_memclr.o(.text)
    __user_libspace                          0x08000401   Thumb Code     8  libspace.o(.text)
    __user_perproc_libspace                  0x08000401   Thumb Code     0  libspace.o(.text)
    __user_perthread_libspace                0x08000401   Thumb Code     0  libspace.o(.text)
    __user_setup_stackheap                   0x08000409   Thumb Code    74  sys_stackheap_outer.o(.text)
    exit                                     0x08000453   Thumb Code    18  exit.o(.text)
    _sys_exit                                0x08000465   Thumb Code     8  sys_exit.o(.text)
    __I$use$semihosting                      0x08000471   Thumb Code     0  use_no_semi.o(.text)
    __use_no_semihosting_swi                 0x08000471   Thumb Code     2  use_no_semi.o(.text)
    All_Init                                 0x08000473   Thumb Code    26  main.o(i.All_Init)
    __semihosting_library_function           0x08000473   Thumb Code     0  indicate_semi.o(.text)
    BusFault_Handler                         0x0800048d   Thumb Code     2  stm32f1xx_it.o(i.BusFault_Handler)
    DMA1_Channel2_IRQHandler                 0x08000491   Thumb Code     6  stm32f1xx_it.o(i.DMA1_Channel2_IRQHandler)
    DMA1_Channel3_IRQHandler                 0x0800049d   Thumb Code     6  stm32f1xx_it.o(i.DMA1_Channel3_IRQHandler)
    DebugMon_Handler                         0x080004d3   Thumb Code     2  stm32f1xx_it.o(i.DebugMon_Handler)
    EXTI2_IRQHandler                         0x080004d5   Thumb Code     6  stm32f1xx_it.o(i.EXTI2_IRQHandler)
    Encoder_Init                             0x080004dd   Thumb Code    22  encoder.o(i.Encoder_Init)
    Error_Handler                            0x080004fd   Thumb Code     4  main.o(i.Error_Handler)
    HAL_DMA_Abort                            0x08000501   Thumb Code    70  stm32f1xx_hal_dma.o(i.HAL_DMA_Abort)
    HAL_DMA_Abort_IT                         0x08000549   Thumb Code   148  stm32f1xx_hal_dma.o(i.HAL_DMA_Abort_IT)
    HAL_DMA_IRQHandler                       0x080005e1   Thumb Code   316  stm32f1xx_hal_dma.o(i.HAL_DMA_IRQHandler)
    HAL_DMA_Init                             0x08000735   Thumb Code    84  stm32f1xx_hal_dma.o(i.HAL_DMA_Init)
    HAL_DMA_Start_IT                         0x08000791   Thumb Code   112  stm32f1xx_hal_dma.o(i.HAL_DMA_Start_IT)
    HAL_Delay                                0x08000801   Thumb Code    32  stm32f1xx_hal.o(i.HAL_Delay)
    HAL_GPIO_EXTI_Callback                   0x08000825   Thumb Code    66  hc_sr04.o(i.HAL_GPIO_EXTI_Callback)
    HAL_GPIO_EXTI_IRQHandler                 0x08000875   Thumb Code    18  stm32f1xx_hal_gpio.o(i.HAL_GPIO_EXTI_IRQHandler)
    HAL_GPIO_Init                            0x0800088d   Thumb Code   446  stm32f1xx_hal_gpio.o(i.HAL_GPIO_Init)
    HAL_GPIO_ReadPin                         0x08000a6d   Thumb Code    10  stm32f1xx_hal_gpio.o(i.HAL_GPIO_ReadPin)
    HAL_GPIO_WritePin                        0x08000a77   Thumb Code    10  stm32f1xx_hal_gpio.o(i.HAL_GPIO_WritePin)
    HAL_GetTick                              0x08000a81   Thumb Code     6  stm32f1xx_hal.o(i.HAL_GetTick)
    HAL_IncTick                              0x08000a8d   Thumb Code    12  stm32f1xx_hal.o(i.HAL_IncTick)
    HAL_Init                                 0x08000a9d   Thumb Code    32  stm32f1xx_hal.o(i.HAL_Init)
    HAL_InitTick                             0x08000ac1   Thumb Code    54  stm32f1xx_hal.o(i.HAL_InitTick)
    HAL_MspInit                              0x08000b01   Thumb Code    52  stm32f1xx_hal_msp.o(i.HAL_MspInit)
    HAL_NVIC_EnableIRQ                       0x08000b3d   Thumb Code    26  stm32f1xx_hal_cortex.o(i.HAL_NVIC_EnableIRQ)
    HAL_NVIC_SetPriority                     0x08000b59   Thumb Code    60  stm32f1xx_hal_cortex.o(i.HAL_NVIC_SetPriority)
    HAL_NVIC_SetPriorityGrouping             0x08000b99   Thumb Code    26  stm32f1xx_hal_cortex.o(i.HAL_NVIC_SetPriorityGrouping)
    HAL_RCC_ClockConfig                      0x08000bbd   Thumb Code   280  stm32f1xx_hal_rcc.o(i.HAL_RCC_ClockConfig)
    HAL_RCC_GetPCLK1Freq                     0x08000ce9   Thumb Code    20  stm32f1xx_hal_rcc.o(i.HAL_RCC_GetPCLK1Freq)
    HAL_RCC_GetPCLK2Freq                     0x08000d09   Thumb Code    20  stm32f1xx_hal_rcc.o(i.HAL_RCC_GetPCLK2Freq)
    HAL_RCC_GetSysClockFreq                  0x08000d29   Thumb Code    58  stm32f1xx_hal_rcc.o(i.HAL_RCC_GetSysClockFreq)
    HAL_RCC_OscConfig                        0x08000d75   Thumb Code   778  stm32f1xx_hal_rcc.o(i.HAL_RCC_OscConfig)
    HAL_SYSTICK_Config                       0x08001095   Thumb Code    40  stm32f1xx_hal_cortex.o(i.HAL_SYSTICK_Config)
    HAL_TIMEx_BreakCallback                  0x080010bd   Thumb Code     2  stm32f1xx_hal_tim_ex.o(i.HAL_TIMEx_BreakCallback)
    HAL_TIMEx_CommutCallback                 0x080010bf   Thumb Code     2  stm32f1xx_hal_tim_ex.o(i.HAL_TIMEx_CommutCallback)
    HAL_TIMEx_ConfigBreakDeadTime            0x080010c1   Thumb Code    84  stm32f1xx_hal_tim_ex.o(i.HAL_TIMEx_ConfigBreakDeadTime)
    HAL_TIMEx_MasterConfigSynchronization    0x08001115   Thumb Code    92  stm32f1xx_hal_tim_ex.o(i.HAL_TIMEx_MasterConfigSynchronization)
    HAL_TIM_Base_Init                        0x0800117d   Thumb Code    90  stm32f1xx_hal_tim.o(i.HAL_TIM_Base_Init)
    HAL_TIM_Base_MspInit                     0x080011d9   Thumb Code    72  tim.o(i.HAL_TIM_Base_MspInit)
    HAL_TIM_Base_Start                       0x0800122d   Thumb Code    66  stm32f1xx_hal_tim.o(i.HAL_TIM_Base_Start)
    HAL_TIM_ConfigClockSource                0x0800127d   Thumb Code   220  stm32f1xx_hal_tim.o(i.HAL_TIM_ConfigClockSource)
    HAL_TIM_Encoder_Init                     0x08001359   Thumb Code   164  stm32f1xx_hal_tim.o(i.HAL_TIM_Encoder_Init)
    HAL_TIM_Encoder_MspInit                  0x080013fd   Thumb Code   140  tim.o(i.HAL_TIM_Encoder_MspInit)
    HAL_TIM_Encoder_Start                    0x08001499   Thumb Code   142  stm32f1xx_hal_tim.o(i.HAL_TIM_Encoder_Start)
    HAL_TIM_IC_CaptureCallback               0x08001527   Thumb Code     2  stm32f1xx_hal_tim.o(i.HAL_TIM_IC_CaptureCallback)
    HAL_TIM_IRQHandler                       0x08001529   Thumb Code   304  stm32f1xx_hal_tim.o(i.HAL_TIM_IRQHandler)
    HAL_TIM_MspPostInit                      0x08001659   Thumb Code    64  tim.o(i.HAL_TIM_MspPostInit)
    HAL_TIM_OC_DelayElapsedCallback          0x080016a5   Thumb Code     2  stm32f1xx_hal_tim.o(i.HAL_TIM_OC_DelayElapsedCallback)
    HAL_TIM_PWM_ConfigChannel                0x080016a7   Thumb Code   204  stm32f1xx_hal_tim.o(i.HAL_TIM_PWM_ConfigChannel)
    HAL_TIM_PWM_Init                         0x08001773   Thumb Code    90  stm32f1xx_hal_tim.o(i.HAL_TIM_PWM_Init)
    HAL_TIM_PWM_MspInit                      0x080017cd   Thumb Code     2  stm32f1xx_hal_tim.o(i.HAL_TIM_PWM_MspInit)
    HAL_TIM_PWM_PulseFinishedCallback        0x080017cf   Thumb Code     2  stm32f1xx_hal_tim.o(i.HAL_TIM_PWM_PulseFinishedCallback)
    HAL_TIM_PWM_Start                        0x080017d1   Thumb Code   144  stm32f1xx_hal_tim.o(i.HAL_TIM_PWM_Start)
    HAL_TIM_PeriodElapsedCallback            0x0800186d   Thumb Code     2  stm32f1xx_hal_tim.o(i.HAL_TIM_PeriodElapsedCallback)
    HAL_TIM_TriggerCallback                  0x0800186f   Thumb Code     2  stm32f1xx_hal_tim.o(i.HAL_TIM_TriggerCallback)
    HAL_UARTEx_ReceiveToIdle_DMA             0x08001871   Thumb Code    74  stm32f1xx_hal_uart.o(i.HAL_UARTEx_ReceiveToIdle_DMA)
    HAL_UARTEx_RxEventCallback               0x080018bd   Thumb Code    30  serial_dma.o(i.HAL_UARTEx_RxEventCallback)
    HAL_UART_ErrorCallback                   0x080018e9   Thumb Code     2  stm32f1xx_hal_uart.o(i.HAL_UART_ErrorCallback)
    HAL_UART_IRQHandler                      0x080018ed   Thumb Code   616  stm32f1xx_hal_uart.o(i.HAL_UART_IRQHandler)
    HAL_UART_Init                            0x08001b59   Thumb Code   100  stm32f1xx_hal_uart.o(i.HAL_UART_Init)
    HAL_UART_MspInit                         0x08001bbd   Thumb Code   198  usart.o(i.HAL_UART_MspInit)
    HAL_UART_RxCpltCallback                  0x08001c99   Thumb Code     2  stm32f1xx_hal_uart.o(i.HAL_UART_RxCpltCallback)
    HAL_UART_RxHalfCpltCallback              0x08001c9b   Thumb Code     2  stm32f1xx_hal_uart.o(i.HAL_UART_RxHalfCpltCallback)
    HAL_UART_TxCpltCallback                  0x08001c9d   Thumb Code    16  serial_dma.o(i.HAL_UART_TxCpltCallback)
    HC_SR04_Init                             0x08001cb5   Thumb Code     6  hc_sr04.o(i.HC_SR04_Init)
    HardFault_Handler                        0x08001cc1   Thumb Code     2  stm32f1xx_it.o(i.HardFault_Handler)
    IIC_Ack                                  0x08001cc5   Thumb Code    60  iic.o(i.IIC_Ack)
    IIC_GPIO_Init                            0x08001d11   Thumb Code    50  iic.o(i.IIC_GPIO_Init)
    IIC_NAck                                 0x08001d4d   Thumb Code    50  iic.o(i.IIC_NAck)
    IIC_Read_Byte                            0x08001d85   Thumb Code    84  iic.o(i.IIC_Read_Byte)
    IIC_Send_Byte                            0x08001ddd   Thumb Code    86  iic.o(i.IIC_Send_Byte)
    IIC_Start                                0x08001e39   Thumb Code    60  iic.o(i.IIC_Start)
    IIC_Stop                                 0x08001e79   Thumb Code    42  iic.o(i.IIC_Stop)
    IIC_Wait_Ack                             0x08001ea9   Thumb Code    66  iic.o(i.IIC_Wait_Ack)
    MPU_DMP_Init                             0x08001ef1   Thumb Code    20  mpu6050.o(i.MPU_DMP_Init)
    MPU_Init                                 0x08001f05   Thumb Code   118  mpu6050.o(i.MPU_Init)
    MPU_Read_Byte                            0x08001f7b   Thumb Code    58  mpu6050.o(i.MPU_Read_Byte)
    MPU_Read_Len                             0x08001fb5   Thumb Code   108  mpu6050.o(i.MPU_Read_Len)
    MPU_Set_Accel_Fsr                        0x08002021   Thumb Code    10  mpu6050.o(i.MPU_Set_Accel_Fsr)
    MPU_Set_Gyro_Fsr                         0x0800202b   Thumb Code    10  mpu6050.o(i.MPU_Set_Gyro_Fsr)
    MPU_Set_LPF                              0x08002035   Thumb Code    48  mpu6050.o(i.MPU_Set_LPF)
    MPU_Set_Rate                             0x08002065   Thumb Code    46  mpu6050.o(i.MPU_Set_Rate)
    MPU_Write_Byte                           0x08002093   Thumb Code    60  mpu6050.o(i.MPU_Write_Byte)
    MPU_Write_Len                            0x080020cf   Thumb Code    82  mpu6050.o(i.MPU_Write_Len)
    MX_DMA_Init                              0x08002121   Thumb Code    56  dma.o(i.MX_DMA_Init)
    MX_GPIO_Init                             0x0800215d   Thumb Code   216  gpio.o(i.MX_GPIO_Init)
    MX_TIM1_Init                             0x08002245   Thumb Code   206  tim.o(i.MX_TIM1_Init)
    MX_TIM2_Init                             0x0800231d   Thumb Code   102  tim.o(i.MX_TIM2_Init)
    MX_TIM3_Init                             0x08002389   Thumb Code    94  tim.o(i.MX_TIM3_Init)
    MX_TIM4_Init                             0x080023f1   Thumb Code   100  tim.o(i.MX_TIM4_Init)
    MX_USART3_UART_Init                      0x0800245d   Thumb Code    48  usart.o(i.MX_USART3_UART_Init)
    MemManage_Handler                        0x08002495   Thumb Code     2  stm32f1xx_it.o(i.MemManage_Handler)
    Motor_SetPWM                             0x08002499   Thumb Code   130  motor.o(i.Motor_SetPWM)
    NMI_Handler                              0x08002521   Thumb Code     2  stm32f1xx_it.o(i.NMI_Handler)
    OLED_Clear                               0x08002525   Thumb Code    34  oled.o(i.OLED_Clear)
    OLED_GPIO_Init                           0x0800254d   Thumb Code    42  oled.o(i.OLED_GPIO_Init)
    OLED_I2C_SendByte                        0x08002577   Thumb Code    58  oled.o(i.OLED_I2C_SendByte)
    OLED_I2C_Start                           0x080025b1   Thumb Code    30  oled.o(i.OLED_I2C_Start)
    OLED_I2C_Stop                            0x080025cf   Thumb Code    24  oled.o(i.OLED_I2C_Stop)
    OLED_Init                                0x080025e7   Thumb Code   156  oled.o(i.OLED_Init)
    OLED_SetCursor                           0x08002683   Thumb Code    34  oled.o(i.OLED_SetCursor)
    OLED_Update                              0x080026a5   Thumb Code    34  oled.o(i.OLED_Update)
    OLED_W_SCL                               0x080026cd   Thumb Code    12  oled.o(i.OLED_W_SCL)
    OLED_W_SDA                               0x080026dd   Thumb Code    12  oled.o(i.OLED_W_SDA)
    OLED_WriteCommand                        0x080026ed   Thumb Code    34  oled.o(i.OLED_WriteCommand)
    OLED_WriteData                           0x0800270f   Thumb Code    48  oled.o(i.OLED_WriteData)
    PWM_Init                                 0x08002741   Thumb Code    22  pwm.o(i.PWM_Init)
    PWM_Set_Compare1                         0x0800275d   Thumb Code     8  pwm.o(i.PWM_Set_Compare1)
    PWM_Set_Compare2                         0x08002769   Thumb Code     8  pwm.o(i.PWM_Set_Compare2)
    PendSV_Handler                           0x08002775   Thumb Code     2  stm32f1xx_it.o(i.PendSV_Handler)
    SVC_Handler                              0x08002777   Thumb Code     2  stm32f1xx_it.o(i.SVC_Handler)
    SysTick_Handler                          0x08002779   Thumb Code     4  stm32f1xx_it.o(i.SysTick_Handler)
    SystemClock_Config                       0x0800277d   Thumb Code    94  main.o(i.SystemClock_Config)
    SystemInit                               0x080027db   Thumb Code     2  system_stm32f1xx.o(i.SystemInit)
    TIM2_IRQHandler                          0x080027dd   Thumb Code     6  stm32f1xx_it.o(i.TIM2_IRQHandler)
    TIM3_IRQHandler                          0x080027e9   Thumb Code     6  stm32f1xx_it.o(i.TIM3_IRQHandler)
    TIM_Base_SetConfig                       0x080027f5   Thumb Code   108  stm32f1xx_hal_tim.o(i.TIM_Base_SetConfig)
    TIM_CCxChannelCmd                        0x0800286d   Thumb Code    26  stm32f1xx_hal_tim.o(i.TIM_CCxChannelCmd)
    TIM_ETR_SetConfig                        0x08002887   Thumb Code    20  stm32f1xx_hal_tim.o(i.TIM_ETR_SetConfig)
    TIM_OC2_SetConfig                        0x080028fd   Thumb Code    84  stm32f1xx_hal_tim.o(i.TIM_OC2_SetConfig)
    UART_Start_Receive_DMA                   0x08002d19   Thumb Code   130  stm32f1xx_hal_uart.o(i.UART_Start_Receive_DMA)
    USART3_IRQHandler                        0x08002da9   Thumb Code     6  stm32f1xx_it.o(i.USART3_IRQHandler)
    UsageFault_Handler                       0x08002db5   Thumb Code     2  stm32f1xx_it.o(i.UsageFault_Handler)
    dmp_enable_6x_lp_quat                    0x08002e59   Thumb Code    58  inv_mpu_dmp_motion_driver.o(i.dmp_enable_6x_lp_quat)
    dmp_enable_feature                       0x08002e95   Thumb Code   464  inv_mpu_dmp_motion_driver.o(i.dmp_enable_feature)
    dmp_enable_gyro_cal                      0x0800306d   Thumb Code    34  inv_mpu_dmp_motion_driver.o(i.dmp_enable_gyro_cal)
    dmp_enable_lp_quat                       0x080030a9   Thumb Code    58  inv_mpu_dmp_motion_driver.o(i.dmp_enable_lp_quat)
    dmp_load_motion_driver_firmware          0x080030e5   Thumb Code    16  inv_mpu_dmp_motion_driver.o(i.dmp_load_motion_driver_firmware)
    dmp_set_accel_bias                       0x080030f9   Thumb Code   210  inv_mpu_dmp_motion_driver.o(i.dmp_set_accel_bias)
    dmp_set_fifo_rate                        0x080031d1   Thumb Code    82  inv_mpu_dmp_motion_driver.o(i.dmp_set_fifo_rate)
    dmp_set_gyro_bias                        0x08003235   Thumb Code   196  inv_mpu_dmp_motion_driver.o(i.dmp_set_gyro_bias)
    dmp_set_orientation                      0x08003301   Thumb Code   246  inv_mpu_dmp_motion_driver.o(i.dmp_set_orientation)
    dmp_set_shake_reject_thresh              0x0800340d   Thumb Code    48  inv_mpu_dmp_motion_driver.o(i.dmp_set_shake_reject_thresh)
    dmp_set_shake_reject_time                0x0800343d   Thumb Code    32  inv_mpu_dmp_motion_driver.o(i.dmp_set_shake_reject_time)
    dmp_set_shake_reject_timeout             0x0800345d   Thumb Code    32  inv_mpu_dmp_motion_driver.o(i.dmp_set_shake_reject_timeout)
    dmp_set_tap_axes                         0x0800347d   Thumb Code    64  inv_mpu_dmp_motion_driver.o(i.dmp_set_tap_axes)
    dmp_set_tap_count                        0x080034bd   Thumb Code    34  inv_mpu_dmp_motion_driver.o(i.dmp_set_tap_count)
    dmp_set_tap_thresh                       0x080034e1   Thumb Code   274  inv_mpu_dmp_motion_driver.o(i.dmp_set_tap_thresh)
    dmp_set_tap_time                         0x08003609   Thumb Code    32  inv_mpu_dmp_motion_driver.o(i.dmp_set_tap_time)
    dmp_set_tap_time_multi                   0x08003629   Thumb Code    32  inv_mpu_dmp_motion_driver.o(i.dmp_set_tap_time_multi)
    inv_orientation_matrix_to_scalar         0x08003add   Thumb Code    34  inv_mpu.o(i.inv_orientation_matrix_to_scalar)
    inv_row_2_scale                          0x08003aff   Thumb Code    72  inv_mpu.o(i.inv_row_2_scale)
    main                                     0x08003b47   Thumb Code    50  main.o(i.main)
    mpu_configure_fifo                       0x08003b79   Thumb Code    78  inv_mpu.o(i.mpu_configure_fifo)
    mpu_dmp_init                             0x08003bcd   Thumb Code   152  inv_mpu.o(i.mpu_dmp_init)
    mpu_get_accel_fsr                        0x08003c69   Thumb Code    54  inv_mpu.o(i.mpu_get_accel_fsr)
    mpu_get_accel_sens                       0x08003ca5   Thumb Code    62  inv_mpu.o(i.mpu_get_accel_sens)
    mpu_get_gyro_fsr                         0x08003ce9   Thumb Code    48  inv_mpu.o(i.mpu_get_gyro_fsr)
    mpu_get_gyro_sens                        0x08003d1d   Thumb Code    44  inv_mpu.o(i.mpu_get_gyro_sens)
    mpu_get_lpf                              0x08003d5d   Thumb Code    52  inv_mpu.o(i.mpu_get_lpf)
    mpu_get_sample_rate                      0x08003d95   Thumb Code    22  inv_mpu.o(i.mpu_get_sample_rate)
    mpu_init                                 0x08003db1   Thumb Code   288  inv_mpu.o(i.mpu_init)
    mpu_load_firmware                        0x08003ed5   Thumb Code   154  inv_mpu.o(i.mpu_load_firmware)
    mpu_lp_accel_mode                        0x08003f75   Thumb Code   178  inv_mpu.o(i.mpu_lp_accel_mode)
    mpu_read_mem                             0x0800402d   Thumb Code    80  inv_mpu.o(i.mpu_read_mem)
    mpu_reset_fifo                           0x08004081   Thumb Code   346  inv_mpu.o(i.mpu_reset_fifo)
    mpu_run_self_test                        0x080041e1   Thumb Code   234  inv_mpu.o(i.mpu_run_self_test)
    mpu_set_accel_fsr                        0x080042d1   Thumb Code    98  inv_mpu.o(i.mpu_set_accel_fsr)
    mpu_set_bypass                           0x08004339   Thumb Code   214  inv_mpu.o(i.mpu_set_bypass)
    mpu_set_dmp_state                        0x08004415   Thumb Code   114  inv_mpu.o(i.mpu_set_dmp_state)
    mpu_set_gyro_fsr                         0x0800448d   Thumb Code   104  inv_mpu.o(i.mpu_set_gyro_fsr)
    mpu_set_int_latched                      0x080044f9   Thumb Code    94  inv_mpu.o(i.mpu_set_int_latched)
    mpu_set_lpf                              0x0800455d   Thumb Code   102  inv_mpu.o(i.mpu_set_lpf)
    mpu_set_sample_rate                      0x080045c9   Thumb Code   124  inv_mpu.o(i.mpu_set_sample_rate)
    mpu_set_sensors                          0x08004649   Thumb Code   178  inv_mpu.o(i.mpu_set_sensors)
    mpu_write_mem                            0x08004701   Thumb Code    80  inv_mpu.o(i.mpu_write_mem)
    run_self_test                            0x08004755   Thumb Code   128  inv_mpu.o(i.run_self_test)
    __aeabi_fadd                             0x0800482d   Thumb Code     0  faddsub_clz.o(x$fpl$fadd)
    _fadd                                    0x0800482d   Thumb Code   196  faddsub_clz.o(x$fpl$fadd)
    __fpl_fcheck_NaN1                        0x080048f1   Thumb Code     6  fcheck1.o(x$fpl$fcheck1)
    __aeabi_fdiv                             0x080048fd   Thumb Code     0  fdiv.o(x$fpl$fdiv)
    _fdiv                                    0x080048fd   Thumb Code   384  fdiv.o(x$fpl$fdiv)
    __aeabi_f2iz                             0x08004a81   Thumb Code     0  ffix.o(x$fpl$ffix)
    _ffix                                    0x08004a81   Thumb Code    54  ffix.o(x$fpl$ffix)
    __aeabi_f2uiz                            0x08004ab9   Thumb Code     0  ffixu.o(x$fpl$ffixu)
    _ffixu                                   0x08004ab9   Thumb Code    62  ffixu.o(x$fpl$ffixu)
    __aeabi_i2f                              0x08004af9   Thumb Code     0  fflt_clz.o(x$fpl$fflt)
    _fflt                                    0x08004af9   Thumb Code    48  fflt_clz.o(x$fpl$fflt)
    __aeabi_ui2f                             0x08004b29   Thumb Code     0  fflt_clz.o(x$fpl$ffltu)
    _ffltu                                   0x08004b29   Thumb Code    38  fflt_clz.o(x$fpl$ffltu)
    __aeabi_fmul                             0x08004b51   Thumb Code     0  fmul.o(x$fpl$fmul)
    _fmul                                    0x08004b51   Thumb Code   258  fmul.o(x$fpl$fmul)
    __fpl_fnaninf                            0x08004c53   Thumb Code   140  fnaninf.o(x$fpl$fnaninf)
    __fpl_fretinf                            0x08004cdf   Thumb Code    10  fretinf.o(x$fpl$fretinf)
    __aeabi_fsub                             0x08004ce9   Thumb Code     0  faddsub_clz.o(x$fpl$fsub)
    _fsub                                    0x08004ce9   Thumb Code   234  faddsub_clz.o(x$fpl$fsub)
    __fpl_return_NaN                         0x08004dd3   Thumb Code   100  retnan.o(x$fpl$retnan)
    __ARM_scalbnf                            0x08004e37   Thumb Code    76  scalbnf.o(x$fpl$scalbnf)
    __fpl_cmpreturn                          0x08004e83   Thumb Code    48  trapv.o(x$fpl$trapveneer)
    __I$use$fp                               0x08004eb2   Number         0  usenofp.o(x$fpl$usenofp)
    AHBPrescTable                            0x08004ec4   Data          16  system_stm32f1xx.o(.constdata)
    APBPrescTable                            0x08004ed4   Data           8  system_stm32f1xx.o(.constdata)
    reg                                      0x08004edc   Data          27  inv_mpu.o(.constdata)
    hw                                       0x08004ef8   Data          12  inv_mpu.o(.constdata)
    test                                     0x08004f04   Data          40  inv_mpu.o(.constdata)
    Region$$Table$$Base                      0x08005b24   Number         0  anon$$obj.o(Region$$Table)
    Region$$Table$$Limit                     0x08005b44   Number         0  anon$$obj.o(Region$$Table)
    uwTickFreq                               0x20000000   Data           1  stm32f1xx_hal.o(.data)
    uwTickPrio                               0x20000004   Data           4  stm32f1xx_hal.o(.data)
    uwTick                                   0x20000008   Data           4  stm32f1xx_hal.o(.data)
    SystemCoreClock                          0x2000000c   Data           4  system_stm32f1xx.o(.data)
    echo_state                               0x20000048   Data           1  hc_sr04.o(.data)
    echo_start                               0x2000004c   Data           4  hc_sr04.o(.data)
    echo_end                                 0x20000050   Data           4  hc_sr04.o(.data)
    temp_distance                            0x20000054   Data           4  hc_sr04.o(.data)
    dma_uart_tx_busy                         0x20000058   Data           1  serial_dma.o(.data)
    dma_rx_head                              0x2000005a   Data           2  serial_dma.o(.data)
    dma_rx_tail                              0x2000005c   Data           2  serial_dma.o(.data)
    htim1                                    0x20000060   Data          72  tim.o(.bss)
    htim2                                    0x200000a8   Data          72  tim.o(.bss)
    htim3                                    0x200000f0   Data          72  tim.o(.bss)
    htim4                                    0x20000138   Data          72  tim.o(.bss)
    huart3                                   0x20000180   Data          72  usart.o(.bss)
    hdma_usart3_rx                           0x200001c8   Data          68  usart.o(.bss)
    hdma_usart3_tx                           0x2000020c   Data          68  usart.o(.bss)
    OLED_DisplayBuf                          0x20000250   Data        1024  oled.o(.bss)
    dma_rx_buffer                            0x20000760   Data         256  serial_dma.o(.bss)
    dma_tx_buffer                            0x20000860   Data         256  serial_dma.o(.bss)
    __libspace_start                         0x20000960   Data          96  libspace.o(.bss)
    __temporary_stack_top$libspace           0x200009c0   Data           0  libspace.o(.bss)



==============================================================================

Memory Map of the image

  Image Entry point : 0x080000ed

  Load Region LR_IROM1 (Base: 0x08000000, Size: 0x00005ba4, Max: 0x00010000, ABSOLUTE)

    Execution Region ER_IROM1 (Exec base: 0x08000000, Load base: 0x08000000, Size: 0x00005b44, Max: 0x00010000, ABSOLUTE)

    Exec Addr    Load Addr    Size         Type   Attr      Idx    E Section Name        Object

    0x08000000   0x08000000   0x000000ec   Data   RO            3    RESET               startup_stm32f103xb.o
    0x080000ec   0x080000ec   0x00000008   Code   RO         4198  * !!!main             c_w.l(__main.o)
    0x080000f4   0x080000f4   0x00000034   Code   RO         4683    !!!scatter          c_w.l(__scatter.o)
    0x08000128   0x08000128   0x0000001a   Code   RO         4685    !!handler_copy      c_w.l(__scatter_copy.o)
    0x08000142   0x08000142   0x00000002   PAD
    0x08000144   0x08000144   0x0000001c   Code   RO         4687    !!handler_zi        c_w.l(__scatter_zi.o)
    0x08000160   0x08000160   0x00000002   Code   RO         4545    .ARM.Collect$$libinit$$00000000  c_w.l(libinit.o)
    0x08000162   0x08000162   0x00000000   Code   RO         4560    .ARM.Collect$$libinit$$00000002  c_w.l(libinit2.o)
    0x08000162   0x08000162   0x00000000   Code   RO         4562    .ARM.Collect$$libinit$$00000004  c_w.l(libinit2.o)
    0x08000162   0x08000162   0x00000000   Code   RO         4565    .ARM.Collect$$libinit$$0000000A  c_w.l(libinit2.o)
    0x08000162   0x08000162   0x00000000   Code   RO         4567    .ARM.Collect$$libinit$$0000000C  c_w.l(libinit2.o)
    0x08000162   0x08000162   0x00000000   Code   RO         4569    .ARM.Collect$$libinit$$0000000E  c_w.l(libinit2.o)
    0x08000162   0x08000162   0x00000000   Code   RO         4572    .ARM.Collect$$libinit$$00000011  c_w.l(libinit2.o)
    0x08000162   0x08000162   0x00000000   Code   RO         4574    .ARM.Collect$$libinit$$00000013  c_w.l(libinit2.o)
    0x08000162   0x08000162   0x00000000   Code   RO         4576    .ARM.Collect$$libinit$$00000015  c_w.l(libinit2.o)
    0x08000162   0x08000162   0x00000000   Code   RO         4578    .ARM.Collect$$libinit$$00000017  c_w.l(libinit2.o)
    0x08000162   0x08000162   0x00000000   Code   RO         4580    .ARM.Collect$$libinit$$00000019  c_w.l(libinit2.o)
    0x08000162   0x08000162   0x00000000   Code   RO         4582    .ARM.Collect$$libinit$$0000001B  c_w.l(libinit2.o)
    0x08000162   0x08000162   0x00000000   Code   RO         4584    .ARM.Collect$$libinit$$0000001D  c_w.l(libinit2.o)
    0x08000162   0x08000162   0x00000000   Code   RO         4586    .ARM.Collect$$libinit$$0000001F  c_w.l(libinit2.o)
    0x08000162   0x08000162   0x00000000   Code   RO         4588    .ARM.Collect$$libinit$$00000021  c_w.l(libinit2.o)
    0x08000162   0x08000162   0x00000000   Code   RO         4590    .ARM.Collect$$libinit$$00000023  c_w.l(libinit2.o)
    0x08000162   0x08000162   0x00000000   Code   RO         4592    .ARM.Collect$$libinit$$00000025  c_w.l(libinit2.o)
    0x08000162   0x08000162   0x00000000   Code   RO         4596    .ARM.Collect$$libinit$$0000002C  c_w.l(libinit2.o)
    0x08000162   0x08000162   0x00000000   Code   RO         4598    .ARM.Collect$$libinit$$0000002E  c_w.l(libinit2.o)
    0x08000162   0x08000162   0x00000000   Code   RO         4600    .ARM.Collect$$libinit$$00000030  c_w.l(libinit2.o)
    0x08000162   0x08000162   0x00000000   Code   RO         4602    .ARM.Collect$$libinit$$00000032  c_w.l(libinit2.o)
    0x08000162   0x08000162   0x00000002   Code   RO         4603    .ARM.Collect$$libinit$$00000033  c_w.l(libinit2.o)
    0x08000164   0x08000164   0x00000002   Code   RO         4633    .ARM.Collect$$libshutdown$$00000000  c_w.l(libshutdown.o)
    0x08000166   0x08000166   0x00000000   Code   RO         4650    .ARM.Collect$$libshutdown$$00000002  c_w.l(libshutdown2.o)
    0x08000166   0x08000166   0x00000000   Code   RO         4652    .ARM.Collect$$libshutdown$$00000004  c_w.l(libshutdown2.o)
    0x08000166   0x08000166   0x00000000   Code   RO         4655    .ARM.Collect$$libshutdown$$00000007  c_w.l(libshutdown2.o)
    0x08000166   0x08000166   0x00000000   Code   RO         4658    .ARM.Collect$$libshutdown$$0000000A  c_w.l(libshutdown2.o)
    0x08000166   0x08000166   0x00000000   Code   RO         4660    .ARM.Collect$$libshutdown$$0000000C  c_w.l(libshutdown2.o)
    0x08000166   0x08000166   0x00000000   Code   RO         4663    .ARM.Collect$$libshutdown$$0000000F  c_w.l(libshutdown2.o)
    0x08000166   0x08000166   0x00000002   Code   RO         4664    .ARM.Collect$$libshutdown$$00000010  c_w.l(libshutdown2.o)
    0x08000168   0x08000168   0x00000000   Code   RO         4282    .ARM.Collect$$rtentry$$00000000  c_w.l(__rtentry.o)
    0x08000168   0x08000168   0x00000000   Code   RO         4447    .ARM.Collect$$rtentry$$00000002  c_w.l(__rtentry2.o)
    0x08000168   0x08000168   0x00000006   Code   RO         4459    .ARM.Collect$$rtentry$$00000004  c_w.l(__rtentry4.o)
    0x0800016e   0x0800016e   0x00000000   Code   RO         4449    .ARM.Collect$$rtentry$$00000009  c_w.l(__rtentry2.o)
    0x0800016e   0x0800016e   0x00000004   Code   RO         4450    .ARM.Collect$$rtentry$$0000000A  c_w.l(__rtentry2.o)
    0x08000172   0x08000172   0x00000000   Code   RO         4452    .ARM.Collect$$rtentry$$0000000C  c_w.l(__rtentry2.o)
    0x08000172   0x08000172   0x00000008   Code   RO         4453    .ARM.Collect$$rtentry$$0000000D  c_w.l(__rtentry2.o)
    0x0800017a   0x0800017a   0x00000002   Code   RO         4550    .ARM.Collect$$rtexit$$00000000  c_w.l(rtexit.o)
    0x0800017c   0x0800017c   0x00000000   Code   RO         4605    .ARM.Collect$$rtexit$$00000002  c_w.l(rtexit2.o)
    0x0800017c   0x0800017c   0x00000004   Code   RO         4606    .ARM.Collect$$rtexit$$00000003  c_w.l(rtexit2.o)
    0x08000180   0x08000180   0x00000006   Code   RO         4607    .ARM.Collect$$rtexit$$00000004  c_w.l(rtexit2.o)
    0x08000186   0x08000186   0x00000002   PAD
    0x08000188   0x08000188   0x00000040   Code   RO            4    .text               startup_stm32f103xb.o
    0x080001c8   0x080001c8   0x00000048   Code   RO         4178    .text               c_w.l(llsdiv.o)
    0x08000210   0x08000210   0x00000058   Code   RO         4184    .text               c_w.l(memcmp.o)
    0x08000268   0x08000268   0x00000010   Code   RO         4190    .text               c_w.l(aeabi_memset.o)
    0x08000278   0x08000278   0x0000004e   Code   RO         4192    .text               c_w.l(rt_memclr_w.o)
    0x080002c6   0x080002c6   0x00000006   Code   RO         4196    .text               c_w.l(heapauxi.o)
    0x080002cc   0x080002cc   0x000000ee   Code   RO         4283    .text               c_w.l(lludivv7m.o)
    0x080003ba   0x080003ba   0x00000044   Code   RO         4382    .text               c_w.l(rt_memclr.o)
    0x080003fe   0x080003fe   0x00000002   PAD
    0x08000400   0x08000400   0x00000008   Code   RO         4494    .text               c_w.l(libspace.o)
    0x08000408   0x08000408   0x0000004a   Code   RO         4497    .text               c_w.l(sys_stackheap_outer.o)
    0x08000452   0x08000452   0x00000012   Code   RO         4538    .text               c_w.l(exit.o)
    0x08000464   0x08000464   0x0000000c   Code   RO         4621    .text               c_w.l(sys_exit.o)
    0x08000470   0x08000470   0x00000002   Code   RO         4638    .text               c_w.l(use_no_semi.o)
    0x08000472   0x08000472   0x00000000   Code   RO         4640    .text               c_w.l(indicate_semi.o)
    0x08000472   0x08000472   0x0000001a   Code   RO           13    i.All_Init          main.o
    0x0800048c   0x0800048c   0x00000002   Code   RO          358    i.BusFault_Handler  stm32f1xx_it.o
    0x0800048e   0x0800048e   0x00000002   PAD
    0x08000490   0x08000490   0x0000000c   Code   RO          359    i.DMA1_Channel2_IRQHandler  stm32f1xx_it.o
    0x0800049c   0x0800049c   0x0000000c   Code   RO          360    i.DMA1_Channel3_IRQHandler  stm32f1xx_it.o
    0x080004a8   0x080004a8   0x0000002a   Code   RO         1883    i.DMA_SetConfig     stm32f1xx_hal_dma.o
    0x080004d2   0x080004d2   0x00000002   Code   RO          361    i.DebugMon_Handler  stm32f1xx_it.o
    0x080004d4   0x080004d4   0x00000006   Code   RO          362    i.EXTI2_IRQHandler  stm32f1xx_it.o
    0x080004da   0x080004da   0x00000002   PAD
    0x080004dc   0x080004dc   0x00000020   Code   RO         3886    i.Encoder_Init      encoder.o
    0x080004fc   0x080004fc   0x00000004   Code   RO           14    i.Error_Handler     main.o
    0x08000500   0x08000500   0x00000046   Code   RO         1884    i.HAL_DMA_Abort     stm32f1xx_hal_dma.o
    0x08000546   0x08000546   0x00000002   PAD
    0x08000548   0x08000548   0x00000098   Code   RO         1885    i.HAL_DMA_Abort_IT  stm32f1xx_hal_dma.o
    0x080005e0   0x080005e0   0x00000154   Code   RO         1889    i.HAL_DMA_IRQHandler  stm32f1xx_hal_dma.o
    0x08000734   0x08000734   0x0000005c   Code   RO         1890    i.HAL_DMA_Init      stm32f1xx_hal_dma.o
    0x08000790   0x08000790   0x00000070   Code   RO         1894    i.HAL_DMA_Start_IT  stm32f1xx_hal_dma.o
    0x08000800   0x08000800   0x00000024   Code   RO         1510    i.HAL_Delay         stm32f1xx_hal.o
    0x08000824   0x08000824   0x00000050   Code   RO         3924    i.HAL_GPIO_EXTI_Callback  hc_sr04.o
    0x08000874   0x08000874   0x00000018   Code   RO         1819    i.HAL_GPIO_EXTI_IRQHandler  stm32f1xx_hal_gpio.o
    0x0800088c   0x0800088c   0x000001e0   Code   RO         1820    i.HAL_GPIO_Init     stm32f1xx_hal_gpio.o
    0x08000a6c   0x08000a6c   0x0000000a   Code   RO         1822    i.HAL_GPIO_ReadPin  stm32f1xx_hal_gpio.o
    0x08000a76   0x08000a76   0x0000000a   Code   RO         1824    i.HAL_GPIO_WritePin  stm32f1xx_hal_gpio.o
    0x08000a80   0x08000a80   0x0000000c   Code   RO         1514    i.HAL_GetTick       stm32f1xx_hal.o
    0x08000a8c   0x08000a8c   0x00000010   Code   RO         1520    i.HAL_IncTick       stm32f1xx_hal.o
    0x08000a9c   0x08000a9c   0x00000024   Code   RO         1521    i.HAL_Init          stm32f1xx_hal.o
    0x08000ac0   0x08000ac0   0x00000040   Code   RO         1522    i.HAL_InitTick      stm32f1xx_hal.o
    0x08000b00   0x08000b00   0x0000003c   Code   RO          470    i.HAL_MspInit       stm32f1xx_hal_msp.o
    0x08000b3c   0x08000b3c   0x0000001a   Code   RO         1980    i.HAL_NVIC_EnableIRQ  stm32f1xx_hal_cortex.o
    0x08000b56   0x08000b56   0x00000002   PAD
    0x08000b58   0x08000b58   0x00000040   Code   RO         1986    i.HAL_NVIC_SetPriority  stm32f1xx_hal_cortex.o
    0x08000b98   0x08000b98   0x00000024   Code   RO         1987    i.HAL_NVIC_SetPriorityGrouping  stm32f1xx_hal_cortex.o
    0x08000bbc   0x08000bbc   0x0000012c   Code   RO         1678    i.HAL_RCC_ClockConfig  stm32f1xx_hal_rcc.o
    0x08000ce8   0x08000ce8   0x00000020   Code   RO         1685    i.HAL_RCC_GetPCLK1Freq  stm32f1xx_hal_rcc.o
    0x08000d08   0x08000d08   0x00000020   Code   RO         1686    i.HAL_RCC_GetPCLK2Freq  stm32f1xx_hal_rcc.o
    0x08000d28   0x08000d28   0x0000004c   Code   RO         1687    i.HAL_RCC_GetSysClockFreq  stm32f1xx_hal_rcc.o
    0x08000d74   0x08000d74   0x00000320   Code   RO         1690    i.HAL_RCC_OscConfig  stm32f1xx_hal_rcc.o
    0x08001094   0x08001094   0x00000028   Code   RO         1991    i.HAL_SYSTICK_Config  stm32f1xx_hal_cortex.o
    0x080010bc   0x080010bc   0x00000002   Code   RO         1236    i.HAL_TIMEx_BreakCallback  stm32f1xx_hal_tim_ex.o
    0x080010be   0x080010be   0x00000002   Code   RO         1237    i.HAL_TIMEx_CommutCallback  stm32f1xx_hal_tim_ex.o
    0x080010c0   0x080010c0   0x00000054   Code   RO         1239    i.HAL_TIMEx_ConfigBreakDeadTime  stm32f1xx_hal_tim_ex.o
    0x08001114   0x08001114   0x00000068   Code   RO         1255    i.HAL_TIMEx_MasterConfigSynchronization  stm32f1xx_hal_tim_ex.o
    0x0800117c   0x0800117c   0x0000005a   Code   RO          532    i.HAL_TIM_Base_Init  stm32f1xx_hal_tim.o
    0x080011d6   0x080011d6   0x00000002   PAD
    0x080011d8   0x080011d8   0x00000054   Code   RO          239    i.HAL_TIM_Base_MspInit  tim.o
    0x0800122c   0x0800122c   0x00000050   Code   RO          535    i.HAL_TIM_Base_Start  stm32f1xx_hal_tim.o
    0x0800127c   0x0800127c   0x000000dc   Code   RO          541    i.HAL_TIM_ConfigClockSource  stm32f1xx_hal_tim.o
    0x08001358   0x08001358   0x000000a4   Code   RO          553    i.HAL_TIM_Encoder_Init  stm32f1xx_hal_tim.o
    0x080013fc   0x080013fc   0x0000009c   Code   RO          241    i.HAL_TIM_Encoder_MspInit  tim.o
    0x08001498   0x08001498   0x0000008e   Code   RO          556    i.HAL_TIM_Encoder_Start  stm32f1xx_hal_tim.o
    0x08001526   0x08001526   0x00000002   Code   RO          566    i.HAL_TIM_IC_CaptureCallback  stm32f1xx_hal_tim.o
    0x08001528   0x08001528   0x00000130   Code   RO          580    i.HAL_TIM_IRQHandler  stm32f1xx_hal_tim.o
    0x08001658   0x08001658   0x0000004c   Code   RO          242    i.HAL_TIM_MspPostInit  tim.o
    0x080016a4   0x080016a4   0x00000002   Code   RO          583    i.HAL_TIM_OC_DelayElapsedCallback  stm32f1xx_hal_tim.o
    0x080016a6   0x080016a6   0x000000cc   Code   RO          604    i.HAL_TIM_PWM_ConfigChannel  stm32f1xx_hal_tim.o
    0x08001772   0x08001772   0x0000005a   Code   RO          607    i.HAL_TIM_PWM_Init  stm32f1xx_hal_tim.o
    0x080017cc   0x080017cc   0x00000002   Code   RO          609    i.HAL_TIM_PWM_MspInit  stm32f1xx_hal_tim.o
    0x080017ce   0x080017ce   0x00000002   Code   RO          610    i.HAL_TIM_PWM_PulseFinishedCallback  stm32f1xx_hal_tim.o
    0x080017d0   0x080017d0   0x0000009c   Code   RO          612    i.HAL_TIM_PWM_Start  stm32f1xx_hal_tim.o
    0x0800186c   0x0800186c   0x00000002   Code   RO          618    i.HAL_TIM_PeriodElapsedCallback  stm32f1xx_hal_tim.o
    0x0800186e   0x0800186e   0x00000002   Code   RO          623    i.HAL_TIM_TriggerCallback  stm32f1xx_hal_tim.o
    0x08001870   0x08001870   0x0000004a   Code   RO         2490    i.HAL_UARTEx_ReceiveToIdle_DMA  stm32f1xx_hal_uart.o
    0x080018ba   0x080018ba   0x00000002   PAD
    0x080018bc   0x080018bc   0x0000002c   Code   RO         3970    i.HAL_UARTEx_RxEventCallback  serial_dma.o
    0x080018e8   0x080018e8   0x00000002   Code   RO         2506    i.HAL_UART_ErrorCallback  stm32f1xx_hal_uart.o
    0x080018ea   0x080018ea   0x00000002   PAD
    0x080018ec   0x080018ec   0x0000026c   Code   RO         2509    i.HAL_UART_IRQHandler  stm32f1xx_hal_uart.o
    0x08001b58   0x08001b58   0x00000064   Code   RO         2510    i.HAL_UART_Init     stm32f1xx_hal_uart.o
    0x08001bbc   0x08001bbc   0x000000dc   Code   RO          317    i.HAL_UART_MspInit  usart.o
    0x08001c98   0x08001c98   0x00000002   Code   RO         2516    i.HAL_UART_RxCpltCallback  stm32f1xx_hal_uart.o
    0x08001c9a   0x08001c9a   0x00000002   Code   RO         2517    i.HAL_UART_RxHalfCpltCallback  stm32f1xx_hal_uart.o
    0x08001c9c   0x08001c9c   0x00000018   Code   RO         3972    i.HAL_UART_TxCpltCallback  serial_dma.o
    0x08001cb4   0x08001cb4   0x0000000c   Code   RO         3926    i.HC_SR04_Init      hc_sr04.o
    0x08001cc0   0x08001cc0   0x00000002   Code   RO          363    i.HardFault_Handler  stm32f1xx_it.o
    0x08001cc2   0x08001cc2   0x00000002   PAD
    0x08001cc4   0x08001cc4   0x00000040   Code   RO         4097    i.IIC_Ack           iic.o
    0x08001d04   0x08001d04   0x0000000c   Code   RO         4099    i.IIC_Delay         iic.o
    0x08001d10   0x08001d10   0x0000003c   Code   RO         4100    i.IIC_GPIO_Init     iic.o
    0x08001d4c   0x08001d4c   0x00000038   Code   RO         4101    i.IIC_NAck          iic.o
    0x08001d84   0x08001d84   0x00000058   Code   RO         4102    i.IIC_Read_Byte     iic.o
    0x08001ddc   0x08001ddc   0x0000005c   Code   RO         4103    i.IIC_Send_Byte     iic.o
    0x08001e38   0x08001e38   0x00000040   Code   RO         4104    i.IIC_Start         iic.o
    0x08001e78   0x08001e78   0x00000030   Code   RO         4105    i.IIC_Stop          iic.o
    0x08001ea8   0x08001ea8   0x00000048   Code   RO         4106    i.IIC_Wait_Ack      iic.o
    0x08001ef0   0x08001ef0   0x00000014   Code   RO         3148    i.MPU_DMP_Init      mpu6050.o
    0x08001f04   0x08001f04   0x00000076   Code   RO         3153    i.MPU_Init          mpu6050.o
    0x08001f7a   0x08001f7a   0x0000003a   Code   RO         3154    i.MPU_Read_Byte     mpu6050.o
    0x08001fb4   0x08001fb4   0x0000006c   Code   RO         3155    i.MPU_Read_Len      mpu6050.o
    0x08002020   0x08002020   0x0000000a   Code   RO         3156    i.MPU_Set_Accel_Fsr  mpu6050.o
    0x0800202a   0x0800202a   0x0000000a   Code   RO         3157    i.MPU_Set_Gyro_Fsr  mpu6050.o
    0x08002034   0x08002034   0x00000030   Code   RO         3158    i.MPU_Set_LPF       mpu6050.o
    0x08002064   0x08002064   0x0000002e   Code   RO         3159    i.MPU_Set_Rate      mpu6050.o
    0x08002092   0x08002092   0x0000003c   Code   RO         3160    i.MPU_Write_Byte    mpu6050.o
    0x080020ce   0x080020ce   0x00000052   Code   RO         3161    i.MPU_Write_Len     mpu6050.o
    0x08002120   0x08002120   0x0000003c   Code   RO          214    i.MX_DMA_Init       dma.o
    0x0800215c   0x0800215c   0x000000e8   Code   RO          190    i.MX_GPIO_Init      gpio.o
    0x08002244   0x08002244   0x000000d8   Code   RO          243    i.MX_TIM1_Init      tim.o
    0x0800231c   0x0800231c   0x0000006c   Code   RO          244    i.MX_TIM2_Init      tim.o
    0x08002388   0x08002388   0x00000068   Code   RO          245    i.MX_TIM3_Init      tim.o
    0x080023f0   0x080023f0   0x0000006c   Code   RO          246    i.MX_TIM4_Init      tim.o
    0x0800245c   0x0800245c   0x00000038   Code   RO          318    i.MX_USART3_UART_Init  usart.o
    0x08002494   0x08002494   0x00000002   Code   RO          364    i.MemManage_Handler  stm32f1xx_it.o
    0x08002496   0x08002496   0x00000002   PAD
    0x08002498   0x08002498   0x00000088   Code   RO         3848    i.Motor_SetPWM      motor.o
    0x08002520   0x08002520   0x00000002   Code   RO          365    i.NMI_Handler       stm32f1xx_it.o
    0x08002522   0x08002522   0x00000002   PAD
    0x08002524   0x08002524   0x00000028   Code   RO         2881    i.OLED_Clear        oled.o
    0x0800254c   0x0800254c   0x0000002a   Code   RO         2890    i.OLED_GPIO_Init    oled.o
    0x08002576   0x08002576   0x0000003a   Code   RO         2892    i.OLED_I2C_SendByte  oled.o
    0x080025b0   0x080025b0   0x0000001e   Code   RO         2893    i.OLED_I2C_Start    oled.o
    0x080025ce   0x080025ce   0x00000018   Code   RO         2894    i.OLED_I2C_Stop     oled.o
    0x080025e6   0x080025e6   0x0000009c   Code   RO         2895    i.OLED_Init         oled.o
    0x08002682   0x08002682   0x00000022   Code   RO         2901    i.OLED_SetCursor    oled.o
    0x080026a4   0x080026a4   0x00000028   Code   RO         2910    i.OLED_Update       oled.o
    0x080026cc   0x080026cc   0x00000010   Code   RO         2912    i.OLED_W_SCL        oled.o
    0x080026dc   0x080026dc   0x00000010   Code   RO         2913    i.OLED_W_SDA        oled.o
    0x080026ec   0x080026ec   0x00000022   Code   RO         2914    i.OLED_WriteCommand  oled.o
    0x0800270e   0x0800270e   0x00000030   Code   RO         2915    i.OLED_WriteData    oled.o
    0x0800273e   0x0800273e   0x00000002   PAD
    0x08002740   0x08002740   0x0000001c   Code   RO         3807    i.PWM_Init          pwm.o
    0x0800275c   0x0800275c   0x0000000c   Code   RO         3808    i.PWM_Set_Compare1  pwm.o
    0x08002768   0x08002768   0x0000000c   Code   RO         3809    i.PWM_Set_Compare2  pwm.o
    0x08002774   0x08002774   0x00000002   Code   RO          366    i.PendSV_Handler    stm32f1xx_it.o
    0x08002776   0x08002776   0x00000002   Code   RO          367    i.SVC_Handler       stm32f1xx_it.o
    0x08002778   0x08002778   0x00000004   Code   RO          368    i.SysTick_Handler   stm32f1xx_it.o
    0x0800277c   0x0800277c   0x0000005e   Code   RO           15    i.SystemClock_Config  main.o
    0x080027da   0x080027da   0x00000002   Code   RO         2844    i.SystemInit        system_stm32f1xx.o
    0x080027dc   0x080027dc   0x0000000c   Code   RO          369    i.TIM2_IRQHandler   stm32f1xx_it.o
    0x080027e8   0x080027e8   0x0000000c   Code   RO          370    i.TIM3_IRQHandler   stm32f1xx_it.o
    0x080027f4   0x080027f4   0x00000078   Code   RO          625    i.TIM_Base_SetConfig  stm32f1xx_hal_tim.o
    0x0800286c   0x0800286c   0x0000001a   Code   RO          626    i.TIM_CCxChannelCmd  stm32f1xx_hal_tim.o
    0x08002886   0x08002886   0x00000014   Code   RO          636    i.TIM_ETR_SetConfig  stm32f1xx_hal_tim.o
    0x0800289a   0x0800289a   0x00000010   Code   RO          637    i.TIM_ITRx_SetConfig  stm32f1xx_hal_tim.o
    0x080028aa   0x080028aa   0x00000002   PAD
    0x080028ac   0x080028ac   0x00000050   Code   RO          638    i.TIM_OC1_SetConfig  stm32f1xx_hal_tim.o
    0x080028fc   0x080028fc   0x00000058   Code   RO          639    i.TIM_OC2_SetConfig  stm32f1xx_hal_tim.o
    0x08002954   0x08002954   0x00000058   Code   RO          640    i.TIM_OC3_SetConfig  stm32f1xx_hal_tim.o
    0x080029ac   0x080029ac   0x00000044   Code   RO          641    i.TIM_OC4_SetConfig  stm32f1xx_hal_tim.o
    0x080029f0   0x080029f0   0x00000022   Code   RO          643    i.TIM_TI1_ConfigInputStage  stm32f1xx_hal_tim.o
    0x08002a12   0x08002a12   0x00000024   Code   RO          645    i.TIM_TI2_ConfigInputStage  stm32f1xx_hal_tim.o
    0x08002a36   0x08002a36   0x00000010   Code   RO         2523    i.UART_DMAAbortOnError  stm32f1xx_hal_uart.o
    0x08002a46   0x08002a46   0x0000004a   Code   RO         2524    i.UART_DMAError     stm32f1xx_hal_uart.o
    0x08002a90   0x08002a90   0x00000086   Code   RO         2525    i.UART_DMAReceiveCplt  stm32f1xx_hal_uart.o
    0x08002b16   0x08002b16   0x0000001e   Code   RO         2527    i.UART_DMARxHalfCplt  stm32f1xx_hal_uart.o
    0x08002b34   0x08002b34   0x0000004e   Code   RO         2533    i.UART_EndRxTransfer  stm32f1xx_hal_uart.o
    0x08002b82   0x08002b82   0x0000001c   Code   RO         2534    i.UART_EndTxTransfer  stm32f1xx_hal_uart.o
    0x08002b9e   0x08002b9e   0x000000c2   Code   RO         2535    i.UART_Receive_IT   stm32f1xx_hal_uart.o
    0x08002c60   0x08002c60   0x000000b8   Code   RO         2536    i.UART_SetConfig    stm32f1xx_hal_uart.o
    0x08002d18   0x08002d18   0x00000090   Code   RO         2537    i.UART_Start_Receive_DMA  stm32f1xx_hal_uart.o
    0x08002da8   0x08002da8   0x0000000c   Code   RO          371    i.USART3_IRQHandler  stm32f1xx_it.o
    0x08002db4   0x08002db4   0x00000002   Code   RO          372    i.UsageFault_Handler  stm32f1xx_it.o
    0x08002db6   0x08002db6   0x00000020   Code   RO         1993    i.__NVIC_SetPriority  stm32f1xx_hal_cortex.o
    0x08002dd6   0x08002dd6   0x00000002   PAD
    0x08002dd8   0x08002dd8   0x00000080   Code   RO         3261    i.accel_self_test   inv_mpu.o
    0x08002e58   0x08002e58   0x0000003a   Code   RO         3612    i.dmp_enable_6x_lp_quat  inv_mpu_dmp_motion_driver.o
    0x08002e92   0x08002e92   0x00000002   PAD
    0x08002e94   0x08002e94   0x000001d8   Code   RO         3613    i.dmp_enable_feature  inv_mpu_dmp_motion_driver.o
    0x0800306c   0x0800306c   0x0000003c   Code   RO         3614    i.dmp_enable_gyro_cal  inv_mpu_dmp_motion_driver.o
    0x080030a8   0x080030a8   0x0000003a   Code   RO         3615    i.dmp_enable_lp_quat  inv_mpu_dmp_motion_driver.o
    0x080030e2   0x080030e2   0x00000002   PAD
    0x080030e4   0x080030e4   0x00000014   Code   RO         3620    i.dmp_load_motion_driver_firmware  inv_mpu_dmp_motion_driver.o
    0x080030f8   0x080030f8   0x000000d8   Code   RO         3624    i.dmp_set_accel_bias  inv_mpu_dmp_motion_driver.o
    0x080031d0   0x080031d0   0x00000064   Code   RO         3625    i.dmp_set_fifo_rate  inv_mpu_dmp_motion_driver.o
    0x08003234   0x08003234   0x000000cc   Code   RO         3626    i.dmp_set_gyro_bias  inv_mpu_dmp_motion_driver.o
    0x08003300   0x08003300   0x0000010c   Code   RO         3628    i.dmp_set_orientation  inv_mpu_dmp_motion_driver.o
    0x0800340c   0x0800340c   0x00000030   Code   RO         3631    i.dmp_set_shake_reject_thresh  inv_mpu_dmp_motion_driver.o
    0x0800343c   0x0800343c   0x00000020   Code   RO         3632    i.dmp_set_shake_reject_time  inv_mpu_dmp_motion_driver.o
    0x0800345c   0x0800345c   0x00000020   Code   RO         3633    i.dmp_set_shake_reject_timeout  inv_mpu_dmp_motion_driver.o
    0x0800347c   0x0800347c   0x00000040   Code   RO         3634    i.dmp_set_tap_axes  inv_mpu_dmp_motion_driver.o
    0x080034bc   0x080034bc   0x00000022   Code   RO         3635    i.dmp_set_tap_count  inv_mpu_dmp_motion_driver.o
    0x080034de   0x080034de   0x00000002   PAD
    0x080034e0   0x080034e0   0x00000128   Code   RO         3636    i.dmp_set_tap_thresh  inv_mpu_dmp_motion_driver.o
    0x08003608   0x08003608   0x00000020   Code   RO         3637    i.dmp_set_tap_time  inv_mpu_dmp_motion_driver.o
    0x08003628   0x08003628   0x00000020   Code   RO         3638    i.dmp_set_tap_time_multi  inv_mpu_dmp_motion_driver.o
    0x08003648   0x08003648   0x000000ac   Code   RO         3262    i.get_accel_prod_shift  inv_mpu.o
    0x080036f4   0x080036f4   0x00000314   Code   RO         3263    i.get_st_biases     inv_mpu.o
    0x08003a08   0x08003a08   0x000000d4   Code   RO         3264    i.gyro_self_test    inv_mpu.o
    0x08003adc   0x08003adc   0x00000022   Code   RO         3265    i.inv_orientation_matrix_to_scalar  inv_mpu.o
    0x08003afe   0x08003afe   0x00000048   Code   RO         3266    i.inv_row_2_scale   inv_mpu.o
    0x08003b46   0x08003b46   0x00000032   Code   RO           16    i.main              main.o
    0x08003b78   0x08003b78   0x00000054   Code   RO         3268    i.mpu_configure_fifo  inv_mpu.o
    0x08003bcc   0x08003bcc   0x0000009c   Code   RO         3270    i.mpu_dmp_init      inv_mpu.o
    0x08003c68   0x08003c68   0x0000003c   Code   RO         3271    i.mpu_get_accel_fsr  inv_mpu.o
    0x08003ca4   0x08003ca4   0x00000044   Code   RO         3273    i.mpu_get_accel_sens  inv_mpu.o
    0x08003ce8   0x08003ce8   0x00000034   Code   RO         3279    i.mpu_get_gyro_fsr  inv_mpu.o
    0x08003d1c   0x08003d1c   0x00000040   Code   RO         3281    i.mpu_get_gyro_sens  inv_mpu.o
    0x08003d5c   0x08003d5c   0x00000038   Code   RO         3283    i.mpu_get_lpf       inv_mpu.o
    0x08003d94   0x08003d94   0x0000001c   Code   RO         3285    i.mpu_get_sample_rate  inv_mpu.o
    0x08003db0   0x08003db0   0x00000124   Code   RO         3287    i.mpu_init          inv_mpu.o
    0x08003ed4   0x08003ed4   0x000000a0   Code   RO         3288    i.mpu_load_firmware  inv_mpu.o
    0x08003f74   0x08003f74   0x000000b8   Code   RO         3289    i.mpu_lp_accel_mode  inv_mpu.o
    0x0800402c   0x0800402c   0x00000054   Code   RO         3293    i.mpu_read_mem      inv_mpu.o
    0x08004080   0x08004080   0x00000160   Code   RO         3296    i.mpu_reset_fifo    inv_mpu.o
    0x080041e0   0x080041e0   0x000000f0   Code   RO         3297    i.mpu_run_self_test  inv_mpu.o
    0x080042d0   0x080042d0   0x00000068   Code   RO         3299    i.mpu_set_accel_fsr  inv_mpu.o
    0x08004338   0x08004338   0x000000dc   Code   RO         3300    i.mpu_set_bypass    inv_mpu.o
    0x08004414   0x08004414   0x00000078   Code   RO         3302    i.mpu_set_dmp_state  inv_mpu.o
    0x0800448c   0x0800448c   0x0000006c   Code   RO         3303    i.mpu_set_gyro_fsr  inv_mpu.o
    0x080044f8   0x080044f8   0x00000064   Code   RO         3304    i.mpu_set_int_latched  inv_mpu.o
    0x0800455c   0x0800455c   0x0000006c   Code   RO         3306    i.mpu_set_lpf       inv_mpu.o
    0x080045c8   0x080045c8   0x00000080   Code   RO         3307    i.mpu_set_sample_rate  inv_mpu.o
    0x08004648   0x08004648   0x000000b8   Code   RO         3308    i.mpu_set_sensors   inv_mpu.o
    0x08004700   0x08004700   0x00000054   Code   RO         3309    i.mpu_write_mem     inv_mpu.o
    0x08004754   0x08004754   0x00000080   Code   RO         3310    i.run_self_test     inv_mpu.o
    0x080047d4   0x080047d4   0x00000058   Code   RO         3311    i.set_int_enable    inv_mpu.o
    0x0800482c   0x0800482c   0x000000c4   Code   RO         4234    x$fpl$fadd          fz_ws.l(faddsub_clz.o)
    0x080048f0   0x080048f0   0x0000000c   Code   RO         4392    x$fpl$fcheck1       fz_ws.l(fcheck1.o)
    0x080048fc   0x080048fc   0x00000184   Code   RO         4241    x$fpl$fdiv          fz_ws.l(fdiv.o)
    0x08004a80   0x08004a80   0x00000036   Code   RO         4244    x$fpl$ffix          fz_ws.l(ffix.o)
    0x08004ab6   0x08004ab6   0x00000002   PAD
    0x08004ab8   0x08004ab8   0x0000003e   Code   RO         4248    x$fpl$ffixu         fz_ws.l(ffixu.o)
    0x08004af6   0x08004af6   0x00000002   PAD
    0x08004af8   0x08004af8   0x00000030   Code   RO         4253    x$fpl$fflt          fz_ws.l(fflt_clz.o)
    0x08004b28   0x08004b28   0x00000026   Code   RO         4252    x$fpl$ffltu         fz_ws.l(fflt_clz.o)
    0x08004b4e   0x08004b4e   0x00000002   PAD
    0x08004b50   0x08004b50   0x00000102   Code   RO         4258    x$fpl$fmul          fz_ws.l(fmul.o)
    0x08004c52   0x08004c52   0x0000008c   Code   RO         4394    x$fpl$fnaninf       fz_ws.l(fnaninf.o)
    0x08004cde   0x08004cde   0x0000000a   Code   RO         4396    x$fpl$fretinf       fz_ws.l(fretinf.o)
    0x08004ce8   0x08004ce8   0x000000ea   Code   RO         4236    x$fpl$fsub          fz_ws.l(faddsub_clz.o)
    0x08004dd2   0x08004dd2   0x00000064   Code   RO         4492    x$fpl$retnan        fz_ws.l(retnan.o)
    0x08004e36   0x08004e36   0x0000004c   Code   RO         4260    x$fpl$scalbnf       fz_ws.l(scalbnf.o)
    0x08004e82   0x08004e82   0x00000030   Code   RO         4548    x$fpl$trapveneer    fz_ws.l(trapv.o)
    0x08004eb2   0x08004eb2   0x00000000   Code   RO         4408    x$fpl$usenofp       fz_ws.l(usenofp.o)
    0x08004eb2   0x08004eb2   0x00000012   Data   RO         1691    .constdata          stm32f1xx_hal_rcc.o
    0x08004ec4   0x08004ec4   0x00000010   Data   RO         2845    .constdata          system_stm32f1xx.o
    0x08004ed4   0x08004ed4   0x00000008   Data   RO         2846    .constdata          system_stm32f1xx.o
    0x08004edc   0x08004edc   0x0000001b   Data   RO         3313    .constdata          inv_mpu.o
    0x08004ef7   0x08004ef7   0x00000001   PAD
    0x08004ef8   0x08004ef8   0x0000000c   Data   RO         3314    .constdata          inv_mpu.o
    0x08004f04   0x08004f04   0x00000028   Data   RO         3315    .constdata          inv_mpu.o
    0x08004f2c   0x08004f2c   0x00000bf6   Data   RO         3640    .constdata          inv_mpu_dmp_motion_driver.o
    0x08005b22   0x08005b22   0x00000002   PAD
    0x08005b24   0x08005b24   0x00000020   Data   RO         4681    Region$$Table       anon$$obj.o


    Execution Region RW_IRAM1 (Exec base: 0x20000000, Load base: 0x08005b44, Size: 0x00000fc0, Max: 0x00005000, ABSOLUTE)

    Exec Addr    Load Addr    Size         Type   Attr      Idx    E Section Name        Object

    0x20000000   0x08005b44   0x0000000c   Data   RW         1528    .data               stm32f1xx_hal.o
    0x2000000c   0x08005b50   0x00000004   Data   RW         2847    .data               system_stm32f1xx.o
    0x20000010   0x08005b54   0x00000035   Data   RW         3316    .data               inv_mpu.o
    0x20000045   0x08005b89   0x00000003   PAD
    0x20000048   0x08005b8c   0x00000010   Data   RW         3927    .data               hc_sr04.o
    0x20000058   0x08005b9c   0x00000006   Data   RW         3981    .data               serial_dma.o
    0x2000005e   0x08005ba2   0x00000002   PAD
    0x20000060        -       0x00000120   Zero   RW          247    .bss                tim.o
    0x20000180        -       0x000000d0   Zero   RW          319    .bss                usart.o
    0x20000250        -       0x00000400   Zero   RW         2917    .bss                oled.o
    0x20000650        -       0x00000010   Zero   RW         3639    .bss                inv_mpu_dmp_motion_driver.o
    0x20000660        -       0x00000300   Zero   RW         3980    .bss                serial_dma.o
    0x20000960        -       0x00000060   Zero   RW         4495    .bss                c_w.l(libspace.o)
    0x200009c0        -       0x00000200   Zero   RW            2    HEAP                startup_stm32f103xb.o
    0x20000bc0        -       0x00000400   Zero   RW            1    STACK               startup_stm32f103xb.o


==============================================================================

Image component sizes


      Code (inc. data)   RO Data    RW Data    ZI Data      Debug   Object Name

        60          4          0          0          0        714   dma.o
        32         10          0          0          0        459   encoder.o
       232         16          0          0          0        947   gpio.o
        92         20          0         16          0       1315   hc_sr04.o
       556         46          0          0          0       5295   iic.o
      4658        202         79         53          0      27540   inv_mpu.o
      2026        114       3062          0         16      17942   inv_mpu_dmp_motion_driver.o
       174          0          0          0          0     427873   main.o
       136          6          0          0          0        623   motor.o
       560          0          0          0          0       7564   mpu6050.o
       538         20          0          0       1024       7460   oled.o
        52         14          0          0          0       1329   pwm.o
        68         22          0          6        768       2594   serial_dma.o
        64         26        236          0       1536        784   startup_stm32f103xb.o
       164         28          0         12          0       5697   stm32f1xx_hal.o
       198         14          0          0          0      28635   stm32f1xx_hal_cortex.o
       808         36          0          0          0       4810   stm32f1xx_hal_dma.o
       524         40          0          0          0       3982   stm32f1xx_hal_gpio.o
        60          8          0          0          0        822   stm32f1xx_hal_msp.o
      1240         84         18          0          0       4968   stm32f1xx_hal_rcc.o
      2038         58          0          0          0      17910   stm32f1xx_hal_tim.o
       192         12          0          0          0       3069   stm32f1xx_hal_tim_ex.o
      1682         24          0          0          0      11207   stm32f1xx_hal_uart.o
        86         30          0          0          0       6123   stm32f1xx_it.o
         2          0         24          4          0       1043   system_stm32f1xx.o
       852         74          0          0        288       4853   tim.o
       276         30          0          0        208       1784   usart.o

    ----------------------------------------------------------------------
     17402        938       3454         96       3840     597342   Object Totals
         0          0         32          0          0          0   (incl. Generated)
        32          0          3          5          0          0   (incl. Padding)

    ----------------------------------------------------------------------

      Code (inc. data)   RO Data    RW Data    ZI Data      Debug   Library Member Name

         8          0          0          0          0         68   __main.o
         0          0          0          0          0          0   __rtentry.o
        12          0          0          0          0          0   __rtentry2.o
         6          0          0          0          0          0   __rtentry4.o
        52          8          0          0          0          0   __scatter.o
        26          0          0          0          0          0   __scatter_copy.o
        28          0          0          0          0          0   __scatter_zi.o
        16          0          0          0          0         68   aeabi_memset.o
        18          0          0          0          0         80   exit.o
         6          0          0          0          0        152   heapauxi.o
         0          0          0          0          0          0   indicate_semi.o
         2          0          0          0          0          0   libinit.o
         2          0          0          0          0          0   libinit2.o
         2          0          0          0          0          0   libshutdown.o
         2          0          0          0          0          0   libshutdown2.o
         8          4          0          0         96         68   libspace.o
        72          0          0          0          0         76   llsdiv.o
       238          0          0          0          0        100   lludivv7m.o
        88          0          0          0          0         76   memcmp.o
        68          0          0          0          0         68   rt_memclr.o
        78          0          0          0          0         80   rt_memclr_w.o
         2          0          0          0          0          0   rtexit.o
        10          0          0          0          0          0   rtexit2.o
        12          4          0          0          0         68   sys_exit.o
        74          0          0          0          0         80   sys_stackheap_outer.o
         2          0          0          0          0         68   use_no_semi.o
       430          8          0          0          0        168   faddsub_clz.o
        12          4          0          0          0         68   fcheck1.o
       388         76          0          0          0         96   fdiv.o
        54          4          0          0          0         84   ffix.o
        62          4          0          0          0         84   ffixu.o
        86          0          0          0          0        136   fflt_clz.o
       258          4          0          0          0         84   fmul.o
       140          4          0          0          0         84   fnaninf.o
        10          0          0          0          0         68   fretinf.o
       100          0          0          0          0         68   retnan.o
        76          0          0          0          0         68   scalbnf.o
        48          0          0          0          0         68   trapv.o
         0          0          0          0          0          0   usenofp.o

    ----------------------------------------------------------------------
      2508        120          0          0         96       2128   Library Totals
        12          0          0          0          0          0   (incl. Padding)

    ----------------------------------------------------------------------

      Code (inc. data)   RO Data    RW Data    ZI Data      Debug   Library Name

       832         16          0          0         96       1052   c_w.l
      1664        104          0          0          0       1076   fz_ws.l

    ----------------------------------------------------------------------
      2508        120          0          0         96       2128   Library Totals

    ----------------------------------------------------------------------

==============================================================================


      Code (inc. data)   RO Data    RW Data    ZI Data      Debug   

     19910       1058       3454         96       3936     588702   Grand Totals
     19910       1058       3454         96       3936     588702   ELF Image Totals
     19910       1058       3454         96          0          0   ROM Totals

==============================================================================

    Total RO  Size (Code + RO Data)                23364 (  22.82kB)
    Total RW  Size (RW Data + ZI Data)              4032 (   3.94kB)
    Total ROM Size (Code + RO Data + RW Data)      23460 (  22.91kB)

==============================================================================

